../Core/Src/ble.c:42:6:process_BLE_command	16	static
../Core/Src/ble.c:100:6:access_request_wait_notif	8	static
../Core/Src/ble.c:104:6:access_denied	8	static
../Core/Src/ble.c:109:6:enter_pin_change_mode	8	static
../Core/Src/ble.c:121:6:process_pin_change	8	static
../Core/Src/ble.c:136:6:retrieve_ble_command	8	static
../Core/Src/ble.c:144:6:retrieve_current_pin	8	static
../Core/Src/ble.c:155:6:access_request_attemps_check	8	static
../Core/Src/ble.c:162:6:pin_change_attempts_check	8	static
../Core/Src/ble.c:171:6:receive_BLE_command	8	static
../Core/Src/ble.c:175:6:lock_door	8	static
../Core/Src/ble.c:184:6:unlock_door	8	static
../Core/Src/ble.c:196:6:clear_rx_buf	16	static
../Core/Src/ble.c:202:6:serial_print	16	static
../Core/Src/ble.c:208:6:update_pin	16	static
