../Core/Src/ble.c:42:6:process_BLE_command	16	static
../Core/Src/ble.c:104:6:access_request_wait_notif	8	static
../Core/Src/ble.c:108:6:access_denied	8	static
../Core/Src/ble.c:113:6:enter_pin_change_mode	8	static
../Core/Src/ble.c:125:6:process_pin_change	8	static
../Core/Src/ble.c:140:6:retrieve_ble_command	8	static
../Core/Src/ble.c:148:6:retrieve_current_pin	8	static
../Core/Src/ble.c:159:6:access_request_attemps_check	8	static
../Core/Src/ble.c:166:6:pin_change_attempts_check	8	static
../Core/Src/ble.c:175:6:receive_BLE_command	8	static
../Core/Src/ble.c:179:6:lock_door	8	static
../Core/Src/ble.c:188:6:unlock_door	8	static
../Core/Src/ble.c:200:6:clear_rx_buf	16	static
../Core/Src/ble.c:206:6:serial_print	16	static
../Core/Src/ble.c:212:6:update_pin	16	static
