../Core/Src/main.c:120:5:main	8	static
../Core/Src/main.c:232:6:SystemClock_Config	104	static
../Core/Src/main.c:276:13:MX_I2C1_Init	8	static
../Core/Src/main.c:321:13:MX_TIM16_Init	8	static
../Core/Src/main.c:351:13:MX_USART1_UART_Init	8	static
../Core/Src/main.c:384:13:MX_USART2_UART_Init	8	static
../Core/Src/main.c:415:13:MX_DMA_Init	16	static
../Core/Src/main.c:432:13:MX_GPIO_Init	56	static
../Core/Src/main.c:464:6:lock_door	8	static
../Core/Src/main.c:472:6:pin_reset_timeout	8	static
../Core/Src/main.c:485:6:HAL_UART_RxCpltCallback	16	static
../Core/Src/main.c:493:6:StartBLE_TaskTask	16	static
../Core/Src/main.c:515:6:StartDisplay_TaskTask	16	static
../Core/Src/main.c:536:6:StartTempSensor_TaskTask	16	static
../Core/Src/main.c:556:6:StartMain_TaskTask	16	static
../Core/Src/main.c:585:6:Error_Handler	8	static,ignoring_inline_asm
