../Core/Src/main.c:132:5:main	8	static
../Core/Src/main.c:250:6:SystemClock_Config	104	static
../Core/Src/main.c:294:13:MX_I2C1_Init	8	static
../Core/Src/main.c:339:13:MX_SPI1_Init	8	static
../Core/Src/main.c:377:13:MX_TIM16_Init	8	static
../Core/Src/main.c:407:13:MX_USART1_UART_Init	8	static
../Core/Src/main.c:440:13:MX_USART2_UART_Init	8	static
../Core/Src/main.c:471:13:MX_DMA_Init	16	static
../Core/Src/main.c:488:13:MX_GPIO_Init	56	static
../Core/Src/main.c:540:6:lock_door	8	static
../Core/Src/main.c:548:6:pin_reset_timeout	8	static
../Core/Src/main.c:561:6:HAL_UART_RxCpltCallback	16	static
../Core/Src/main.c:577:6:StartBLE_Task	16	static
../Core/Src/main.c:601:6:StartDisplay_Task	16	static
../Core/Src/main.c:622:6:StartTempSensor_Task	16	static
../Core/Src/main.c:644:6:StartMain_Task	16	static
../Core/Src/main.c:676:6:StartRFID_Task	16	static
../Core/Src/main.c:702:6:Error_Handler	8	static,ignoring_inline_asm
