../Core/Src/main.c:138:5:main	8	static
../Core/Src/main.c:284:6:SystemClock_Config	104	static
../Core/Src/main.c:328:13:MX_I2C1_Init	8	static
../Core/Src/main.c:373:13:MX_SPI1_Init	8	static
../Core/Src/main.c:411:13:MX_TIM16_Init	8	static
../Core/Src/main.c:441:13:MX_USART1_UART_Init	8	static
../Core/Src/main.c:474:13:MX_USART2_UART_Init	8	static
../Core/Src/main.c:505:13:MX_DMA_Init	16	static
../Core/Src/main.c:525:13:MX_GPIO_Init	56	static
../Core/Src/main.c:577:6:check_access_request_attempts	8	static
../Core/Src/main.c:585:6:pin_access_request_attempts	8	static
../Core/Src/main.c:595:6:pin_reset_timeout	8	static
../Core/Src/main.c:608:6:new_card_timeout	8	static
../Core/Src/main.c:622:6:HAL_UART_RxCpltCallback	16	static
../Core/Src/main.c:638:6:StartBLE_Task	16	static
../Core/Src/main.c:662:6:StartDisplay_Task	16	static
../Core/Src/main.c:683:6:StartTempSensor_Task	16	static
../Core/Src/main.c:707:6:StartMain_Task	16	static
../Core/Src/main.c:728:6:StartRFID_Task	16	static
../Core/Src/main.c:747:6:Error_Handler	8	static,ignoring_inline_asm
