../Core/Src/main.c:128:5:main	8	static
../Core/Src/main.c:246:6:SystemClock_Config	104	static
../Core/Src/main.c:290:13:MX_I2C1_Init	8	static
../Core/Src/main.c:335:13:MX_SPI1_Init	8	static
../Core/Src/main.c:373:13:MX_TIM16_Init	8	static
../Core/Src/main.c:403:13:MX_USART1_UART_Init	8	static
../Core/Src/main.c:436:13:MX_USART2_UART_Init	8	static
../Core/Src/main.c:467:13:MX_DMA_Init	16	static
../Core/Src/main.c:484:13:MX_GPIO_Init	56	static
../Core/Src/main.c:536:6:pin_reset_timeout	8	static
../Core/Src/main.c:549:6:HAL_UART_RxCpltCallback	16	static
../Core/Src/main.c:565:6:StartBLE_Task	16	static
../Core/Src/main.c:589:6:StartDisplay_Task	16	static
../Core/Src/main.c:610:6:StartTempSensor_Task	16	static
../Core/Src/main.c:632:6:StartMain_Task	16	static
../Core/Src/main.c:664:6:StartRFID_Task	16	static
../Core/Src/main.c:681:6:Error_Handler	8	static,ignoring_inline_asm
