../Core/Src/RC522_RFID.c:16:9:RC522_SPI_Transfer	40	static
../Core/Src/RC522_RFID.c:30:6:Write_MFRC522	16	static
../Core/Src/RC522_RFID.c:54:7:Read_MFRC522	32	static
../Core/Src/RC522_RFID.c:83:6:SetBitMask	32	static
../Core/Src/RC522_RFID.c:96:6:ClearBitMask	32	static
../Core/Src/RC522_RFID.c:109:6:AntennaOn	8	static
../Core/Src/RC522_RFID.c:122:6:AntennaOff	8	static
../Core/Src/RC522_RFID.c:133:6:MFRC522_Reset	8	static
../Core/Src/RC522_RFID.c:144:6:MFRC522_Init	8	static
../Core/Src/RC522_RFID.c:172:7:MFRC522_ToCard	48	static
../Core/Src/RC522_RFID.c:295:7:MFRC522_Request	40	static
../Core/Src/RC522_RFID.c:319:7:MFRC522_Anticoll	40	static
../Core/Src/RC522_RFID.c:354:6:CalulateCRC	40	static
../Core/Src/RC522_RFID.c:388:7:MFRC522_SelectTag	64	static
../Core/Src/RC522_RFID.c:430:7:MFRC522_Auth	64	static
../Core/Src/RC522_RFID.c:464:7:MFRC522_Read	40	static
../Core/Src/RC522_RFID.c:488:7:MFRC522_Write	72	static
../Core/Src/RC522_RFID.c:529:6:MFRC522_Halt	24	static
