../Core/Src/ssd1306.c:8:6:ssd1306_Reset	8	static
../Core/Src/ssd1306.c:13:6:ssd1306_WriteCommand	32	static
../Core/Src/ssd1306.c:18:6:ssd1306_WriteData	32	static
../Core/Src/ssd1306.c:63:17:ssd1306_FillBuffer	32	static
../Core/Src/ssd1306.c:73:6:ssd1306_Init	8	static
../Core/Src/ssd1306.c:176:6:ssd1306_Fill	16	static
../Core/Src/ssd1306.c:181:6:ssd1306_UpdateScreen	16	static
../Core/Src/ssd1306.c:202:6:ssd1306_DrawPixel	24	static
../Core/Src/ssd1306.c:222:6:ssd1306_WriteChar	48	static
../Core/Src/ssd1306.c:259:6:ssd1306_WriteString	32	static
../Core/Src/ssd1306.c:273:6:ssd1306_SetCursor	16	static
../Core/Src/ssd1306.c:279:6:ssd1306_Line	48	static
../Core/Src/ssd1306.c:306:6:ssd1306_DrawCircle	40	static
../Core/Src/ssd1306.c:341:6:ssd1306_FillCircle	48	static
../Core/Src/ssd1306.c:377:6:ssd1306_DrawRectangle	32	static
../Core/Src/ssd1306.c:387:6:ssd1306_FillRectangle	32	static
../Core/Src/ssd1306.c:401:17:ssd1306_InvertRectangle	40	static
../Core/Src/ssd1306.c:431:6:ssd1306_SetContrast	24	static
../Core/Src/ssd1306.c:437:6:ssd1306_SetDisplayOn	24	static
../Core/Src/ssd1306.c:449:9:ssd1306_GetDisplayOn	8	static
