Archive member included to satisfy reference by file (symbol)

c:/st/stm32cubeide_1.12.1/stm32cubeide/plugins/com.st.stm32cube.ide.mcu.externaltools.gnu-tools-for-stm32.10.3-2021.10.win32_1.0.200.202301161003/tools/bin/../lib/gcc/arm-none-eabi/10.3.1/../../../../arm-none-eabi/lib/thumb/v6-m/nofp\libc_nano.a(lib_a-errno.o)
                              ./Core/Src/syscalls.o (__errno)
c:/st/stm32cubeide_1.12.1/stm32cubeide/plugins/com.st.stm32cube.ide.mcu.externaltools.gnu-tools-for-stm32.10.3-2021.10.win32_1.0.200.202301161003/tools/bin/../lib/gcc/arm-none-eabi/10.3.1/../../../../arm-none-eabi/lib/thumb/v6-m/nofp\libc_nano.a(lib_a-exit.o)
                              c:/st/stm32cubeide_1.12.1/stm32cubeide/plugins/com.st.stm32cube.ide.mcu.externaltools.gnu-tools-for-stm32.10.3-2021.10.win32_1.0.200.202301161003/tools/bin/../lib/gcc/arm-none-eabi/10.3.1/../../../../arm-none-eabi/lib/thumb/v6-m/nofp/crt0.o (exit)
c:/st/stm32cubeide_1.12.1/stm32cubeide/plugins/com.st.stm32cube.ide.mcu.externaltools.gnu-tools-for-stm32.10.3-2021.10.win32_1.0.200.202301161003/tools/bin/../lib/gcc/arm-none-eabi/10.3.1/../../../../arm-none-eabi/lib/thumb/v6-m/nofp\libc_nano.a(lib_a-impure.o)
                              c:/st/stm32cubeide_1.12.1/stm32cubeide/plugins/com.st.stm32cube.ide.mcu.externaltools.gnu-tools-for-stm32.10.3-2021.10.win32_1.0.200.202301161003/tools/bin/../lib/gcc/arm-none-eabi/10.3.1/../../../../arm-none-eabi/lib/thumb/v6-m/nofp\libc_nano.a(lib_a-exit.o) (_global_impure_ptr)
c:/st/stm32cubeide_1.12.1/stm32cubeide/plugins/com.st.stm32cube.ide.mcu.externaltools.gnu-tools-for-stm32.10.3-2021.10.win32_1.0.200.202301161003/tools/bin/../lib/gcc/arm-none-eabi/10.3.1/../../../../arm-none-eabi/lib/thumb/v6-m/nofp\libc_nano.a(lib_a-init.o)
                              c:/st/stm32cubeide_1.12.1/stm32cubeide/plugins/com.st.stm32cube.ide.mcu.externaltools.gnu-tools-for-stm32.10.3-2021.10.win32_1.0.200.202301161003/tools/bin/../lib/gcc/arm-none-eabi/10.3.1/../../../../arm-none-eabi/lib/thumb/v6-m/nofp/crt0.o (__libc_init_array)
c:/st/stm32cubeide_1.12.1/stm32cubeide/plugins/com.st.stm32cube.ide.mcu.externaltools.gnu-tools-for-stm32.10.3-2021.10.win32_1.0.200.202301161003/tools/bin/../lib/gcc/arm-none-eabi/10.3.1/../../../../arm-none-eabi/lib/thumb/v6-m/nofp\libc_nano.a(lib_a-memcpy-stub.o)
                              ./Core/Src/main.o (memcpy)
c:/st/stm32cubeide_1.12.1/stm32cubeide/plugins/com.st.stm32cube.ide.mcu.externaltools.gnu-tools-for-stm32.10.3-2021.10.win32_1.0.200.202301161003/tools/bin/../lib/gcc/arm-none-eabi/10.3.1/../../../../arm-none-eabi/lib/thumb/v6-m/nofp\libc_nano.a(lib_a-memset.o)
                              c:/st/stm32cubeide_1.12.1/stm32cubeide/plugins/com.st.stm32cube.ide.mcu.externaltools.gnu-tools-for-stm32.10.3-2021.10.win32_1.0.200.202301161003/tools/bin/../lib/gcc/arm-none-eabi/10.3.1/../../../../arm-none-eabi/lib/thumb/v6-m/nofp/crt0.o (memset)
c:/st/stm32cubeide_1.12.1/stm32cubeide/plugins/com.st.stm32cube.ide.mcu.externaltools.gnu-tools-for-stm32.10.3-2021.10.win32_1.0.200.202301161003/tools/bin/../lib/gcc/arm-none-eabi/10.3.1/../../../../arm-none-eabi/lib/thumb/v6-m/nofp\libc_nano.a(lib_a-snprintf.o)
                              ./Core/Src/ssd1306_service.o (snprintf)
c:/st/stm32cubeide_1.12.1/stm32cubeide/plugins/com.st.stm32cube.ide.mcu.externaltools.gnu-tools-for-stm32.10.3-2021.10.win32_1.0.200.202301161003/tools/bin/../lib/gcc/arm-none-eabi/10.3.1/../../../../arm-none-eabi/lib/thumb/v6-m/nofp\libc_nano.a(lib_a-sprintf.o)
                              ./Core/Src/ble.o (sprintf)
c:/st/stm32cubeide_1.12.1/stm32cubeide/plugins/com.st.stm32cube.ide.mcu.externaltools.gnu-tools-for-stm32.10.3-2021.10.win32_1.0.200.202301161003/tools/bin/../lib/gcc/arm-none-eabi/10.3.1/../../../../arm-none-eabi/lib/thumb/v6-m/nofp\libc_nano.a(lib_a-strlen.o)
                              ./Core/Src/ble.o (strlen)
c:/st/stm32cubeide_1.12.1/stm32cubeide/plugins/com.st.stm32cube.ide.mcu.externaltools.gnu-tools-for-stm32.10.3-2021.10.win32_1.0.200.202301161003/tools/bin/../lib/gcc/arm-none-eabi/10.3.1/../../../../arm-none-eabi/lib/thumb/v6-m/nofp\libc_nano.a(lib_a-nano-svfprintf.o)
                              c:/st/stm32cubeide_1.12.1/stm32cubeide/plugins/com.st.stm32cube.ide.mcu.externaltools.gnu-tools-for-stm32.10.3-2021.10.win32_1.0.200.202301161003/tools/bin/../lib/gcc/arm-none-eabi/10.3.1/../../../../arm-none-eabi/lib/thumb/v6-m/nofp\libc_nano.a(lib_a-snprintf.o) (_svfprintf_r)
c:/st/stm32cubeide_1.12.1/stm32cubeide/plugins/com.st.stm32cube.ide.mcu.externaltools.gnu-tools-for-stm32.10.3-2021.10.win32_1.0.200.202301161003/tools/bin/../lib/gcc/arm-none-eabi/10.3.1/../../../../arm-none-eabi/lib/thumb/v6-m/nofp\libc_nano.a(lib_a-nano-vfprintf_i.o)
[...]
Memory Configuration

Name             Origin             Length             Attributes
RAM              0x0000000020000000 0x0000000000004000 xrw
FLASH            0x0000000008000000 0x0000000000020000 xr
*default*        0x0000000000000000 0xffffffffffffffff

Linker script and memory map

LOAD c:/st/stm32cubeide_1.12.1/stm32cubeide/plugins/com.st.stm32cube.ide.mcu.externaltools.gnu-tools-for-stm32.10.3-2021.10.win32_1.0.200.202301161003/tools/bin/../lib/gcc/arm-none-eabi/10.3.1/thumb/v6-m/nofp/crti.o
LOAD c:/st/stm32cubeide_1.12.1/stm32cubeide/plugins/com.st.stm32cube.ide.mcu.externaltools.gnu-tools-for-stm32.10.3-2021.10.win32_1.0.200.202301161003/tools/bin/../lib/gcc/arm-none-eabi/10.3.1/thumb/v6-m/nofp/crtbegin.o
LOAD c:/st/stm32cubeide_1.12.1/stm32cubeide/plugins/com.st.stm32cube.ide.mcu.externaltools.gnu-tools-for-stm32.10.3-2021.10.win32_1.0.200.202301161003/tools/bin/../lib/gcc/arm-none-eabi/10.3.1/../../../../arm-none-eabi/lib/thumb/v6-m/nofp/crt0.o
LOAD ./Core/Src/RC522_RFID.o
LOAD ./Core/Src/ble.o
LOAD ./Core/Src/eeprom.o
LOAD ./Core/Src/freertos.o
LOAD ./Core/Src/main.o
LOAD ./Core/Src/ssd1306.o
LOAD ./Core/Src/ssd1306_fonts.o
LOAD ./Core/Src/ssd1306_service.o
LOAD ./Core/Src/stm32f0xx_hal_msp.o
LOAD ./Core/Src/stm32f0xx_it.o
LOAD ./Core/Src/syscalls.o
LOAD ./Core/Src/sysmem.o
LOAD ./Core/Src/system_stm32f0xx.o
LOAD ./Core/Src/temp_sensor.o
LOAD ./Core/Startup/startup_stm32f070rbtx.o
LOAD ./Drivers/STM32F0xx_HAL_Driver/Src/stm32f0xx_hal.o
LOAD ./Drivers/STM32F0xx_HAL_Driver/Src/stm32f0xx_hal_cortex.o
LOAD ./Drivers/STM32F0xx_HAL_Driver/Src/stm32f0xx_hal_dma.o
LOAD ./Drivers/STM32F0xx_HAL_Driver/Src/stm32f0xx_hal_exti.o
LOAD ./Drivers/STM32F0xx_HAL_Driver/Src/stm32f0xx_hal_flash.o
LOAD ./Drivers/STM32F0xx_HAL_Driver/Src/stm32f0xx_hal_flash_ex.o
LOAD ./Drivers/STM32F0xx_HAL_Driver/Src/stm32f0xx_hal_gpio.o
LOAD ./Drivers/STM32F0xx_HAL_Driver/Src/stm32f0xx_hal_i2c.o
LOAD ./Drivers/STM32F0xx_HAL_Driver/Src/stm32f0xx_hal_i2c_ex.o
LOAD ./Drivers/STM32F0xx_HAL_Driver/Src/stm32f0xx_hal_pwr.o
LOAD ./Drivers/STM32F0xx_HAL_Driver/Src/stm32f0xx_hal_pwr_ex.o
LOAD ./Drivers/STM32F0xx_HAL_Driver/Src/stm32f0xx_hal_rcc.o
LOAD ./Drivers/STM32F0xx_HAL_Driver/Src/stm32f0xx_hal_rcc_ex.o
LOAD ./Drivers/STM32F0xx_HAL_Driver/Src/stm32f0xx_hal_spi.o
LOAD ./Drivers/STM32F0xx_HAL_Driver/Src/stm32f0xx_hal_spi_ex.o
LOAD ./Drivers/STM32F0xx_HAL_Driver/Src/stm32f0xx_hal_tim.o
LOAD ./Drivers/STM32F0xx_HAL_Driver/Src/stm32f0xx_hal_tim_ex.o
LOAD ./Drivers/STM32F0xx_HAL_Driver/Src/stm32f0xx_hal_uart.o
LOAD ./Drivers/STM32F0xx_HAL_Driver/Src/stm32f0xx_hal_uart_ex.o
LOAD ./Middlewares/Third_Party/FreeRTOS/Source/CMSIS_RTOS_V2/cmsis_os2.o
LOAD ./Middlewares/Third_Party/FreeRTOS/Source/croutine.o
LOAD ./Middlewares/Third_Party/FreeRTOS/Source/event_groups.o
LOAD ./Middlewares/Third_Party/FreeRTOS/Source/list.o
LOAD ./Middlewares/Third_Party/FreeRTOS/Source/queue.o
LOAD ./Middlewares/Third_Party/FreeRTOS/Source/stream_buffer.o
LOAD ./Middlewares/Third_Party/FreeRTOS/Source/tasks.o
LOAD ./Middlewares/Third_Party/FreeRTOS/Source/timers.o
LOAD ./Middlewares/Third_Party/FreeRTOS/Source/portable/GCC/ARM_CM0/port.o
LOAD ./Middlewares/Third_Party/FreeRTOS/Source/portable/MemMang/heap_4.o
START GROUP
LOAD c:/st/stm32cubeide_1.12.1/stm32cubeide/plugins/com.st.stm32cube.ide.mcu.externaltools.gnu-tools-for-stm32.10.3-2021.10.win32_1.0.200.202301161003/tools/bin/../lib/gcc/arm-none-eabi/10.3.1/../../../../arm-none-eabi/lib/thumb/v6-m/nofp\libc_nano.a
LOAD c:/st/stm32cubeide_1.12.1/stm32cubeide/plugins/com.st.stm32cube.ide.mcu.externaltools.gnu-tools-for-stm32.10.3-2021.10.win32_1.0.200.202301161003/tools/bin/../lib/gcc/arm-none-eabi/10.3.1/../../../../arm-none-eabi/lib/thumb/v6-m/nofp\libm.a
END GROUP
START GROUP
LOAD c:/st/stm32cubeide_1.12.1/stm32cubeide/plugins/com.st.stm32cube.ide.mcu.externaltools.gnu-tools-for-stm32.10.3-2021.10.win32_1.0.200.202301161003/tools/bin/../lib/gcc/arm-none-eabi/10.3.1/thumb/v6-m/nofp\libgcc.a
LOAD c:/st/stm32cubeide_1.12.1/stm32cubeide/plugins/com.st.stm32cube.ide.mcu.externaltools.gnu-tools-for-stm32.10.3-2021.10.win32_1.0.200.202301161003/tools/bin/../lib/gcc/arm-none-eabi/10.3.1/../../../../arm-none-eabi/lib/thumb/v6-m/nofp\libc_nano.a
END GROUP
START GROUP
LOAD c:/st/stm32cubeide_1.12.1/stm32cubeide/plugins/com.st.stm32cube.ide.mcu.externaltools.gnu-tools-for-stm32.10.3-2021.10.win32_1.0.200.202301161003/tools/bin/../lib/gcc/arm-none-eabi/10.3.1/thumb/v6-m/nofp\libgcc.a
LOAD c:/st/stm32cubeide_1.12.1/stm32cubeide/plugins/com.st.stm32cube.ide.mcu.externaltools.gnu-tools-for-stm32.10.3-2021.10.win32_1.0.200.202301161003/tools/bin/../lib/gcc/arm-none-eabi/10.3.1/../../../../arm-none-eabi/lib/thumb/v6-m/nofp\libc_nano.a
LOAD c:/st/stm32cubeide_1.12.1/stm32cubeide/plugins/com.st.stm32cube.ide.mcu.externaltools.gnu-tools-for-stm32.10.3-2021.10.win32_1.0.200.202301161003/tools/bin/../lib/gcc/arm-none-eabi/10.3.1/../../../../arm-none-eabi/lib/thumb/v6-m/nofp\libnosys.a
END GROUP
START GROUP
LOAD c:/st/stm32cubeide_1.12.1/stm32cubeide/plugins/com.st.stm32cube.ide.mcu.externaltools.gnu-tools-for-stm32.10.3-2021.10.win32_1.0.200.202301161003/tools/bin/../lib/gcc/arm-none-eabi/10.3.1/thumb/v6-m/nofp\libgcc.a
LOAD c:/st/stm32cubeide_1.12.1/stm32cubeide/plugins/com.st.stm32cube.ide.mcu.externaltools.gnu-tools-for-stm32.10.3-2021.10.win32_1.0.200.202301161003/tools/bin/../lib/gcc/arm-none-eabi/10.3.1/../../../../arm-none-eabi/lib/thumb/v6-m/nofp\libc_nano.a
LOAD c:/st/stm32cubeide_1.12.1/stm32cubeide/plugins/com.st.stm32cube.ide.mcu.externaltools.gnu-tools-for-stm32.10.3-2021.10.win32_1.0.200.202301161003/tools/bin/../lib/gcc/arm-none-eabi/10.3.1/../../../../arm-none-eabi/lib/thumb/v6-m/nofp\libnosys.a
END GROUP
LOAD c:/st/stm32cubeide_1.12.1/stm32cubeide/plugins/com.st.stm32cube.ide.mcu.externaltools.gnu-tools-for-stm32.10.3-2021.10.win32_1.0.200.202301161003/tools/bin/../lib/gcc/arm-none-eabi/10.3.1/thumb/v6-m/nofp/crtend.o
LOAD c:/st/stm32cubeide_1.12.1/stm32cubeide/plugins/com.st.stm32cube.ide.mcu.externaltools.gnu-tools-for-stm32.10.3-2021.10.win32_1.0.200.202301161003/tools/bin/../lib/gcc/arm-none-eabi/10.3.1/thumb/v6-m/nofp/crtn.o
                0x0000000020004000                _estack = (ORIGIN (RAM) + LENGTH (RAM))
                0x0000000000000200                _Min_Heap_Size = 0x200
                0x0000000000000400                _Min_Stack_Size = 0x400

.isr_vector     0x0000000008000000       0xc0
                0x0000000008000000                . = ALIGN (0x4)
 *(.isr_vector)
 .isr_vector    0x0000000008000000       0xc0 ./Core/Startup/startup_stm32f070rbtx.o
                0x0000000008000000                g_pfnVectors
                0x00000000080000c0                . = ALIGN (0x4)

.text           0x00000000080000c0     0xb674
                0x00000000080000c0                . = ALIGN (0x4)
 *(.text)
 .text          0x00000000080000c0       0x48 c:/st/stm32cubeide_1.12.1/stm32cubeide/plugins/com.st.stm32cube.ide.mcu.externaltools.gnu-tools-for-stm32.10.3-2021.10.win32_1.0.200.202301161003/tools/bin/../lib/gcc/arm-none-eabi/10.3.1/thumb/v6-m/nofp/crtbegin.o
 .text          0x0000000008000108        0xe c:/st/stm32cubeide_1.12.1/stm32cubeide/plugins/com.st.stm32cube.ide.mcu.externaltools.gnu-tools-for-stm32.10.3-2021.10.win32_1.0.200.202301161003/tools/bin/../lib/gcc/arm-none-eabi/10.3.1/../../../../arm-none-eabi/lib/thumb/v6-m/nofp\libc_nano.a(lib_a-strlen.o)
                0x0000000008000108                strlen
 *fill*         0x0000000008000116        0x2 
 .text          0x0000000008000118       0x14 c:/st/stm32cubeide_1.12.1/stm32cubeide/plugins/com.st.stm32cube.ide.mcu.externaltools.gnu-tools-for-stm32.10.3-2021.10.win32_1.0.200.202301161003/tools/bin/../lib/gcc/arm-none-eabi/10.3.1/thumb/v6-m/nofp\libgcc.a(_thumb1_case_shi.o)
                0x0000000008000118                __gnu_thumb1_case_shi
 .text          0x000000000800012c      0x114 c:/st/stm32cubeide_1.12.1/stm32cubeide/plugins/com.st.stm32cube.ide.mcu.externaltools.gnu-tools-for-stm32.10.3-2021.10.win32_1.0.200.202301161003/tools/bin/../lib/gcc/arm-none-eabi/10.3.1/thumb/v6-m/nofp\libgcc.a(_udivsi3.o)
                0x000000000800012c                __aeabi_uidiv
                0x000000000800012c                __udivsi3
                0x0000000008000238                __aeabi_uidivmod
 .text          0x0000000008000240        0x4 c:/st/stm32cubeide_1.12.1/stm32cubeide/plugins/com.st.stm32cube.ide.mcu.externaltools.gnu-tools-for-stm32.10.3-2021.10.win32_1.0.200.202301161003/tools/bin/../lib/gcc/arm-none-eabi/10.3.1/thumb/v6-m/nofp\libgcc.a(_dvmd_tls.o)
                0x0000000008000240                __aeabi_idiv0
                0x0000000008000240                __aeabi_ldiv0
 .text          0x0000000008000244       0x30 c:/st/stm32cubeide_1.12.1/stm32cubeide/plugins/com.st.stm32cube.ide.mcu.externaltools.gnu-tools-for-stm32.10.3-2021.10.win32_1.0.200.202301161003/tools/bin/../lib/gcc/arm-none-eabi/10.3.1/thumb/v6-m/nofp\libgcc.a(_fixunssfsi.o)
                0x0000000008000244                __fixunssfsi
                0x0000000008000244                __aeabi_f2uiz
 .text          0x0000000008000274      0x24c c:/st/stm32cubeide_1.12.1/stm32cubeide/plugins/com.st.stm32cube.ide.mcu.externaltools.gnu-tools-for-stm32.10.3-2021.10.win32_1.0.200.202301161003/tools/bin/../lib/gcc/arm-none-eabi/10.3.1/thumb/v6-m/nofp\libgcc.a(mulsf3.o)
                0x0000000008000274                __aeabi_fmul
 .text          0x00000000080004c0      0x35c c:/st/stm32cubeide_1.12.1/stm32cubeide/plugins/com.st.stm32cube.ide.mcu.externaltools.gnu-tools-for-stm32.10.3-2021.10.win32_1.0.200.202301161003/tools/bin/../lib/gcc/arm-none-eabi/10.3.1/thumb/v6-m/nofp\libgcc.a(subsf3.o)
                0x00000000080004c0                __aeabi_fsub
 .text          0x000000000800081c       0x40 c:/st/stm32cubeide_1.12.1/stm32cubeide/plugins/com.st.stm32cube.ide.mcu.externaltools.gnu-tools-for-stm32.10.3-2021.10.win32_1.0.200.202301161003/tools/bin/../lib/gcc/arm-none-eabi/10.3.1/thumb/v6-m/nofp\libgcc.a(fixsfsi.o)
                0x000000000800081c                __aeabi_f2iz
 .text          0x000000000800085c      0x4d8 c:/st/stm32cubeide_1.12.1/stm32cubeide/plugins/com.st.stm32cube.ide.mcu.externaltools.gnu-tools-for-stm32.10.3-2021.10.win32_1.0.200.202301161003/tools/bin/../lib/gcc/arm-none-eabi/10.3.1/thumb/v6-m/nofp\libgcc.a(muldf3.o)
                0x000000000800085c                __aeabi_dmul
 .text          0x0000000008000d34       0x60 c:/st/stm32cubeide_1.12.1/stm32cubeide/plugins/com.st.stm32cube.ide.mcu.externaltools.gnu-tools-for-stm32.10.3-2021.10.win32_1.0.200.202301161003/tools/bin/../lib/gcc/arm-none-eabi/10.3.1/thumb/v6-m/nofp\libgcc.a(floatsidf.o)
                0x0000000008000d34                __aeabi_i2d
 .text          0x0000000008000d94      0x110 c:/st/stm32cubeide_1.12.1/stm32cubeide/plugins/com.st.stm32cube.ide.mcu.externaltools.gnu-tools-for-stm32.10.3-2021.10.win32_1.0.200.202301161003/tools/bin/../lib/gcc/arm-none-eabi/10.3.1/thumb/v6-m/nofp\libgcc.a(truncdfsf2.o)
                0x0000000008000d94                __aeabi_d2f
 .text          0x0000000008000ea4       0x74 c:/st/stm32cubeide_1.12.1/stm32cubeide/plugins/com.st.stm32cube.ide.mcu.externaltools.gnu-tools-for-stm32.10.3-2021.10.win32_1.0.200.202301161003/tools/bin/../lib/gcc/arm-none-eabi/10.3.1/thumb/v6-m/nofp\libgcc.a(_arm_cmpsf2.o)
                0x0000000008000ea4                __aeabi_cfrcmple
                0x0000000008000eac                __aeabi_cfcmpeq
                0x0000000008000eac                __aeabi_cfcmple
                0x0000000008000ebc                __aeabi_fcmpeq
                0x0000000008000ec8                __aeabi_fcmplt
                0x0000000008000edc                __aeabi_fcmple
                0x0000000008000ef0                __aeabi_fcmpgt
                0x0000000008000f04                __aeabi_fcmpge
 .text          0x0000000008000f18       0x3c c:/st/stm32cubeide_1.12.1/stm32cubeide/plugins/com.st.stm32cube.ide.mcu.externaltools.gnu-tools-for-stm32.10.3-2021.10.win32_1.0.200.202301161003/tools/bin/../lib/gcc/arm-none-eabi/10.3.1/thumb/v6-m/nofp\libgcc.a(_clzsi2.o)
                0x0000000008000f18                __clzsi2
 .text          0x0000000008000f54       0x4c c:/st/stm32cubeide_1.12.1/stm32cubeide/plugins/com.st.stm32cube.ide.mcu.externaltools.gnu-tools-for-stm32.10.3-2021.10.win32_1.0.200.202301161003/tools/bin/../lib/gcc/arm-none-eabi/10.3.1/thumb/v6-m/nofp\libgcc.a(eqsf2.o)
                0x0000000008000f54                __eqsf2
                0x0000000008000f54                __nesf2
 .text          0x0000000008000fa0       0x8c c:/st/stm32cubeide_1.12.1/stm32cubeide/plugins/com.st.stm32cube.ide.mcu.externaltools.gnu-tools-for-stm32.10.3-2021.10.win32_1.0.200.202301161003/tools/bin/../lib/gcc/arm-none-eabi/10.3.1/thumb/v6-m/nofp\libgcc.a(gesf2.o)
                0x0000000008000fa0                __gesf2
                0x0000000008000fa0                __gtsf2
 .text          0x000000000800102c       0x88 c:/st/stm32cubeide_1.12.1/stm32cubeide/plugins/com.st.stm32cube.ide.mcu.externaltools.gnu-tools-for-stm32.10.3-2021.10.win32_1.0.200.202301161003/tools/bin/../lib/gcc/arm-none-eabi/10.3.1/thumb/v6-m/nofp\libgcc.a(lesf2.o)
                0x000000000800102c                __ltsf2
                0x000000000800102c                __lesf2
 *(.text*)
 .text.RC522_SPI_Transfer
                0x00000000080010b4       0x30 ./Core/Src/RC522_RFID.o
                0x00000000080010b4                RC522_SPI_Transfer
 .text.Write_MFRC522
                0x00000000080010e4       0x58 ./Core/Src/RC522_RFID.o
                0x00000000080010e4                Write_MFRC522
 .text.Read_MFRC522
                0x000000000800113c       0x64 ./Core/Src/RC522_RFID.o
                0x000000000800113c                Read_MFRC522
 .text.SetBitMask
                0x00000000080011a0       0x44 ./Core/Src/RC522_RFID.o
                0x00000000080011a0                SetBitMask
 .text.ClearBitMask
                0x00000000080011e4       0x4e ./Core/Src/RC522_RFID.o
                0x00000000080011e4                ClearBitMask
 .text.AntennaOn
                0x0000000008001232       0x18 ./Core/Src/RC522_RFID.o
                0x0000000008001232                AntennaOn
 .text.MFRC522_Reset
                0x000000000800124a       0x12 ./Core/Src/RC522_RFID.o
                0x000000000800124a                MFRC522_Reset
 .text.MFRC522_Init
                0x000000000800125c       0x64 ./Core/Src/RC522_RFID.o
                0x000000000800125c                MFRC522_Init
 .text.MFRC522_ToCard
                0x00000000080012c0      0x212 ./Core/Src/RC522_RFID.o
                0x00000000080012c0                MFRC522_ToCard
 .text.MFRC522_Request
                0x00000000080014d2       0x5e ./Core/Src/RC522_RFID.o
                0x00000000080014d2                MFRC522_Request
 .text.MFRC522_Anticoll
                0x0000000008001530       0xaa ./Core/Src/RC522_RFID.o
                0x0000000008001530                MFRC522_Anticoll
 *fill*         0x00000000080015da        0x2 
 .text.process_BLE_command
                0x00000000080015dc       0xe8 ./Core/Src/ble.o
                0x00000000080015dc                process_BLE_command
 .text.access_request_wait_notif
                0x00000000080016c4       0x30 ./Core/Src/ble.o
                0x00000000080016c4                access_request_wait_notif
 .text.access_denied
                0x00000000080016f4       0x40 ./Core/Src/ble.o
                0x00000000080016f4                access_denied
 .text.enter_pin_change_mode
                0x0000000008001734       0x8c ./Core/Src/ble.o
                0x0000000008001734                enter_pin_change_mode
 .text.process_pin_change
                0x00000000080017c0       0xa4 ./Core/Src/ble.o
                0x00000000080017c0                process_pin_change
 .text.retrieve_ble_command
                0x0000000008001864       0x5c ./Core/Src/ble.o
                0x0000000008001864                retrieve_ble_command
 .text.retrieve_current_pin
                0x00000000080018c0       0x68 ./Core/Src/ble.o
                0x00000000080018c0                retrieve_current_pin
 .text.access_request_attemps_check
                0x0000000008001928       0x48 ./Core/Src/ble.o
                0x0000000008001928                access_request_attemps_check
 .text.pin_change_attempts_check
                0x0000000008001970       0x48 ./Core/Src/ble.o
                0x0000000008001970                pin_change_attempts_check
 .text.receive_BLE_command
                0x00000000080019b8       0x20 ./Core/Src/ble.o
                0x00000000080019b8                receive_BLE_command
 .text.unlock_door
                0x00000000080019d8       0x80 ./Core/Src/ble.o
                0x00000000080019d8                unlock_door
 .text.clear_rx_buf
                0x0000000008001a58       0x30 ./Core/Src/ble.o
                0x0000000008001a58                clear_rx_buf
 .text.serial_print
                0x0000000008001a88       0x40 ./Core/Src/ble.o
                0x0000000008001a88                serial_print
 .text.update_pin
                0x0000000008001ac8       0xe0 ./Core/Src/ble.o
                0x0000000008001ac8                update_pin
 .text.Read_Current_PIN
                0x0000000008001ba8       0x30 ./Core/Src/eeprom.o
                0x0000000008001ba8                Read_Current_PIN
 .text.write_PIN_to_eeprom
                0x0000000008001bd8       0x34 ./Core/Src/eeprom.o
                0x0000000008001bd8                write_PIN_to_eeprom
 .text.main     0x0000000008001c0c      0x160 ./Core/Src/main.o
                0x0000000008001c0c                main
 .text.SystemClock_Config
                0x0000000008001d6c       0xca ./Core/Src/main.o
                0x0000000008001d6c                SystemClock_Config
 *fill*         0x0000000008001e36        0x2 
 .text.MX_I2C1_Init
                0x0000000008001e38       0x80 ./Core/Src/main.o
 .text.MX_SPI1_Init
                0x0000000008001eb8       0x7c ./Core/Src/main.o
 .text.MX_TIM16_Init
                0x0000000008001f34       0x54 ./Core/Src/main.o
 .text.MX_USART1_UART_Init
                0x0000000008001f88       0x60 ./Core/Src/main.o
 .text.MX_USART2_UART_Init
                0x0000000008001fe8       0x60 ./Core/Src/main.o
 .text.MX_DMA_Init
                0x0000000008002048       0x3c ./Core/Src/main.o
 .text.MX_GPIO_Init
                0x0000000008002084      0x15c ./Core/Src/main.o
 .text.lock_door
                0x00000000080021e0       0x48 ./Core/Src/main.o
                0x00000000080021e0                lock_door
 .text.pin_reset_timeout
                0x0000000008002228       0x88 ./Core/Src/main.o
                0x0000000008002228                pin_reset_timeout
 .text.HAL_UART_RxCpltCallback
                0x00000000080022b0       0x38 ./Core/Src/main.o
                0x00000000080022b0                HAL_UART_RxCpltCallback
 .text.StartBLE_Task
                0x00000000080022e8       0x5c ./Core/Src/main.o
                0x00000000080022e8                StartBLE_Task
 .text.StartDisplay_Task
                0x0000000008002344       0x40 ./Core/Src/main.o
                0x0000000008002344                StartDisplay_Task
 .text.StartTempSensor_Task
                0x0000000008002384       0x50 ./Core/Src/main.o
                0x0000000008002384                StartTempSensor_Task
 .text.StartMain_Task
                0x00000000080023d4       0x90 ./Core/Src/main.o
                0x00000000080023d4                StartMain_Task
 .text.StartRFID_Task
                0x0000000008002464       0xd0 ./Core/Src/main.o
                0x0000000008002464                StartRFID_Task
 .text.Error_Handler
                0x0000000008002534        0xa ./Core/Src/main.o
                0x0000000008002534                Error_Handler
 .text.ssd1306_Reset
                0x000000000800253e        0xa ./Core/Src/ssd1306.o
                0x000000000800253e                ssd1306_Reset
 .text.ssd1306_WriteCommand
                0x0000000008002548       0x34 ./Core/Src/ssd1306.o
                0x0000000008002548                ssd1306_WriteCommand
 .text.ssd1306_WriteData
                0x000000000800257c       0x34 ./Core/Src/ssd1306.o
                0x000000000800257c                ssd1306_WriteData
 .text.ssd1306_Init
                0x00000000080025b0       0xd8 ./Core/Src/ssd1306.o
                0x00000000080025b0                ssd1306_Init
 .text.ssd1306_Fill
                0x0000000008002688       0x34 ./Core/Src/ssd1306.o
                0x0000000008002688                ssd1306_Fill
 .text.ssd1306_UpdateScreen
                0x00000000080026bc       0x5c ./Core/Src/ssd1306.o
                0x00000000080026bc                ssd1306_UpdateScreen
 .text.ssd1306_DrawPixel
                0x0000000008002718       0xc4 ./Core/Src/ssd1306.o
                0x0000000008002718                ssd1306_DrawPixel
 .text.ssd1306_WriteChar
                0x00000000080027dc      0x154 ./Core/Src/ssd1306.o
                0x00000000080027dc                ssd1306_WriteChar
 .text.ssd1306_WriteString
                0x0000000008002930       0x56 ./Core/Src/ssd1306.o
                0x0000000008002930                ssd1306_WriteString
 *fill*         0x0000000008002986        0x2 
 .text.ssd1306_SetCursor
                0x0000000008002988       0x34 ./Core/Src/ssd1306.o
                0x0000000008002988                ssd1306_SetCursor
 .text.ssd1306_DrawCircle
                0x00000000080029bc      0x136 ./Core/Src/ssd1306.o
                0x00000000080029bc                ssd1306_DrawCircle
 .text.ssd1306_FillRectangle
                0x0000000008002af2      0x10e ./Core/Src/ssd1306.o
                0x0000000008002af2                ssd1306_FillRectangle
 .text.ssd1306_SetContrast
                0x0000000008002c00       0x30 ./Core/Src/ssd1306.o
                0x0000000008002c00                ssd1306_SetContrast
 .text.ssd1306_SetDisplayOn
                0x0000000008002c30       0x4c ./Core/Src/ssd1306.o
                0x0000000008002c30                ssd1306_SetDisplayOn
 .text.displayTemperatureAtInit
                0x0000000008002c7c       0xc0 ./Core/Src/ssd1306_service.o
                0x0000000008002c7c                displayTemperatureAtInit
 .text.displayTemperature
                0x0000000008002d3c       0xe8 ./Core/Src/ssd1306_service.o
                0x0000000008002d3c                displayTemperature
 .text.pinResetFeedbacks
                0x0000000008002e24      0x1e4 ./Core/Src/ssd1306_service.o
                0x0000000008002e24                pinResetFeedbacks
 .text.HAL_MspInit
                0x0000000008003008       0x54 ./Core/Src/stm32f0xx_hal_msp.o
                0x0000000008003008                HAL_MspInit
 .text.HAL_I2C_MspInit
                0x000000000800305c       0x9c ./Core/Src/stm32f0xx_hal_msp.o
                0x000000000800305c                HAL_I2C_MspInit
 .text.HAL_SPI_MspInit
                0x00000000080030f8       0xe4 ./Core/Src/stm32f0xx_hal_msp.o
                0x00000000080030f8                HAL_SPI_MspInit
 .text.HAL_TIM_Base_MspInit
                0x00000000080031dc       0x40 ./Core/Src/stm32f0xx_hal_msp.o
                0x00000000080031dc                HAL_TIM_Base_MspInit
 .text.HAL_UART_MspInit
                0x000000000800321c      0x1cc ./Core/Src/stm32f0xx_hal_msp.o
                0x000000000800321c                HAL_UART_MspInit
 .text.NMI_Handler
                0x00000000080033e8        0x6 ./Core/Src/stm32f0xx_it.o
                0x00000000080033e8                NMI_Handler
 .text.HardFault_Handler
                0x00000000080033ee        0x6 ./Core/Src/stm32f0xx_it.o
                0x00000000080033ee                HardFault_Handler
 .text.SysTick_Handler
                0x00000000080033f4       0x1c ./Core/Src/stm32f0xx_it.o
                0x00000000080033f4                SysTick_Handler
 .text.DMA1_Channel2_3_IRQHandler
                0x0000000008003410       0x24 ./Core/Src/stm32f0xx_it.o
                0x0000000008003410                DMA1_Channel2_3_IRQHandler
 .text.USART1_IRQHandler
                0x0000000008003434       0x18 ./Core/Src/stm32f0xx_it.o
                0x0000000008003434                USART1_IRQHandler
 .text._sbrk    0x000000000800344c       0x6c ./Core/Src/sysmem.o
                0x000000000800344c                _sbrk
 .text.SystemInit
                0x00000000080034b8        0xa ./Core/Src/system_stm32f0xx.o
                0x00000000080034b8                SystemInit
 *fill*         0x00000000080034c2        0x2 
 .text.TMP102_Read_Temp
                0x00000000080034c4      0x118 ./Core/Src/temp_sensor.o
                0x00000000080034c4                TMP102_Read_Temp
 .text.time_now
                0x00000000080035dc       0x10 ./Core/Src/temp_sensor.o
                0x00000000080035dc                time_now
 .text.temp_Sensor_service
                0x00000000080035ec       0x50 ./Core/Src/temp_sensor.o
                0x00000000080035ec                temp_Sensor_service
 .text.Reset_Handler
                0x000000000800363c       0x50 ./Core/Startup/startup_stm32f070rbtx.o
                0x000000000800363c                Reset_Handler
 .text.Default_Handler
                0x000000000800368c        0x2 ./Core/Startup/startup_stm32f070rbtx.o
                0x000000000800368c                TIM1_CC_IRQHandler
                0x000000000800368c                TIM6_IRQHandler
                0x000000000800368c                I2C1_IRQHandler
                0x000000000800368c                SPI1_IRQHandler
                0x000000000800368c                USART3_4_IRQHandler
                0x000000000800368c                EXTI2_3_IRQHandler
                0x000000000800368c                ADC1_IRQHandler
                0x000000000800368c                I2C2_IRQHandler
                0x000000000800368c                TIM17_IRQHandler
                0x000000000800368c                RTC_IRQHandler
                0x000000000800368c                TIM16_IRQHandler
                0x000000000800368c                TIM3_IRQHandler
                0x000000000800368c                EXTI4_15_IRQHandler
                0x000000000800368c                RCC_IRQHandler
                0x000000000800368c                DMA1_Channel1_IRQHandler
                0x000000000800368c                Default_Handler
                0x000000000800368c                TIM14_IRQHandler
                0x000000000800368c                DMA1_Channel4_5_IRQHandler
                0x000000000800368c                TIM7_IRQHandler
                0x000000000800368c                TIM15_IRQHandler
                0x000000000800368c                EXTI0_1_IRQHandler
                0x000000000800368c                USB_IRQHandler
                0x000000000800368c                SPI2_IRQHandler
                0x000000000800368c                WWDG_IRQHandler
                0x000000000800368c                USART2_IRQHandler
                0x000000000800368c                FLASH_IRQHandler
                0x000000000800368c                TIM1_BRK_UP_TRG_COM_IRQHandler
 *fill*         0x000000000800368e        0x2 
 .text.HAL_Init
                0x0000000008003690       0x28 ./Drivers/STM32F0xx_HAL_Driver/Src/stm32f0xx_hal.o
                0x0000000008003690                HAL_Init
 .text.HAL_InitTick
                0x00000000080036b8       0x68 ./Drivers/STM32F0xx_HAL_Driver/Src/stm32f0xx_hal.o
                0x00000000080036b8                HAL_InitTick
 .text.HAL_IncTick
                0x0000000008003720       0x24 ./Drivers/STM32F0xx_HAL_Driver/Src/stm32f0xx_hal.o
                0x0000000008003720                HAL_IncTick
 .text.HAL_GetTick
                0x0000000008003744       0x14 ./Drivers/STM32F0xx_HAL_Driver/Src/stm32f0xx_hal.o
                0x0000000008003744                HAL_GetTick
 .text.HAL_Delay
                0x0000000008003758       0x48 ./Drivers/STM32F0xx_HAL_Driver/Src/stm32f0xx_hal.o
                0x0000000008003758                HAL_Delay
 .text.__NVIC_EnableIRQ
                0x00000000080037a0       0x34 ./Drivers/STM32F0xx_HAL_Driver/Src/stm32f0xx_hal_cortex.o
 .text.__NVIC_SetPriority
                0x00000000080037d4       0xdc ./Drivers/STM32F0xx_HAL_Driver/Src/stm32f0xx_hal_cortex.o
 .text.SysTick_Config
                0x00000000080038b0       0x48 ./Drivers/STM32F0xx_HAL_Driver/Src/stm32f0xx_hal_cortex.o
 .text.HAL_NVIC_SetPriority
                0x00000000080038f8       0x2a ./Drivers/STM32F0xx_HAL_Driver/Src/stm32f0xx_hal_cortex.o
                0x00000000080038f8                HAL_NVIC_SetPriority
 .text.HAL_NVIC_EnableIRQ
                0x0000000008003922       0x20 ./Drivers/STM32F0xx_HAL_Driver/Src/stm32f0xx_hal_cortex.o
                0x0000000008003922                HAL_NVIC_EnableIRQ
 .text.HAL_SYSTICK_Config
                0x0000000008003942       0x1a ./Drivers/STM32F0xx_HAL_Driver/Src/stm32f0xx_hal_cortex.o
                0x0000000008003942                HAL_SYSTICK_Config
 .text.HAL_DMA_Init
                0x000000000800395c       0x90 ./Drivers/STM32F0xx_HAL_Driver/Src/stm32f0xx_hal_dma.o
                0x000000000800395c                HAL_DMA_Init
 .text.HAL_DMA_Abort
                0x00000000080039ec       0x70 ./Drivers/STM32F0xx_HAL_Driver/Src/stm32f0xx_hal_dma.o
                0x00000000080039ec                HAL_DMA_Abort
 .text.HAL_DMA_Abort_IT
                0x0000000008003a5c       0x8a ./Drivers/STM32F0xx_HAL_Driver/Src/stm32f0xx_hal_dma.o
                0x0000000008003a5c                HAL_DMA_Abort_IT
 .text.HAL_DMA_IRQHandler
                0x0000000008003ae6      0x144 ./Drivers/STM32F0xx_HAL_Driver/Src/stm32f0xx_hal_dma.o
                0x0000000008003ae6                HAL_DMA_IRQHandler
 *fill*         0x0000000008003c2a        0x2 
 .text.DMA_CalcBaseAndBitshift
                0x0000000008003c2c       0x38 ./Drivers/STM32F0xx_HAL_Driver/Src/stm32f0xx_hal_dma.o
 .text.HAL_GPIO_Init
                0x0000000008003c64      0x2e0 ./Drivers/STM32F0xx_HAL_Driver/Src/stm32f0xx_hal_gpio.o
                0x0000000008003c64                HAL_GPIO_Init
 .text.HAL_GPIO_WritePin
                0x0000000008003f44       0x3a ./Drivers/STM32F0xx_HAL_Driver/Src/stm32f0xx_hal_gpio.o
                0x0000000008003f44                HAL_GPIO_WritePin
 *fill*         0x0000000008003f7e        0x2 
 .text.HAL_I2C_Init
                0x0000000008003f80      0x14c ./Drivers/STM32F0xx_HAL_Driver/Src/stm32f0xx_hal_i2c.o
                0x0000000008003f80                HAL_I2C_Init
 .text.HAL_I2C_Master_Transmit
                0x00000000080040cc      0x254 ./Drivers/STM32F0xx_HAL_Driver/Src/stm32f0xx_hal_i2c.o
                0x00000000080040cc                HAL_I2C_Master_Transmit
 .text.HAL_I2C_Master_Receive
                0x0000000008004320      0x210 ./Drivers/STM32F0xx_HAL_Driver/Src/stm32f0xx_hal_i2c.o
                0x0000000008004320                HAL_I2C_Master_Receive
 .text.HAL_I2C_Mem_Write
                0x0000000008004530      0x25c ./Drivers/STM32F0xx_HAL_Driver/Src/stm32f0xx_hal_i2c.o
                0x0000000008004530                HAL_I2C_Mem_Write
 .text.HAL_I2C_Mem_Read
                0x000000000800478c      0x268 ./Drivers/STM32F0xx_HAL_Driver/Src/stm32f0xx_hal_i2c.o
                0x000000000800478c                HAL_I2C_Mem_Read
 .text.I2C_RequestMemoryWrite
                0x00000000080049f4       0xc8 ./Drivers/STM32F0xx_HAL_Driver/Src/stm32f0xx_hal_i2c.o
 .text.I2C_RequestMemoryRead
                0x0000000008004abc       0xc4 ./Drivers/STM32F0xx_HAL_Driver/Src/stm32f0xx_hal_i2c.o
 .text.I2C_Flush_TXDR
                0x0000000008004b80       0x44 ./Drivers/STM32F0xx_HAL_Driver/Src/stm32f0xx_hal_i2c.o
 .text.I2C_WaitOnFlagUntilTimeout
                0x0000000008004bc4       0xb0 ./Drivers/STM32F0xx_HAL_Driver/Src/stm32f0xx_hal_i2c.o
 .text.I2C_WaitOnTXISFlagUntilTimeout
                0x0000000008004c74       0x8c ./Drivers/STM32F0xx_HAL_Driver/Src/stm32f0xx_hal_i2c.o
 .text.I2C_WaitOnSTOPFlagUntilTimeout
                0x0000000008004d00       0x86 ./Drivers/STM32F0xx_HAL_Driver/Src/stm32f0xx_hal_i2c.o
 *fill*         0x0000000008004d86        0x2 
 .text.I2C_WaitOnRXNEFlagUntilTimeout
                0x0000000008004d88      0x13c ./Drivers/STM32F0xx_HAL_Driver/Src/stm32f0xx_hal_i2c.o
 .text.I2C_IsErrorOccurred
                0x0000000008004ec4      0x200 ./Drivers/STM32F0xx_HAL_Driver/Src/stm32f0xx_hal_i2c.o
 .text.I2C_TransferConfig
                0x00000000080050c4       0x74 ./Drivers/STM32F0xx_HAL_Driver/Src/stm32f0xx_hal_i2c.o
 .text.HAL_I2CEx_ConfigAnalogFilter
                0x0000000008005138       0x98 ./Drivers/STM32F0xx_HAL_Driver/Src/stm32f0xx_hal_i2c_ex.o
                0x0000000008005138                HAL_I2CEx_ConfigAnalogFilter
 .text.HAL_I2CEx_ConfigDigitalFilter
                0x00000000080051d0       0x98 ./Drivers/STM32F0xx_HAL_Driver/Src/stm32f0xx_hal_i2c_ex.o
                0x00000000080051d0                HAL_I2CEx_ConfigDigitalFilter
 .text.HAL_RCC_OscConfig
                0x0000000008005268      0x63c ./Drivers/STM32F0xx_HAL_Driver/Src/stm32f0xx_hal_rcc.o
                0x0000000008005268                HAL_RCC_OscConfig
 .text.HAL_RCC_ClockConfig
                0x00000000080058a4      0x19c ./Drivers/STM32F0xx_HAL_Driver/Src/stm32f0xx_hal_rcc.o
                0x00000000080058a4                HAL_RCC_ClockConfig
 .text.HAL_RCC_GetSysClockFreq
                0x0000000008005a40       0xb0 ./Drivers/STM32F0xx_HAL_Driver/Src/stm32f0xx_hal_rcc.o
                0x0000000008005a40                HAL_RCC_GetSysClockFreq
 .text.HAL_RCC_GetHCLKFreq
                0x0000000008005af0       0x14 ./Drivers/STM32F0xx_HAL_Driver/Src/stm32f0xx_hal_rcc.o
                0x0000000008005af0                HAL_RCC_GetHCLKFreq
 .text.HAL_RCC_GetPCLK1Freq
                0x0000000008005b04       0x2c ./Drivers/STM32F0xx_HAL_Driver/Src/stm32f0xx_hal_rcc.o
                0x0000000008005b04                HAL_RCC_GetPCLK1Freq
 .text.HAL_RCCEx_PeriphCLKConfig
                0x0000000008005b30      0x1bc ./Drivers/STM32F0xx_HAL_Driver/Src/stm32f0xx_hal_rcc_ex.o
                0x0000000008005b30                HAL_RCCEx_PeriphCLKConfig
 .text.HAL_SPI_Init
                0x0000000008005cec      0x170 ./Drivers/STM32F0xx_HAL_Driver/Src/stm32f0xx_hal_spi.o
                0x0000000008005cec                HAL_SPI_Init
 .text.HAL_SPI_TransmitReceive
                0x0000000008005e5c      0x3c4 ./Drivers/STM32F0xx_HAL_Driver/Src/stm32f0xx_hal_spi.o
                0x0000000008005e5c                HAL_SPI_TransmitReceive
 .text.SPI_WaitFlagStateUntilTimeout
                0x0000000008006220      0x11c ./Drivers/STM32F0xx_HAL_Driver/Src/stm32f0xx_hal_spi.o
 .text.SPI_WaitFifoStateUntilTimeout
                0x000000000800633c      0x144 ./Drivers/STM32F0xx_HAL_Driver/Src/stm32f0xx_hal_spi.o
 .text.SPI_EndRxTxTransaction
                0x0000000008006480       0x8c ./Drivers/STM32F0xx_HAL_Driver/Src/stm32f0xx_hal_spi.o
 .text.HAL_TIM_Base_Init
                0x000000000800650c       0xa0 ./Drivers/STM32F0xx_HAL_Driver/Src/stm32f0xx_hal_tim.o
                0x000000000800650c                HAL_TIM_Base_Init
 .text.HAL_TIM_Base_Start
                0x00000000080065ac       0x88 ./Drivers/STM32F0xx_HAL_Driver/Src/stm32f0xx_hal_tim.o
                0x00000000080065ac                HAL_TIM_Base_Start
 .text.TIM_Base_SetConfig
                0x0000000008006634      0x108 ./Drivers/STM32F0xx_HAL_Driver/Src/stm32f0xx_hal_tim.o
                0x0000000008006634                TIM_Base_SetConfig
 .text.HAL_UART_Init
                0x000000000800673c       0xa8 ./Drivers/STM32F0xx_HAL_Driver/Src/stm32f0xx_hal_uart.o
                0x000000000800673c                HAL_UART_Init
 .text.HAL_UART_Transmit
                0x00000000080067e4      0x140 ./Drivers/STM32F0xx_HAL_Driver/Src/stm32f0xx_hal_uart.o
                0x00000000080067e4                HAL_UART_Transmit
 .text.HAL_UART_Receive_IT
                0x0000000008006924       0xae ./Drivers/STM32F0xx_HAL_Driver/Src/stm32f0xx_hal_uart.o
                0x0000000008006924                HAL_UART_Receive_IT
 *fill*         0x00000000080069d2        0x2 
 .text.HAL_UART_IRQHandler
                0x00000000080069d4      0x590 ./Drivers/STM32F0xx_HAL_Driver/Src/stm32f0xx_hal_uart.o
                0x00000000080069d4                HAL_UART_IRQHandler
 .text.HAL_UART_TxCpltCallback
                0x0000000008006f64       0x10 ./Drivers/STM32F0xx_HAL_Driver/Src/stm32f0xx_hal_uart.o
                0x0000000008006f64                HAL_UART_TxCpltCallback
 .text.HAL_UART_ErrorCallback
                0x0000000008006f74       0x10 ./Drivers/STM32F0xx_HAL_Driver/Src/stm32f0xx_hal_uart.o
                0x0000000008006f74                HAL_UART_ErrorCallback
 .text.HAL_UARTEx_RxEventCallback
                0x0000000008006f84       0x16 ./Drivers/STM32F0xx_HAL_Driver/Src/stm32f0xx_hal_uart.o
                0x0000000008006f84                HAL_UARTEx_RxEventCallback
 *fill*         0x0000000008006f9a        0x2 
 .text.UART_SetConfig
                0x0000000008006f9c      0x2b0 ./Drivers/STM32F0xx_HAL_Driver/Src/stm32f0xx_hal_uart.o
                0x0000000008006f9c                UART_SetConfig
 .text.UART_AdvFeatureConfig
                0x000000000800724c      0x168 ./Drivers/STM32F0xx_HAL_Driver/Src/stm32f0xx_hal_uart.o
                0x000000000800724c                UART_AdvFeatureConfig
 .text.UART_CheckIdleState
                0x00000000080073b4      0x150 ./Drivers/STM32F0xx_HAL_Driver/Src/stm32f0xx_hal_uart.o
                0x00000000080073b4                UART_CheckIdleState
 .text.UART_WaitOnFlagUntilTimeout
                0x0000000008007504       0xde ./Drivers/STM32F0xx_HAL_Driver/Src/stm32f0xx_hal_uart.o
                0x0000000008007504                UART_WaitOnFlagUntilTimeout
 *fill*         0x00000000080075e2        0x2 
 .text.UART_Start_Receive_IT
                0x00000000080075e4      0x194 ./Drivers/STM32F0xx_HAL_Driver/Src/stm32f0xx_hal_uart.o
                0x00000000080075e4                UART_Start_Receive_IT
 .text.UART_EndRxTransfer
                0x0000000008007778       0xc8 ./Drivers/STM32F0xx_HAL_Driver/Src/stm32f0xx_hal_uart.o
 .text.UART_DMAAbortOnError
                0x0000000008007840       0x2e ./Drivers/STM32F0xx_HAL_Driver/Src/stm32f0xx_hal_uart.o
 .text.UART_EndTransmit_IT
                0x000000000800786e       0x56 ./Drivers/STM32F0xx_HAL_Driver/Src/stm32f0xx_hal_uart.o
 .text.UART_RxISR_8BIT
                0x00000000080078c4      0x1b8 ./Drivers/STM32F0xx_HAL_Driver/Src/stm32f0xx_hal_uart.o
 .text.UART_RxISR_16BIT
                0x0000000008007a7c      0x1b8 ./Drivers/STM32F0xx_HAL_Driver/Src/stm32f0xx_hal_uart.o
 .text.osKernelInitialize
                0x0000000008007c34       0x58 ./Middlewares/Third_Party/FreeRTOS/Source/CMSIS_RTOS_V2/cmsis_os2.o
                0x0000000008007c34                osKernelInitialize
 .text.osKernelStart
                0x0000000008007c8c       0x5c ./Middlewares/Third_Party/FreeRTOS/Source/CMSIS_RTOS_V2/cmsis_os2.o
                0x0000000008007c8c                osKernelStart
 .text.osThreadNew
                0x0000000008007ce8      0x150 ./Middlewares/Third_Party/FreeRTOS/Source/CMSIS_RTOS_V2/cmsis_os2.o
                0x0000000008007ce8                osThreadNew
 .text.osThreadFlagsSet
                0x0000000008007e38       0xac ./Middlewares/Third_Party/FreeRTOS/Source/CMSIS_RTOS_V2/cmsis_os2.o
                0x0000000008007e38                osThreadFlagsSet
 .text.osThreadFlagsWait
                0x0000000008007ee4      0x118 ./Middlewares/Third_Party/FreeRTOS/Source/CMSIS_RTOS_V2/cmsis_os2.o
                0x0000000008007ee4                osThreadFlagsWait
 .text.osDelay  0x0000000008007ffc       0x50 ./Middlewares/Third_Party/FreeRTOS/Source/CMSIS_RTOS_V2/cmsis_os2.o
                0x0000000008007ffc                osDelay
 .text.osMutexNew
                0x000000000800804c      0x134 ./Middlewares/Third_Party/FreeRTOS/Source/CMSIS_RTOS_V2/cmsis_os2.o
                0x000000000800804c                osMutexNew
 .text.osMutexAcquire
                0x0000000008008180       0xb8 ./Middlewares/Third_Party/FreeRTOS/Source/CMSIS_RTOS_V2/cmsis_os2.o
                0x0000000008008180                osMutexAcquire
 .text.osMutexRelease
                0x0000000008008238       0x94 ./Middlewares/Third_Party/FreeRTOS/Source/CMSIS_RTOS_V2/cmsis_os2.o
                0x0000000008008238                osMutexRelease
 .text.vApplicationGetIdleTaskMemory
                0x00000000080082cc       0x30 ./Middlewares/Third_Party/FreeRTOS/Source/CMSIS_RTOS_V2/cmsis_os2.o
                0x00000000080082cc                vApplicationGetIdleTaskMemory
 .text.vApplicationGetTimerTaskMemory
                0x00000000080082fc       0x30 ./Middlewares/Third_Party/FreeRTOS/Source/CMSIS_RTOS_V2/cmsis_os2.o
                0x00000000080082fc                vApplicationGetTimerTaskMemory
 .text.vListInitialise
                0x000000000800832c       0x3c ./Middlewares/Third_Party/FreeRTOS/Source/list.o
                0x000000000800832c                vListInitialise
 .text.vListInitialiseItem
                0x0000000008008368       0x16 ./Middlewares/Third_Party/FreeRTOS/Source/list.o
                0x0000000008008368                vListInitialiseItem
 .text.vListInsertEnd
                0x000000000800837e       0x44 ./Middlewares/Third_Party/FreeRTOS/Source/list.o
                0x000000000800837e                vListInsertEnd
 .text.vListInsert
                0x00000000080083c2       0x6c ./Middlewares/Third_Party/FreeRTOS/Source/list.o
                0x00000000080083c2                vListInsert
 .text.uxListRemove
                0x000000000800842e       0x50 ./Middlewares/Third_Party/FreeRTOS/Source/list.o
                0x000000000800842e                uxListRemove
 .text.xQueueGenericReset
                0x000000000800847e       0xa8 ./Middlewares/Third_Party/FreeRTOS/Source/queue.o
                0x000000000800847e                xQueueGenericReset
 .text.xQueueGenericCreateStatic
                0x0000000008008526       0x96 ./Middlewares/Third_Party/FreeRTOS/Source/queue.o
                0x0000000008008526                xQueueGenericCreateStatic
 .text.xQueueGenericCreate
                0x00000000080085bc       0x6c ./Middlewares/Third_Party/FreeRTOS/Source/queue.o
                0x00000000080085bc                xQueueGenericCreate
 .text.prvInitialiseNewQueue
                0x0000000008008628       0x4e ./Middlewares/Third_Party/FreeRTOS/Source/queue.o
 .text.prvInitialiseMutex
                0x0000000008008676       0x34 ./Middlewares/Third_Party/FreeRTOS/Source/queue.o
 .text.xQueueCreateMutex
                0x00000000080086aa       0x38 ./Middlewares/Third_Party/FreeRTOS/Source/queue.o
                0x00000000080086aa                xQueueCreateMutex
 .text.xQueueCreateMutexStatic
                0x00000000080086e2       0x40 ./Middlewares/Third_Party/FreeRTOS/Source/queue.o
                0x00000000080086e2                xQueueCreateMutexStatic
 .text.xQueueGiveMutexRecursive
                0x0000000008008722       0x56 ./Middlewares/Third_Party/FreeRTOS/Source/queue.o
                0x0000000008008722                xQueueGiveMutexRecursive
 .text.xQueueTakeMutexRecursive
                0x0000000008008778       0x60 ./Middlewares/Third_Party/FreeRTOS/Source/queue.o
                0x0000000008008778                xQueueTakeMutexRecursive
 .text.xQueueGenericSend
                0x00000000080087d8      0x188 ./Middlewares/Third_Party/FreeRTOS/Source/queue.o
                0x00000000080087d8                xQueueGenericSend
 .text.xQueueGenericSendFromISR
                0x0000000008008960       0xe2 ./Middlewares/Third_Party/FreeRTOS/Source/queue.o
                0x0000000008008960                xQueueGenericSendFromISR
 .text.xQueueReceive
                0x0000000008008a42      0x16a ./Middlewares/Third_Party/FreeRTOS/Source/queue.o
                0x0000000008008a42                xQueueReceive
 .text.xQueueSemaphoreTake
                0x0000000008008bac      0x1b4 ./Middlewares/Third_Party/FreeRTOS/Source/queue.o
                0x0000000008008bac                xQueueSemaphoreTake
 .text.prvGetDisinheritPriorityAfterTimeout
                0x0000000008008d60       0x2c ./Middlewares/Third_Party/FreeRTOS/Source/queue.o
 .text.prvCopyDataToQueue
                0x0000000008008d8c       0xd6 ./Middlewares/Third_Party/FreeRTOS/Source/queue.o
 .text.prvCopyDataFromQueue
                0x0000000008008e62       0x4c ./Middlewares/Third_Party/FreeRTOS/Source/queue.o
 .text.prvUnlockQueue
                0x0000000008008eae       0xbc ./Middlewares/Third_Party/FreeRTOS/Source/queue.o
 .text.prvIsQueueEmpty
                0x0000000008008f6a       0x2c ./Middlewares/Third_Party/FreeRTOS/Source/queue.o
 .text.prvIsQueueFull
                0x0000000008008f96       0x30 ./Middlewares/Third_Party/FreeRTOS/Source/queue.o
 *fill*         0x0000000008008fc6        0x2 
 .text.vQueueAddToRegistry
                0x0000000008008fc8       0x50 ./Middlewares/Third_Party/FreeRTOS/Source/queue.o
                0x0000000008008fc8                vQueueAddToRegistry
 .text.vQueueWaitForMessageRestricted
                0x0000000008009018       0x66 ./Middlewares/Third_Party/FreeRTOS/Source/queue.o
                0x0000000008009018                vQueueWaitForMessageRestricted
 .text.xTaskCreateStatic
                0x000000000800907e       0x86 ./Middlewares/Third_Party/FreeRTOS/Source/tasks.o
                0x000000000800907e                xTaskCreateStatic
 .text.xTaskCreate
                0x0000000008009104       0x98 ./Middlewares/Third_Party/FreeRTOS/Source/tasks.o
                0x0000000008009104                xTaskCreate
 .text.prvInitialiseNewTask
                0x000000000800919c      0x104 ./Middlewares/Third_Party/FreeRTOS/Source/tasks.o
 .text.prvAddNewTaskToReadyList
                0x00000000080092a0       0xd0 ./Middlewares/Third_Party/FreeRTOS/Source/tasks.o
 .text.vTaskDelay
                0x0000000008009370       0x4c ./Middlewares/Third_Party/FreeRTOS/Source/tasks.o
                0x0000000008009370                vTaskDelay
 .text.vTaskStartScheduler
                0x00000000080093bc       0xa8 ./Middlewares/Third_Party/FreeRTOS/Source/tasks.o
                0x00000000080093bc                vTaskStartScheduler
 .text.vTaskSuspendAll
                0x0000000008009464       0x18 ./Middlewares/Third_Party/FreeRTOS/Source/tasks.o
                0x0000000008009464                vTaskSuspendAll
 .text.xTaskResumeAll
                0x000000000800947c      0x118 ./Middlewares/Third_Party/FreeRTOS/Source/tasks.o
                0x000000000800947c                xTaskResumeAll
 .text.xTaskGetTickCount
                0x0000000008009594       0x1c ./Middlewares/Third_Party/FreeRTOS/Source/tasks.o
                0x0000000008009594                xTaskGetTickCount
 .text.xTaskIncrementTick
                0x00000000080095b0      0x168 ./Middlewares/Third_Party/FreeRTOS/Source/tasks.o
                0x00000000080095b0                xTaskIncrementTick
 .text.vTaskSwitchContext
                0x0000000008009718       0xa4 ./Middlewares/Third_Party/FreeRTOS/Source/tasks.o
                0x0000000008009718                vTaskSwitchContext
 .text.vTaskPlaceOnEventList
                0x00000000080097bc       0x3c ./Middlewares/Third_Party/FreeRTOS/Source/tasks.o
                0x00000000080097bc                vTaskPlaceOnEventList
 .text.vTaskPlaceOnEventListRestricted
                0x00000000080097f8       0x4c ./Middlewares/Third_Party/FreeRTOS/Source/tasks.o
                0x00000000080097f8                vTaskPlaceOnEventListRestricted
 .text.xTaskRemoveFromEventList
                0x0000000008009844       0xb8 ./Middlewares/Third_Party/FreeRTOS/Source/tasks.o
                0x0000000008009844                xTaskRemoveFromEventList
 .text.vTaskInternalSetTimeOutState
                0x00000000080098fc       0x28 ./Middlewares/Third_Party/FreeRTOS/Source/tasks.o
                0x00000000080098fc                vTaskInternalSetTimeOutState
 .text.xTaskCheckForTimeOut
                0x0000000008009924       0xa0 ./Middlewares/Third_Party/FreeRTOS/Source/tasks.o
                0x0000000008009924                xTaskCheckForTimeOut
 .text.vTaskMissedYield
                0x00000000080099c4       0x14 ./Middlewares/Third_Party/FreeRTOS/Source/tasks.o
                0x00000000080099c4                vTaskMissedYield
 .text.prvIdleTask
                0x00000000080099d8       0x20 ./Middlewares/Third_Party/FreeRTOS/Source/tasks.o
 .text.prvInitialiseTaskLists
                0x00000000080099f8       0x88 ./Middlewares/Third_Party/FreeRTOS/Source/tasks.o
 .text.prvCheckTasksWaitingTermination
                0x0000000008009a80       0x5c ./Middlewares/Third_Party/FreeRTOS/Source/tasks.o
 .text.prvDeleteTCB
                0x0000000008009adc       0x50 ./Middlewares/Third_Party/FreeRTOS/Source/tasks.o
 .text.prvResetNextTaskUnblockTime
                0x0000000008009b2c       0x48 ./Middlewares/Third_Party/FreeRTOS/Source/tasks.o
 .text.xTaskGetCurrentTaskHandle
                0x0000000008009b74       0x1c ./Middlewares/Third_Party/FreeRTOS/Source/tasks.o
                0x0000000008009b74                xTaskGetCurrentTaskHandle
 .text.xTaskGetSchedulerState
                0x0000000008009b90       0x38 ./Middlewares/Third_Party/FreeRTOS/Source/tasks.o
                0x0000000008009b90                xTaskGetSchedulerState
 .text.xTaskPriorityInherit
                0x0000000008009bc8       0xdc ./Middlewares/Third_Party/FreeRTOS/Source/tasks.o
                0x0000000008009bc8                xTaskPriorityInherit
 .text.xTaskPriorityDisinherit
                0x0000000008009ca4       0xb8 ./Middlewares/Third_Party/FreeRTOS/Source/tasks.o
                0x0000000008009ca4                xTaskPriorityDisinherit
 .text.vTaskPriorityDisinheritAfterTimeout
                0x0000000008009d5c       0xe8 ./Middlewares/Third_Party/FreeRTOS/Source/tasks.o
                0x0000000008009d5c                vTaskPriorityDisinheritAfterTimeout
 .text.pvTaskIncrementMutexHeldCount
                0x0000000008009e44       0x24 ./Middlewares/Third_Party/FreeRTOS/Source/tasks.o
                0x0000000008009e44                pvTaskIncrementMutexHeldCount
 .text.xTaskNotifyWait
                0x0000000008009e68       0xa8 ./Middlewares/Third_Party/FreeRTOS/Source/tasks.o
                0x0000000008009e68                xTaskNotifyWait
 .text.xTaskGenericNotify
                0x0000000008009f10      0x118 ./Middlewares/Third_Party/FreeRTOS/Source/tasks.o
                0x0000000008009f10                xTaskGenericNotify
 .text.xTaskGenericNotifyFromISR
                0x000000000800a028      0x154 ./Middlewares/Third_Party/FreeRTOS/Source/tasks.o
                0x000000000800a028                xTaskGenericNotifyFromISR
 .text.prvAddCurrentTaskToDelayedList
                0x000000000800a17c       0xa8 ./Middlewares/Third_Party/FreeRTOS/Source/tasks.o
 .text.xTimerCreateTimerTask
                0x000000000800a224       0x7c ./Middlewares/Third_Party/FreeRTOS/Source/timers.o
                0x000000000800a224                xTimerCreateTimerTask
 .text.xTimerGenericCommand
                0x000000000800a2a0       0x94 ./Middlewares/Third_Party/FreeRTOS/Source/timers.o
                0x000000000800a2a0                xTimerGenericCommand
 .text.prvProcessExpiredTimer
                0x000000000800a334       0x70 ./Middlewares/Third_Party/FreeRTOS/Source/timers.o
 .text.prvTimerTask
                0x000000000800a3a4       0x28 ./Middlewares/Third_Party/FreeRTOS/Source/timers.o
 .text.prvProcessTimerOrBlockTask
                0x000000000800a3cc       0x8c ./Middlewares/Third_Party/FreeRTOS/Source/timers.o
 .text.prvGetNextExpireTime
                0x000000000800a458       0x40 ./Middlewares/Third_Party/FreeRTOS/Source/timers.o
 .text.prvSampleTimeNow
                0x000000000800a498       0x40 ./Middlewares/Third_Party/FreeRTOS/Source/timers.o
 .text.prvInsertTimerInActiveList
                0x000000000800a4d8       0x84 ./Middlewares/Third_Party/FreeRTOS/Source/timers.o
 .text.prvProcessReceivedCommands
                0x000000000800a55c      0x130 ./Middlewares/Third_Party/FreeRTOS/Source/timers.o
 .text.prvSwitchTimerLists
                0x000000000800a68c       0xb4 ./Middlewares/Third_Party/FreeRTOS/Source/timers.o
 .text.prvCheckForValidListAndQueue
                0x000000000800a740       0x84 ./Middlewares/Third_Party/FreeRTOS/Source/timers.o
 .text.pxPortInitialiseStack
                0x000000000800a7c4       0x54 ./Middlewares/Third_Party/FreeRTOS/Source/portable/GCC/ARM_CM0/port.o
                0x000000000800a7c4                pxPortInitialiseStack
 .text.prvTaskExitError
                0x000000000800a818       0x30 ./Middlewares/Third_Party/FreeRTOS/Source/portable/GCC/ARM_CM0/port.o
 .text.SVC_Handler
                0x000000000800a848        0xa ./Middlewares/Third_Party/FreeRTOS/Source/portable/GCC/ARM_CM0/port.o
                0x000000000800a848                SVC_Handler
 *fill*         0x000000000800a852        0xe 
 .text.vPortStartFirstTask
                0x000000000800a860       0x38 ./Middlewares/Third_Party/FreeRTOS/Source/portable/GCC/ARM_CM0/port.o
 .text.xPortStartScheduler
                0x000000000800a898       0x48 ./Middlewares/Third_Party/FreeRTOS/Source/portable/GCC/ARM_CM0/port.o
                0x000000000800a898                xPortStartScheduler
 .text.vPortYield
                0x000000000800a8e0       0x20 ./Middlewares/Third_Party/FreeRTOS/Source/portable/GCC/ARM_CM0/port.o
                0x000000000800a8e0                vPortYield
 .text.vPortEnterCritical
                0x000000000800a900       0x24 ./Middlewares/Third_Party/FreeRTOS/Source/portable/GCC/ARM_CM0/port.o
                0x000000000800a900                vPortEnterCritical
 .text.vPortExitCritical
                0x000000000800a924       0x30 ./Middlewares/Third_Party/FreeRTOS/Source/portable/GCC/ARM_CM0/port.o
                0x000000000800a924                vPortExitCritical
 .text.ulSetInterruptMaskFromISR
                0x000000000800a954        0xc ./Middlewares/Third_Party/FreeRTOS/Source/portable/GCC/ARM_CM0/port.o
                0x000000000800a954                ulSetInterruptMaskFromISR
 .text.vClearInterruptMaskFromISR
                0x000000000800a960        0x8 ./Middlewares/Third_Party/FreeRTOS/Source/portable/GCC/ARM_CM0/port.o
                0x000000000800a960                vClearInterruptMaskFromISR
 *fill*         0x000000000800a968        0x8 
 .text.PendSV_Handler
                0x000000000800a970       0x48 ./Middlewares/Third_Party/FreeRTOS/Source/portable/GCC/ARM_CM0/port.o
                0x000000000800a970                PendSV_Handler
 .text.xPortSysTickHandler
                0x000000000800a9b8       0x34 ./Middlewares/Third_Party/FreeRTOS/Source/portable/GCC/ARM_CM0/port.o
                0x000000000800a9b8                xPortSysTickHandler
 .text.prvSetupTimerInterrupt
                0x000000000800a9ec       0x44 ./Middlewares/Third_Party/FreeRTOS/Source/portable/GCC/ARM_CM0/port.o
 .text.pvPortMalloc
                0x000000000800aa30      0x14c ./Middlewares/Third_Party/FreeRTOS/Source/portable/MemMang/heap_4.o
                0x000000000800aa30                pvPortMalloc
 .text.vPortFree
                0x000000000800ab7c       0x90 ./Middlewares/Third_Party/FreeRTOS/Source/portable/MemMang/heap_4.o
                0x000000000800ab7c                vPortFree
 .text.prvHeapInit
                0x000000000800ac0c       0xc0 ./Middlewares/Third_Party/FreeRTOS/Source/portable/MemMang/heap_4.o
 .text.prvInsertBlockIntoFreeList
                0x000000000800accc       0xb0 ./Middlewares/Third_Party/FreeRTOS/Source/portable/MemMang/heap_4.o
 .text.__errno  0x000000000800ad7c        0xc c:/st/stm32cubeide_1.12.1/stm32cubeide/plugins/com.st.stm32cube.ide.mcu.externaltools.gnu-tools-for-stm32.10.3-2021.10.win32_1.0.200.202301161003/tools/bin/../lib/gcc/arm-none-eabi/10.3.1/../../../../arm-none-eabi/lib/thumb/v6-m/nofp\libc_nano.a(lib_a-errno.o)
                0x000000000800ad7c                __errno
 .text.__libc_init_array
                0x000000000800ad88       0x48 c:/st/stm32cubeide_1.12.1/stm32cubeide/plugins/com.st.stm32cube.ide.mcu.externaltools.gnu-tools-for-stm32.10.3-2021.10.win32_1.0.200.202301161003/tools/bin/../lib/gcc/arm-none-eabi/10.3.1/../../../../arm-none-eabi/lib/thumb/v6-m/nofp\libc_nano.a(lib_a-init.o)
                0x000000000800ad88                __libc_init_array
 .text.memcpy   0x000000000800add0       0x12 c:/st/stm32cubeide_1.12.1/stm32cubeide/plugins/com.st.stm32cube.ide.mcu.externaltools.gnu-tools-for-stm32.10.3-2021.10.win32_1.0.200.202301161003/tools/bin/../lib/gcc/arm-none-eabi/10.3.1/../../../../arm-none-eabi/lib/thumb/v6-m/nofp\libc_nano.a(lib_a-memcpy-stub.o)
                0x000000000800add0                memcpy
 .text.memset   0x000000000800ade2       0x10 c:/st/stm32cubeide_1.12.1/stm32cubeide/plugins/com.st.stm32cube.ide.mcu.externaltools.gnu-tools-for-stm32.10.3-2021.10.win32_1.0.200.202301161003/tools/bin/../lib/gcc/arm-none-eabi/10.3.1/../../../../arm-none-eabi/lib/thumb/v6-m/nofp\libc_nano.a(lib_a-memset.o)
                0x000000000800ade2                memset
 *fill*         0x000000000800adf2        0x2 
 .text.snprintf
                0x000000000800adf4       0x68 c:/st/stm32cubeide_1.12.1/stm32cubeide/plugins/com.st.stm32cube.ide.mcu.externaltools.gnu-tools-for-stm32.10.3-2021.10.win32_1.0.200.202301161003/tools/bin/../lib/gcc/arm-none-eabi/10.3.1/../../../../arm-none-eabi/lib/thumb/v6-m/nofp\libc_nano.a(lib_a-snprintf.o)
                0x000000000800adf4                sniprintf
                0x000000000800adf4                snprintf
 .text.sprintf  0x000000000800ae5c       0x40 c:/st/stm32cubeide_1.12.1/stm32cubeide/plugins/com.st.stm32cube.ide.mcu.externaltools.gnu-tools-for-stm32.10.3-2021.10.win32_1.0.200.202301161003/tools/bin/../lib/gcc/arm-none-eabi/10.3.1/../../../../arm-none-eabi/lib/thumb/v6-m/nofp\libc_nano.a(lib_a-sprintf.o)
                0x000000000800ae5c                siprintf
                0x000000000800ae5c                sprintf
 .text.__ssputs_r
                0x000000000800ae9c       0xc4 c:/st/stm32cubeide_1.12.1/stm32cubeide/plugins/com.st.stm32cube.ide.mcu.externaltools.gnu-tools-for-stm32.10.3-2021.10.win32_1.0.200.202301161003/tools/bin/../lib/gcc/arm-none-eabi/10.3.1/../../../../arm-none-eabi/lib/thumb/v6-m/nofp\libc_nano.a(lib_a-nano-svfprintf.o)
                0x000000000800ae9c                __ssputs_r
 .text._svfprintf_r
                0x000000000800af60      0x200 c:/st/stm32cubeide_1.12.1/stm32cubeide/plugins/com.st.stm32cube.ide.mcu.externaltools.gnu-tools-for-stm32.10.3-2021.10.win32_1.0.200.202301161003/tools/bin/../lib/gcc/arm-none-eabi/10.3.1/../../../../arm-none-eabi/lib/thumb/v6-m/nofp\libc_nano.a(lib_a-nano-svfprintf.o)
                0x000000000800af60                _svfiprintf_r
                0x000000000800af60                _svfprintf_r
 .text._printf_common
                0x000000000800b160       0xde c:/st/stm32cubeide_1.12.1/stm32cubeide/plugins/com.st.stm32cube.ide.mcu.externaltools.gnu-tools-for-stm32.10.3-2021.10.win32_1.0.200.202301161003/tools/bin/../lib/gcc/arm-none-eabi/10.3.1/../../../../arm-none-eabi/lib/thumb/v6-m/nofp\libc_nano.a(lib_a-nano-vfprintf_i.o)
                0x000000000800b160                _printf_common
 *fill*         0x000000000800b23e        0x2 
 .text._printf_i
                0x000000000800b240      0x224 c:/st/stm32cubeide_1.12.1/stm32cubeide/plugins/com.st.stm32cube.ide.mcu.externaltools.gnu-tools-for-stm32.10.3-2021.10.win32_1.0.200.202301161003/tools/bin/../lib/gcc/arm-none-eabi/10.3.1/../../../../arm-none-eabi/lib/thumb/v6-m/nofp\libc_nano.a(lib_a-nano-vfprintf_i.o)
                0x000000000800b240                _printf_i
 .text.memchr   0x000000000800b464       0x16 c:/st/stm32cubeide_1.12.1/stm32cubeide/plugins/com.st.stm32cube.ide.mcu.externaltools.gnu-tools-for-stm32.10.3-2021.10.win32_1.0.200.202301161003/tools/bin/../lib/gcc/arm-none-eabi/10.3.1/../../../../arm-none-eabi/lib/thumb/v6-m/nofp\libc_nano.a(lib_a-memchr-stub.o)
                0x000000000800b464                memchr
 .text.memmove  0x000000000800b47a       0x26 c:/st/stm32cubeide_1.12.1/stm32cubeide/plugins/com.st.stm32cube.ide.mcu.externaltools.gnu-tools-for-stm32.10.3-2021.10.win32_1.0.200.202301161003/tools/bin/../lib/gcc/arm-none-eabi/10.3.1/../../../../arm-none-eabi/lib/thumb/v6-m/nofp\libc_nano.a(lib_a-memmove.o)
                0x000000000800b47a                memmove
 .text._free_r  0x000000000800b4a0       0x94 c:/st/stm32cubeide_1.12.1/stm32cubeide/plugins/com.st.stm32cube.ide.mcu.externaltools.gnu-tools-for-stm32.10.3-2021.10.win32_1.0.200.202301161003/tools/bin/../lib/gcc/arm-none-eabi/10.3.1/../../../../arm-none-eabi/lib/thumb/v6-m/nofp\libc_nano.a(lib_a-nano-freer.o)
                0x000000000800b4a0                _free_r
 .text.sbrk_aligned
                0x000000000800b534       0x44 c:/st/stm32cubeide_1.12.1/stm32cubeide/plugins/com.st.stm32cube.ide.mcu.externaltools.gnu-tools-for-stm32.10.3-2021.10.win32_1.0.200.202301161003/tools/bin/../lib/gcc/arm-none-eabi/10.3.1/../../../../arm-none-eabi/lib/thumb/v6-m/nofp\libc_nano.a(lib_a-nano-mallocr.o)
 .text._malloc_r
                0x000000000800b578       0xec c:/st/stm32cubeide_1.12.1/stm32cubeide/plugins/com.st.stm32cube.ide.mcu.externaltools.gnu-tools-for-stm32.10.3-2021.10.win32_1.0.200.202301161003/tools/bin/../lib/gcc/arm-none-eabi/10.3.1/../../../../arm-none-eabi/lib/thumb/v6-m/nofp\libc_nano.a(lib_a-nano-mallocr.o)
                0x000000000800b578                _malloc_r
 .text._realloc_r
                0x000000000800b664       0x5e c:/st/stm32cubeide_1.12.1/stm32cubeide/plugins/com.st.stm32cube.ide.mcu.externaltools.gnu-tools-for-stm32.10.3-2021.10.win32_1.0.200.202301161003/tools/bin/../lib/gcc/arm-none-eabi/10.3.1/../../../../arm-none-eabi/lib/thumb/v6-m/nofp\libc_nano.a(lib_a-nano-reallocr.o)
                0x000000000800b664                _realloc_r
 *fill*         0x000000000800b6c2        0x2 
 .text._sbrk_r  0x000000000800b6c4       0x24 c:/st/stm32cubeide_1.12.1/stm32cubeide/plugins/com.st.stm32cube.ide.mcu.externaltools.gnu-tools-for-stm32.10.3-2021.10.win32_1.0.200.202301161003/tools/bin/../lib/gcc/arm-none-eabi/10.3.1/../../../../arm-none-eabi/lib/thumb/v6-m/nofp\libc_nano.a(lib_a-sbrkr.o)
                0x000000000800b6c4                _sbrk_r
 .text.__malloc_lock
                0x000000000800b6e8       0x10 c:/st/stm32cubeide_1.12.1/stm32cubeide/plugins/com.st.stm32cube.ide.mcu.externaltools.gnu-tools-for-stm32.10.3-2021.10.win32_1.0.200.202301161003/tools/bin/../lib/gcc/arm-none-eabi/10.3.1/../../../../arm-none-eabi/lib/thumb/v6-m/nofp\libc_nano.a(lib_a-mlock.o)
                0x000000000800b6e8                __malloc_lock
 .text.__malloc_unlock
                0x000000000800b6f8       0x10 c:/st/stm32cubeide_1.12.1/stm32cubeide/plugins/com.st.stm32cube.ide.mcu.externaltools.gnu-tools-for-stm32.10.3-2021.10.win32_1.0.200.202301161003/tools/bin/../lib/gcc/arm-none-eabi/10.3.1/../../../../arm-none-eabi/lib/thumb/v6-m/nofp\libc_nano.a(lib_a-mlock.o)
                0x000000000800b6f8                __malloc_unlock
 .text._malloc_usable_size_r
                0x000000000800b708       0x10 c:/st/stm32cubeide_1.12.1/stm32cubeide/plugins/com.st.stm32cube.ide.mcu.externaltools.gnu-tools-for-stm32.10.3-2021.10.win32_1.0.200.202301161003/tools/bin/../lib/gcc/arm-none-eabi/10.3.1/../../../../arm-none-eabi/lib/thumb/v6-m/nofp\libc_nano.a(lib_a-nano-msizer.o)
                0x000000000800b708                _malloc_usable_size_r
 .text.__retarget_lock_acquire_recursive
                0x000000000800b718        0x2 c:/st/stm32cubeide_1.12.1/stm32cubeide/plugins/com.st.stm32cube.ide.mcu.externaltools.gnu-tools-for-stm32.10.3-2021.10.win32_1.0.200.202301161003/tools/bin/../lib/gcc/arm-none-eabi/10.3.1/../../../../arm-none-eabi/lib/thumb/v6-m/nofp\libc_nano.a(lib_a-lock.o)
                0x000000000800b718                __retarget_lock_acquire_recursive
 .text.__retarget_lock_release_recursive
                0x000000000800b71a        0x2 c:/st/stm32cubeide_1.12.1/stm32cubeide/plugins/com.st.stm32cube.ide.mcu.externaltools.gnu-tools-for-stm32.10.3-2021.10.win32_1.0.200.202301161003/tools/bin/../lib/gcc/arm-none-eabi/10.3.1/../../../../arm-none-eabi/lib/thumb/v6-m/nofp\libc_nano.a(lib_a-lock.o)
                0x000000000800b71a                __retarget_lock_release_recursive
 *(.glue_7)
 .glue_7        0x000000000800b71c        0x0 linker stubs
 *(.glue_7t)
 .glue_7t       0x000000000800b71c        0x0 linker stubs
 *(.eh_frame)
 .eh_frame      0x000000000800b71c        0x0 c:/st/stm32cubeide_1.12.1/stm32cubeide/plugins/com.st.stm32cube.ide.mcu.externaltools.gnu-tools-for-stm32.10.3-2021.10.win32_1.0.200.202301161003/tools/bin/../lib/gcc/arm-none-eabi/10.3.1/thumb/v6-m/nofp/crtbegin.o
 *(.init)
 .init          0x000000000800b71c        0x4 c:/st/stm32cubeide_1.12.1/stm32cubeide/plugins/com.st.stm32cube.ide.mcu.externaltools.gnu-tools-for-stm32.10.3-2021.10.win32_1.0.200.202301161003/tools/bin/../lib/gcc/arm-none-eabi/10.3.1/thumb/v6-m/nofp/crti.o
                0x000000000800b71c                _init
 .init          0x000000000800b720        0x8 c:/st/stm32cubeide_1.12.1/stm32cubeide/plugins/com.st.stm32cube.ide.mcu.externaltools.gnu-tools-for-stm32.10.3-2021.10.win32_1.0.200.202301161003/tools/bin/../lib/gcc/arm-none-eabi/10.3.1/thumb/v6-m/nofp/crtn.o
 *(.fini)
 .fini          0x000000000800b728        0x4 c:/st/stm32cubeide_1.12.1/stm32cubeide/plugins/com.st.stm32cube.ide.mcu.externaltools.gnu-tools-for-stm32.10.3-2021.10.win32_1.0.200.202301161003/tools/bin/../lib/gcc/arm-none-eabi/10.3.1/thumb/v6-m/nofp/crti.o
                0x000000000800b728                _fini
 .fini          0x000000000800b72c        0x8 c:/st/stm32cubeide_1.12.1/stm32cubeide/plugins/com.st.stm32cube.ide.mcu.externaltools.gnu-tools-for-stm32.10.3-2021.10.win32_1.0.200.202301161003/tools/bin/../lib/gcc/arm-none-eabi/10.3.1/thumb/v6-m/nofp/crtn.o
                0x000000000800b734                . = ALIGN (0x4)
                0x000000000800b734                _etext = .

.vfp11_veneer   0x000000000800b734        0x0
 .vfp11_veneer  0x000000000800b734        0x0 linker stubs

.v4_bx          0x000000000800b734        0x0
 .v4_bx         0x000000000800b734        0x0 linker stubs

.iplt           0x000000000800b734        0x0
 .iplt          0x000000000800b734        0x0 c:/st/stm32cubeide_1.12.1/stm32cubeide/plugins/com.st.stm32cube.ide.mcu.externaltools.gnu-tools-for-stm32.10.3-2021.10.win32_1.0.200.202301161003/tools/bin/../lib/gcc/arm-none-eabi/10.3.1/thumb/v6-m/nofp/crtbegin.o

.rodata         0x000000000800b734     0x2c88
                0x000000000800b734                . = ALIGN (0x4)
 *(.rodata)
 .rodata        0x000000000800b734      0x15c ./Core/Src/ble.o
 .rodata        0x000000000800b890       0xaf ./Core/Src/main.o
 *fill*         0x000000000800b93f        0x1 
 .rodata        0x000000000800b940        0x6 ./Core/Src/ssd1306_service.o
 *fill*         0x000000000800b946        0x2 
 .rodata        0x000000000800b948       0x24 ./Core/Src/temp_sensor.o
 .rodata        0x000000000800b96c        0x5 ./Middlewares/Third_Party/FreeRTOS/Source/tasks.o
 *fill*         0x000000000800b971        0x3 
 .rodata        0x000000000800b974        0xd ./Middlewares/Third_Party/FreeRTOS/Source/timers.o
 *fill*         0x000000000800b981        0x3 
 .rodata        0x000000000800b984       0x40 c:/st/stm32cubeide_1.12.1/stm32cubeide/plugins/com.st.stm32cube.ide.mcu.externaltools.gnu-tools-for-stm32.10.3-2021.10.win32_1.0.200.202301161003/tools/bin/../lib/gcc/arm-none-eabi/10.3.1/thumb/v6-m/nofp\libgcc.a(mulsf3.o)
 .rodata        0x000000000800b9c4       0x40 c:/st/stm32cubeide_1.12.1/stm32cubeide/plugins/com.st.stm32cube.ide.mcu.externaltools.gnu-tools-for-stm32.10.3-2021.10.win32_1.0.200.202301161003/tools/bin/../lib/gcc/arm-none-eabi/10.3.1/thumb/v6-m/nofp\libgcc.a(muldf3.o)
 *(.rodata*)
 .rodata.BLE_Task_attributes
                0x000000000800ba04       0x24 ./Core/Src/main.o
                0x000000000800ba04                BLE_Task_attributes
 .rodata.Display_Task_attributes
                0x000000000800ba28       0x24 ./Core/Src/main.o
                0x000000000800ba28                Display_Task_attributes
 .rodata.TempSensor_Task_attributes
                0x000000000800ba4c       0x24 ./Core/Src/main.o
                0x000000000800ba4c                TempSensor_Task_attributes
 .rodata.Main_TaskHandle_attributes
                0x000000000800ba70       0x24 ./Core/Src/main.o
                0x000000000800ba70                Main_TaskHandle_attributes
 .rodata.RFID_TaskHandle_attributes
                0x000000000800ba94       0x24 ./Core/Src/main.o
                0x000000000800ba94                RFID_TaskHandle_attributes
 .rodata.I2C1_Mutex_attributes
                0x000000000800bab8       0x10 ./Core/Src/main.o
                0x000000000800bab8                I2C1_Mutex_attributes
 .rodata.Font7x10
                0x000000000800bac8      0x76c ./Core/Src/ssd1306_fonts.o
 .rodata.Font11x18
                0x000000000800c234      0xd5c ./Core/Src/ssd1306_fonts.o
 .rodata.Font16x26
                0x000000000800cf90     0x134c ./Core/Src/ssd1306_fonts.o
 .rodata.Font_7x10
                0x000000000800e2dc        0xc ./Core/Src/ssd1306_fonts.o
                0x000000000800e2dc                Font_7x10
 .rodata.Font_11x18
                0x000000000800e2e8        0xc ./Core/Src/ssd1306_fonts.o
                0x000000000800e2e8                Font_11x18
 .rodata.Font_16x26
                0x000000000800e2f4        0xc ./Core/Src/ssd1306_fonts.o
                0x000000000800e2f4                Font_16x26
 .rodata.AHBPrescTable
                0x000000000800e300       0x10 ./Core/Src/system_stm32f0xx.o
                0x000000000800e300                AHBPrescTable
 .rodata.APBPrescTable
                0x000000000800e310        0x8 ./Core/Src/system_stm32f0xx.o
                0x000000000800e310                APBPrescTable
 .rodata.aPLLMULFactorTable.1
                0x000000000800e318       0x10 ./Drivers/STM32F0xx_HAL_Driver/Src/stm32f0xx_hal_rcc.o
 .rodata.aPredivFactorTable.0
                0x000000000800e328       0x10 ./Drivers/STM32F0xx_HAL_Driver/Src/stm32f0xx_hal_rcc.o
 .rodata.xTaskGenericNotify
                0x000000000800e338       0x14 ./Middlewares/Third_Party/FreeRTOS/Source/tasks.o
 .rodata.xTaskGenericNotifyFromISR
                0x000000000800e34c       0x14 ./Middlewares/Third_Party/FreeRTOS/Source/tasks.o
 .rodata.prvProcessReceivedCommands
                0x000000000800e360       0x28 ./Middlewares/Third_Party/FreeRTOS/Source/timers.o
 .rodata._svfprintf_r.str1.1
                0x000000000800e388       0x11 c:/st/stm32cubeide_1.12.1/stm32cubeide/plugins/com.st.stm32cube.ide.mcu.externaltools.gnu-tools-for-stm32.10.3-2021.10.win32_1.0.200.202301161003/tools/bin/../lib/gcc/arm-none-eabi/10.3.1/../../../../arm-none-eabi/lib/thumb/v6-m/nofp\libc_nano.a(lib_a-nano-svfprintf.o)
 .rodata._printf_i.str1.1
                0x000000000800e399       0x22 c:/st/stm32cubeide_1.12.1/stm32cubeide/plugins/com.st.stm32cube.ide.mcu.externaltools.gnu-tools-for-stm32.10.3-2021.10.win32_1.0.200.202301161003/tools/bin/../lib/gcc/arm-none-eabi/10.3.1/../../../../arm-none-eabi/lib/thumb/v6-m/nofp\libc_nano.a(lib_a-nano-vfprintf_i.o)
                0x000000000800e3bc                . = ALIGN (0x4)
 *fill*         0x000000000800e3bb        0x1 

.rel.dyn        0x000000000800e3bc        0x0
 .rel.iplt      0x000000000800e3bc        0x0 c:/st/stm32cubeide_1.12.1/stm32cubeide/plugins/com.st.stm32cube.ide.mcu.externaltools.gnu-tools-for-stm32.10.3-2021.10.win32_1.0.200.202301161003/tools/bin/../lib/gcc/arm-none-eabi/10.3.1/thumb/v6-m/nofp/crtbegin.o

.ARM.extab      0x000000000800e3bc        0x0
                0x000000000800e3bc                . = ALIGN (0x4)
 *(.ARM.extab* .gnu.linkonce.armextab.*)
                0x000000000800e3bc                . = ALIGN (0x4)

.ARM            0x000000000800e3bc        0x0
                0x000000000800e3bc                . = ALIGN (0x4)
                0x000000000800e3bc                __exidx_start = .
 *(.ARM.exidx*)
                0x000000000800e3bc                __exidx_end = .
                0x000000000800e3bc                . = ALIGN (0x4)

.preinit_array  0x000000000800e3bc        0x0
                0x000000000800e3bc                . = ALIGN (0x4)
                0x000000000800e3bc                PROVIDE (__preinit_array_start = .)
 *(.preinit_array*)
                0x000000000800e3bc                PROVIDE (__preinit_array_end = .)
                0x000000000800e3bc                . = ALIGN (0x4)

.init_array     0x000000000800e3bc        0x4
                0x000000000800e3bc                . = ALIGN (0x4)
                0x000000000800e3bc                PROVIDE (__init_array_start = .)
 *(SORT_BY_NAME(.init_array.*))
 *(.init_array*)
 .init_array    0x000000000800e3bc        0x4 c:/st/stm32cubeide_1.12.1/stm32cubeide/plugins/com.st.stm32cube.ide.mcu.externaltools.gnu-tools-for-stm32.10.3-2021.10.win32_1.0.200.202301161003/tools/bin/../lib/gcc/arm-none-eabi/10.3.1/thumb/v6-m/nofp/crtbegin.o
                0x000000000800e3c0                PROVIDE (__init_array_end = .)
                0x000000000800e3c0                . = ALIGN (0x4)

.fini_array     0x000000000800e3c0        0x4
                0x000000000800e3c0                . = ALIGN (0x4)
                [!provide]                        PROVIDE (__fini_array_start = .)
 *(SORT_BY_NAME(.fini_array.*))
 *(.fini_array*)
 .fini_array    0x000000000800e3c0        0x4 c:/st/stm32cubeide_1.12.1/stm32cubeide/plugins/com.st.stm32cube.ide.mcu.externaltools.gnu-tools-for-stm32.10.3-2021.10.win32_1.0.200.202301161003/tools/bin/../lib/gcc/arm-none-eabi/10.3.1/thumb/v6-m/nofp/crtbegin.o
                [!provide]                        PROVIDE (__fini_array_end = .)
                0x000000000800e3c4                . = ALIGN (0x4)
                0x000000000800e3c4                _sidata = LOADADDR (.data)

.data           0x0000000020000000       0x78 load address 0x000000000800e3c4
                0x0000000020000000                . = ALIGN (0x4)
                0x0000000020000000                _sdata = .
 *(.data)
 *(.data*)
 .data.SystemCoreClock
                0x0000000020000000        0x4 ./Core/Src/system_stm32f0xx.o
                0x0000000020000000                SystemCoreClock
 .data.display_temp
                0x0000000020000004        0x1 ./Core/Src/temp_sensor.o
                0x0000000020000004                display_temp
 *fill*         0x0000000020000005        0x3 
 .data.uwTickPrio
                0x0000000020000008        0x4 ./Drivers/STM32F0xx_HAL_Driver/Src/stm32f0xx_hal.o
                0x0000000020000008                uwTickPrio
 .data.uwTickFreq
                0x000000002000000c        0x1 ./Drivers/STM32F0xx_HAL_Driver/Src/stm32f0xx_hal.o
                0x000000002000000c                uwTickFreq
 *fill*         0x000000002000000d        0x3 
 .data.uxCriticalNesting
                0x0000000020000010        0x4 ./Middlewares/Third_Party/FreeRTOS/Source/portable/GCC/ARM_CM0/port.o
 .data._impure_ptr
                0x0000000020000014        0x4 c:/st/stm32cubeide_1.12.1/stm32cubeide/plugins/com.st.stm32cube.ide.mcu.externaltools.gnu-tools-for-stm32.10.3-2021.10.win32_1.0.200.202301161003/tools/bin/../lib/gcc/arm-none-eabi/10.3.1/../../../../arm-none-eabi/lib/thumb/v6-m/nofp\libc_nano.a(lib_a-impure.o)
                0x0000000020000014                _impure_ptr
 .data.impure_data
                0x0000000020000018       0x60 c:/st/stm32cubeide_1.12.1/stm32cubeide/plugins/com.st.stm32cube.ide.mcu.externaltools.gnu-tools-for-stm32.10.3-2021.10.win32_1.0.200.202301161003/tools/bin/../lib/gcc/arm-none-eabi/10.3.1/../../../../arm-none-eabi/lib/thumb/v6-m/nofp\libc_nano.a(lib_a-impure.o)
 *(.RamFunc)
 *(.RamFunc*)
                0x0000000020000078                . = ALIGN (0x4)
                0x0000000020000078                _edata = .

.igot.plt       0x0000000020000078        0x0 load address 0x000000000800e43c
 .igot.plt      0x0000000020000078        0x0 c:/st/stm32cubeide_1.12.1/stm32cubeide/plugins/com.st.stm32cube.ide.mcu.externaltools.gnu-tools-for-stm32.10.3-2021.10.win32_1.0.200.202301161003/tools/bin/../lib/gcc/arm-none-eabi/10.3.1/thumb/v6-m/nofp/crtbegin.o
                0x0000000020000078                . = ALIGN (0x4)

.bss            0x0000000020000078     0x21b8 load address 0x000000000800e43c
                0x0000000020000078                _sbss = .
                0x0000000020000078                __bss_start__ = _sbss
 *(.bss)
 .bss           0x0000000020000078       0x1c c:/st/stm32cubeide_1.12.1/stm32cubeide/plugins/com.st.stm32cube.ide.mcu.externaltools.gnu-tools-for-stm32.10.3-2021.10.win32_1.0.200.202301161003/tools/bin/../lib/gcc/arm-none-eabi/10.3.1/thumb/v6-m/nofp/crtbegin.o
 *(.bss*)
 .bss.status    0x0000000020000094        0x1 ./Core/Src/RC522_RFID.o
                0x0000000020000094                status
 *fill*         0x0000000020000095        0x3 
 .bss.str       0x0000000020000098       0x10 ./Core/Src/RC522_RFID.o
                0x0000000020000098                str
 .bss.sNum      0x00000000200000a8        0x5 ./Core/Src/RC522_RFID.o
                0x00000000200000a8                sNum
 .bss.new_pin_signal
                0x00000000200000ad        0x1 ./Core/Src/ble.o
                0x00000000200000ad                new_pin_signal
 .bss.pin_reset_too_many_attempts
                0x00000000200000ae        0x1 ./Core/Src/ble.o
                0x00000000200000ae                pin_reset_too_many_attempts
 *fill*         0x00000000200000af        0x1 
 .bss.eeprom_data
                0x00000000200000b0        0x4 ./Core/Src/ble.o
                0x00000000200000b0                eeprom_data
 .bss.access_request_counter
                0x00000000200000b4        0x1 ./Core/Src/ble.o
                0x00000000200000b4                access_request_counter
 .bss.pin_change_counter
                0x00000000200000b5        0x1 ./Core/Src/ble.o
                0x00000000200000b5                pin_change_counter
 .bss.ble_command
                0x00000000200000b6        0x2 ./Core/Src/ble.o
                0x00000000200000b6                ble_command
 .bss.current_pin
                0x00000000200000b8        0x2 ./Core/Src/ble.o
                0x00000000200000b8                current_pin
 *fill*         0x00000000200000ba        0x2 
 .bss.pin_reset_attempt_again_timer
                0x00000000200000bc        0x4 ./Core/Src/ble.o
                0x00000000200000bc                pin_reset_attempt_again_timer
 .bss.set_pin_timeflag
                0x00000000200000c0        0x4 ./Core/Src/ble.o
                0x00000000200000c0                set_pin_timeflag
 .bss.set_pin_timeout
                0x00000000200000c4        0x4 ./Core/Src/ble.o
                0x00000000200000c4                set_pin_timeout
 .bss.attempt_again_timer
                0x00000000200000c8        0x4 ./Core/Src/ble.o
                0x00000000200000c8                attempt_again_timer
 .bss.timeOpen  0x00000000200000cc        0x4 ./Core/Src/ble.o
                0x00000000200000cc                timeOpen
 .bss.print_buffer
                0x00000000200000d0       0x32 ./Core/Src/ble.o
                0x00000000200000d0                print_buffer
 *fill*         0x0000000020000102        0x2 
 .bss.rx_buf    0x0000000020000104        0x4 ./Core/Src/ble.o
                0x0000000020000104                rx_buf
 .bss.set_pin_mode
                0x0000000020000108        0x1 ./Core/Src/ble.o
                0x0000000020000108                set_pin_mode
 .bss.door_status
                0x0000000020000109        0x1 ./Core/Src/ble.o
                0x0000000020000109                door_status
 .bss.access_request_too_many_attempts
                0x000000002000010a        0x1 ./Core/Src/ble.o
                0x000000002000010a                access_request_too_many_attempts
 *fill*         0x000000002000010b        0x1 
 .bss.b.0       0x000000002000010c       0x32 ./Core/Src/ble.o
 *fill*         0x000000002000013e        0x2 
 .bss.hi2c1     0x0000000020000140       0x54 ./Core/Src/main.o
                0x0000000020000140                hi2c1
 .bss.hspi1     0x0000000020000194       0x64 ./Core/Src/main.o
                0x0000000020000194                hspi1
 .bss.htim16    0x00000000200001f8       0x48 ./Core/Src/main.o
                0x00000000200001f8                htim16
 .bss.huart1    0x0000000020000240       0x88 ./Core/Src/main.o
                0x0000000020000240                huart1
 .bss.huart2    0x00000000200002c8       0x88 ./Core/Src/main.o
                0x00000000200002c8                huart2
 .bss.hdma_usart1_rx
                0x0000000020000350       0x44 ./Core/Src/main.o
                0x0000000020000350                hdma_usart1_rx
 .bss.hdma_usart1_tx
                0x0000000020000394       0x44 ./Core/Src/main.o
                0x0000000020000394                hdma_usart1_tx
 .bss.BLE_TaskHandle
                0x00000000200003d8        0x4 ./Core/Src/main.o
                0x00000000200003d8                BLE_TaskHandle
 .bss.Display_TaskHandle
                0x00000000200003dc        0x4 ./Core/Src/main.o
                0x00000000200003dc                Display_TaskHandle
 .bss.TempSensor_TaskHandle
                0x00000000200003e0        0x4 ./Core/Src/main.o
                0x00000000200003e0                TempSensor_TaskHandle
 .bss.Main_TaskHandleHandle
                0x00000000200003e4        0x4 ./Core/Src/main.o
                0x00000000200003e4                Main_TaskHandleHandle
 .bss.RFID_TaskHandleHandle
                0x00000000200003e8        0x4 ./Core/Src/main.o
                0x00000000200003e8                RFID_TaskHandleHandle
 .bss.I2C1_MutexHandle
                0x00000000200003ec        0x4 ./Core/Src/main.o
                0x00000000200003ec                I2C1_MutexHandle
 .bss.timeCheck
                0x00000000200003f0        0x4 ./Core/Src/main.o
                0x00000000200003f0                timeCheck
 .bss.SSD1306_Buffer
                0x00000000200003f4      0x400 ./Core/Src/ssd1306.o
 .bss.SSD1306   0x00000000200007f4        0x6 ./Core/Src/ssd1306.o
 *fill*         0x00000000200007fa        0x2 
 .bss.b         0x00000000200007fc        0x5 ./Core/Src/ssd1306_service.o
                0x00000000200007fc                b
 *fill*         0x0000000020000801        0x3 
 .bss.t         0x0000000020000804        0x4 ./Core/Src/ssd1306_service.o
                0x0000000020000804                t
 .bss.timer_val
                0x0000000020000808        0x2 ./Core/Src/ssd1306_service.o
 *fill*         0x000000002000080a        0x2 
 .bss.__sbrk_heap_end
                0x000000002000080c        0x4 ./Core/Src/sysmem.o
 .bss.currentMillis
                0x0000000020000810        0x4 ./Core/Src/temp_sensor.o
                0x0000000020000810                currentMillis
 .bss.previousMillis
                0x0000000020000814        0x4 ./Core/Src/temp_sensor.o
                0x0000000020000814                previousMillis
 .bss.ret       0x0000000020000818        0x1 ./Core/Src/temp_sensor.o
                0x0000000020000818                ret
 *fill*         0x0000000020000819        0x1 
 .bss.val       0x000000002000081a        0x2 ./Core/Src/temp_sensor.o
                0x000000002000081a                val
 .bss.temp_buffer
                0x000000002000081c        0xc ./Core/Src/temp_sensor.o
                0x000000002000081c                temp_buffer
 .bss.temp_c    0x0000000020000828        0x4 ./Core/Src/temp_sensor.o
                0x0000000020000828                temp_c
 .bss.uwTick    0x000000002000082c        0x4 ./Drivers/STM32F0xx_HAL_Driver/Src/stm32f0xx_hal.o
                0x000000002000082c                uwTick
 .bss.KernelState
                0x0000000020000830        0x4 ./Middlewares/Third_Party/FreeRTOS/Source/CMSIS_RTOS_V2/cmsis_os2.o
 .bss.Idle_TCB  0x0000000020000834       0x5c ./Middlewares/Third_Party/FreeRTOS/Source/CMSIS_RTOS_V2/cmsis_os2.o
 .bss.Idle_Stack
                0x0000000020000890      0x200 ./Middlewares/Third_Party/FreeRTOS/Source/CMSIS_RTOS_V2/cmsis_os2.o
 .bss.Timer_TCB
                0x0000000020000a90       0x5c ./Middlewares/Third_Party/FreeRTOS/Source/CMSIS_RTOS_V2/cmsis_os2.o
 .bss.Timer_Stack
                0x0000000020000aec      0x400 ./Middlewares/Third_Party/FreeRTOS/Source/CMSIS_RTOS_V2/cmsis_os2.o
 .bss.xQueueRegistry
                0x0000000020000eec       0x40 ./Middlewares/Third_Party/FreeRTOS/Source/queue.o
                0x0000000020000eec                xQueueRegistry
 .bss.pxCurrentTCB
                0x0000000020000f2c        0x4 ./Middlewares/Third_Party/FreeRTOS/Source/tasks.o
                0x0000000020000f2c                pxCurrentTCB
 .bss.pxReadyTasksLists
                0x0000000020000f30      0x460 ./Middlewares/Third_Party/FreeRTOS/Source/tasks.o
 .bss.xDelayedTaskList1
                0x0000000020001390       0x14 ./Middlewares/Third_Party/FreeRTOS/Source/tasks.o
 .bss.xDelayedTaskList2
                0x00000000200013a4       0x14 ./Middlewares/Third_Party/FreeRTOS/Source/tasks.o
 .bss.pxDelayedTaskList
                0x00000000200013b8        0x4 ./Middlewares/Third_Party/FreeRTOS/Source/tasks.o
 .bss.pxOverflowDelayedTaskList
                0x00000000200013bc        0x4 ./Middlewares/Third_Party/FreeRTOS/Source/tasks.o
 .bss.xPendingReadyList
                0x00000000200013c0       0x14 ./Middlewares/Third_Party/FreeRTOS/Source/tasks.o
 .bss.xTasksWaitingTermination
                0x00000000200013d4       0x14 ./Middlewares/Third_Party/FreeRTOS/Source/tasks.o
 .bss.uxDeletedTasksWaitingCleanUp
                0x00000000200013e8        0x4 ./Middlewares/Third_Party/FreeRTOS/Source/tasks.o
 .bss.xSuspendedTaskList
                0x00000000200013ec       0x14 ./Middlewares/Third_Party/FreeRTOS/Source/tasks.o
 .bss.uxCurrentNumberOfTasks
                0x0000000020001400        0x4 ./Middlewares/Third_Party/FreeRTOS/Source/tasks.o
 .bss.xTickCount
                0x0000000020001404        0x4 ./Middlewares/Third_Party/FreeRTOS/Source/tasks.o
 .bss.uxTopReadyPriority
                0x0000000020001408        0x4 ./Middlewares/Third_Party/FreeRTOS/Source/tasks.o
 .bss.xSchedulerRunning
                0x000000002000140c        0x4 ./Middlewares/Third_Party/FreeRTOS/Source/tasks.o
 .bss.uxPendedTicks
                0x0000000020001410        0x4 ./Middlewares/Third_Party/FreeRTOS/Source/tasks.o
 .bss.xYieldPending
                0x0000000020001414        0x4 ./Middlewares/Third_Party/FreeRTOS/Source/tasks.o
 .bss.xNumOfOverflows
                0x0000000020001418        0x4 ./Middlewares/Third_Party/FreeRTOS/Source/tasks.o
 .bss.uxTaskNumber
                0x000000002000141c        0x4 ./Middlewares/Third_Party/FreeRTOS/Source/tasks.o
 .bss.xNextTaskUnblockTime
                0x0000000020001420        0x4 ./Middlewares/Third_Party/FreeRTOS/Source/tasks.o
 .bss.xIdleTaskHandle
                0x0000000020001424        0x4 ./Middlewares/Third_Party/FreeRTOS/Source/tasks.o
 .bss.uxSchedulerSuspended
                0x0000000020001428        0x4 ./Middlewares/Third_Party/FreeRTOS/Source/tasks.o
 .bss.xActiveTimerList1
                0x000000002000142c       0x14 ./Middlewares/Third_Party/FreeRTOS/Source/timers.o
 .bss.xActiveTimerList2
                0x0000000020001440       0x14 ./Middlewares/Third_Party/FreeRTOS/Source/timers.o
 .bss.pxCurrentTimerList
                0x0000000020001454        0x4 ./Middlewares/Third_Party/FreeRTOS/Source/timers.o
 .bss.pxOverflowTimerList
                0x0000000020001458        0x4 ./Middlewares/Third_Party/FreeRTOS/Source/timers.o
 .bss.xTimerQueue
                0x000000002000145c        0x4 ./Middlewares/Third_Party/FreeRTOS/Source/timers.o
 .bss.xTimerTaskHandle
                0x0000000020001460        0x4 ./Middlewares/Third_Party/FreeRTOS/Source/timers.o
 .bss.xLastTime.2
                0x0000000020001464        0x4 ./Middlewares/Third_Party/FreeRTOS/Source/timers.o
 .bss.ucStaticTimerQueueStorage.1
                0x0000000020001468       0xa0 ./Middlewares/Third_Party/FreeRTOS/Source/timers.o
 .bss.xStaticTimerQueue.0
                0x0000000020001508       0x50 ./Middlewares/Third_Party/FreeRTOS/Source/timers.o
 .bss.ucHeap    0x0000000020001558      0xcb0 ./Middlewares/Third_Party/FreeRTOS/Source/portable/MemMang/heap_4.o
 .bss.xStart    0x0000000020002208        0x8 ./Middlewares/Third_Party/FreeRTOS/Source/portable/MemMang/heap_4.o
 .bss.pxEnd     0x0000000020002210        0x4 ./Middlewares/Third_Party/FreeRTOS/Source/portable/MemMang/heap_4.o
 .bss.xFreeBytesRemaining
                0x0000000020002214        0x4 ./Middlewares/Third_Party/FreeRTOS/Source/portable/MemMang/heap_4.o
 .bss.xMinimumEverFreeBytesRemaining
                0x0000000020002218        0x4 ./Middlewares/Third_Party/FreeRTOS/Source/portable/MemMang/heap_4.o
 .bss.xBlockAllocatedBit
                0x000000002000221c        0x4 ./Middlewares/Third_Party/FreeRTOS/Source/portable/MemMang/heap_4.o
 .bss.__malloc_free_list
                0x0000000020002220        0x4 c:/st/stm32cubeide_1.12.1/stm32cubeide/plugins/com.st.stm32cube.ide.mcu.externaltools.gnu-tools-for-stm32.10.3-2021.10.win32_1.0.200.202301161003/tools/bin/../lib/gcc/arm-none-eabi/10.3.1/../../../../arm-none-eabi/lib/thumb/v6-m/nofp\libc_nano.a(lib_a-nano-mallocr.o)
                0x0000000020002220                __malloc_free_list
 .bss.__malloc_sbrk_start
                0x0000000020002224        0x4 c:/st/stm32cubeide_1.12.1/stm32cubeide/plugins/com.st.stm32cube.ide.mcu.externaltools.gnu-tools-for-stm32.10.3-2021.10.win32_1.0.200.202301161003/tools/bin/../lib/gcc/arm-none-eabi/10.3.1/../../../../arm-none-eabi/lib/thumb/v6-m/nofp\libc_nano.a(lib_a-nano-mallocr.o)
                0x0000000020002224                __malloc_sbrk_start
 .bss.errno     0x0000000020002228        0x4 c:/st/stm32cubeide_1.12.1/stm32cubeide/plugins/com.st.stm32cube.ide.mcu.externaltools.gnu-tools-for-stm32.10.3-2021.10.win32_1.0.200.202301161003/tools/bin/../lib/gcc/arm-none-eabi/10.3.1/../../../../arm-none-eabi/lib/thumb/v6-m/nofp\libc_nano.a(lib_a-reent.o)
                0x0000000020002228                errno
 .bss.__lock___malloc_recursive_mutex
                0x000000002000222c        0x1 c:/st/stm32cubeide_1.12.1/stm32cubeide/plugins/com.st.stm32cube.ide.mcu.externaltools.gnu-tools-for-stm32.10.3-2021.10.win32_1.0.200.202301161003/tools/bin/../lib/gcc/arm-none-eabi/10.3.1/../../../../arm-none-eabi/lib/thumb/v6-m/nofp\libc_nano.a(lib_a-lock.o)
                0x000000002000222c                __lock___malloc_recursive_mutex
 *(COMMON)
                0x0000000020002230                . = ALIGN (0x4)
 *fill*         0x000000002000222d        0x3 
                0x0000000020002230                _ebss = .
                0x0000000020002230                __bss_end__ = _ebss

._user_heap_stack
                0x0000000020002230      0x600 load address 0x000000000800e43c
                0x0000000020002230                . = ALIGN (0x8)
                [!provide]                        PROVIDE (end = .)
                0x0000000020002230                PROVIDE (_end = .)
                0x0000000020002430                . = (. + _Min_Heap_Size)
 *fill*         0x0000000020002230      0x200 
                0x0000000020002830                . = (. + _Min_Stack_Size)
 *fill*         0x0000000020002430      0x400 
                0x0000000020002830                . = ALIGN (0x8)

/DISCARD/
 libc.a(*)
 libm.a(*)
 libgcc.a(*)

.ARM.attributes
                0x0000000000000000       0x28
 *(.ARM.attributes)
 .ARM.attributes
                0x0000000000000000       0x1e c:/st/stm32cubeide_1.12.1/stm32cubeide/plugins/com.st.stm32cube.ide.mcu.externaltools.gnu-tools-for-stm32.10.3-2021.10.win32_1.0.200.202301161003/tools/bin/../lib/gcc/arm-none-eabi/10.3.1/thumb/v6-m/nofp/crti.o
 .ARM.attributes
                0x000000000000001e       0x2c c:/st/stm32cubeide_1.12.1/stm32cubeide/plugins/com.st.stm32cube.ide.mcu.externaltools.gnu-tools-for-stm32.10.3-2021.10.win32_1.0.200.202301161003/tools/bin/../lib/gcc/arm-none-eabi/10.3.1/thumb/v6-m/nofp/crtbegin.o
 .ARM.attributes
                0x000000000000004a       0x2c ./Core/Src/RC522_RFID.o
 .ARM.attributes
                0x0000000000000076       0x2c ./Core/Src/ble.o
 .ARM.attributes
                0x00000000000000a2       0x2c ./Core/Src/eeprom.o
 .ARM.attributes
                0x00000000000000ce       0x2c ./Core/Src/main.o
 .ARM.attributes
                0x00000000000000fa       0x2c ./Core/Src/ssd1306.o
 .ARM.attributes
                0x0000000000000126       0x2c ./Core/Src/ssd1306_fonts.o
 .ARM.attributes
                0x0000000000000152       0x2c ./Core/Src/ssd1306_service.o
 .ARM.attributes
                0x000000000000017e       0x2c ./Core/Src/stm32f0xx_hal_msp.o
 .ARM.attributes
                0x00000000000001aa       0x2c ./Core/Src/stm32f0xx_it.o
 .ARM.attributes
                0x00000000000001d6       0x2c ./Core/Src/sysmem.o
 .ARM.attributes
                0x0000000000000202       0x2c ./Core/Src/system_stm32f0xx.o
 .ARM.attributes
                0x000000000000022e       0x2c ./Core/Src/temp_sensor.o
 .ARM.attributes
                0x000000000000025a       0x21 ./Core/Startup/startup_stm32f070rbtx.o
 .ARM.attributes
                0x000000000000027b       0x2c ./Drivers/STM32F0xx_HAL_Driver/Src/stm32f0xx_hal.o
 .ARM.attributes
                0x00000000000002a7       0x2c ./Drivers/STM32F0xx_HAL_Driver/Src/stm32f0xx_hal_cortex.o
 .ARM.attributes
                0x00000000000002d3       0x2c ./Drivers/STM32F0xx_HAL_Driver/Src/stm32f0xx_hal_dma.o
 .ARM.attributes
                0x00000000000002ff       0x2c ./Drivers/STM32F0xx_HAL_Driver/Src/stm32f0xx_hal_gpio.o
 .ARM.attributes