Archive member included to satisfy reference by file (symbol)

c:/st/stm32cubeide_1.12.1/stm32cubeide/plugins/com.st.stm32cube.ide.mcu.externaltools.gnu-tools-for-stm32.10.3-2021.10.win32_1.0.200.202301161003/tools/bin/../lib/gcc/arm-none-eabi/10.3.1/../../../../arm-none-eabi/lib/thumb/v6-m/nofp\libc_nano.a(lib_a-errno.o)
                              ./Core/Src/syscalls.o (__errno)
c:/st/stm32cubeide_1.12.1/stm32cubeide/plugins/com.st.stm32cube.ide.mcu.externaltools.gnu-tools-for-stm32.10.3-2021.10.win32_1.0.200.202301161003/tools/bin/../lib/gcc/arm-none-eabi/10.3.1/../../../../arm-none-eabi/lib/thumb/v6-m/nofp\libc_nano.a(lib_a-exit.o)
                              c:/st/stm32cubeide_1.12.1/stm32cubeide/plugins/com.st.stm32cube.ide.mcu.externaltools.gnu-tools-for-stm32.10.3-2021.10.win32_1.0.200.202301161003/tools/bin/../lib/gcc/arm-none-eabi/10.3.1/../../../../arm-none-eabi/lib/thumb/v6-m/nofp/crt0.o (exit)
c:/st/stm32cubeide_1.12.1/stm32cubeide/plugins/com.st.stm32cube.ide.mcu.externaltools.gnu-tools-for-stm32.10.3-2021.10.win32_1.0.200.202301161003/tools/bin/../lib/gcc/arm-none-eabi/10.3.1/../../../../arm-none-eabi/lib/thumb/v6-m/nofp\libc_nano.a(lib_a-impure.o)
                              c:/st/stm32cubeide_1.12.1/stm32cubeide/plugins/com.st.stm32cube.ide.mcu.externaltools.gnu-tools-for-stm32.10.3-2021.10.win32_1.0.200.202301161003/tools/bin/../lib/gcc/arm-none-eabi/10.3.1/../../../../arm-none-eabi/lib/thumb/v6-m/nofp\libc_nano.a(lib_a-exit.o) (_global_impure_ptr)
c:/st/stm32cubeide_1.12.1/stm32cubeide/plugins/com.st.stm32cube.ide.mcu.externaltools.gnu-tools-for-stm32.10.3-2021.10.win32_1.0.200.202301161003/tools/bin/../lib/gcc/arm-none-eabi/10.3.1/../../../../arm-none-eabi/lib/thumb/v6-m/nofp\libc_nano.a(lib_a-init.o)
                              c:/st/stm32cubeide_1.12.1/stm32cubeide/plugins/com.st.stm32cube.ide.mcu.externaltools.gnu-tools-for-stm32.10.3-2021.10.win32_1.0.200.202301161003/tools/bin/../lib/gcc/arm-none-eabi/10.3.1/../../../../arm-none-eabi/lib/thumb/v6-m/nofp/crt0.o (__libc_init_array)
c:/st/stm32cubeide_1.12.1/stm32cubeide/plugins/com.st.stm32cube.ide.mcu.externaltools.gnu-tools-for-stm32.10.3-2021.10.win32_1.0.200.202301161003/tools/bin/../lib/gcc/arm-none-eabi/10.3.1/../../../../arm-none-eabi/lib/thumb/v6-m/nofp\libc_nano.a(lib_a-memcpy-stub.o)
                              ./Core/Src/ssd1306.o (memcpy)
c:/st/stm32cubeide_1.12.1/stm32cubeide/plugins/com.st.stm32cube.ide.mcu.externaltools.gnu-tools-for-stm32.10.3-2021.10.win32_1.0.200.202301161003/tools/bin/../lib/gcc/arm-none-eabi/10.3.1/../../../../arm-none-eabi/lib/thumb/v6-m/nofp\libc_nano.a(lib_a-memmove.o)
                              ./Core/Src/ssd1306_tests.o (memmove)
c:/st/stm32cubeide_1.12.1/stm32cubeide/plugins/com.st.stm32cube.ide.mcu.externaltools.gnu-tools-for-stm32.10.3-2021.10.win32_1.0.200.202301161003/tools/bin/../lib/gcc/arm-none-eabi/10.3.1/../../../../arm-none-eabi/lib/thumb/v6-m/nofp\libc_nano.a(lib_a-memset.o)
                              c:/st/stm32cubeide_1.12.1/stm32cubeide/plugins/com.st.stm32cube.ide.mcu.externaltools.gnu-tools-for-stm32.10.3-2021.10.win32_1.0.200.202301161003/tools/bin/../lib/gcc/arm-none-eabi/10.3.1/../../../../arm-none-eabi/lib/thumb/v6-m/nofp/crt0.o (memset)
c:/st/stm32cubeide_1.12.1/stm32cubeide/plugins/com.st.stm32cube.ide.mcu.externaltools.gnu-tools-for-stm32.10.3-2021.10.win32_1.0.200.202301161003/tools/bin/../lib/gcc/arm-none-eabi/10.3.1/../../../../arm-none-eabi/lib/thumb/v6-m/nofp\libc_nano.a(lib_a-snprintf.o)
                              ./Core/Src/ssd1306_tests.o (snprintf)
c:/st/stm32cubeide_1.12.1/stm32cubeide/plugins/com.st.stm32cube.ide.mcu.externaltools.gnu-tools-for-stm32.10.3-2021.10.win32_1.0.200.202301161003/tools/bin/../lib/gcc/arm-none-eabi/10.3.1/../../../../arm-none-eabi/lib/thumb/v6-m/nofp\libc_nano.a(lib_a-nano-svfprintf.o)
                              c:/st/stm32cubeide_1.12.1/stm32cubeide/plugins/com.st.stm32cube.ide.mcu.externaltools.gnu-tools-for-stm32.10.3-2021.10.win32_1.0.200.202301161003/tools/bin/../lib/gcc/arm-none-eabi/10.3.1/../../../../arm-none-eabi/lib/thumb/v6-m/nofp\libc_nano.a(lib_a-snprintf.o) (_svfprintf_r)
c:/st/stm32cubeide_1.12.1/stm32cubeide/plugins/com.st.stm32cube.ide.mcu.externaltools.gnu-tools-for-stm32.10.3-2021.10.win32_1.0.200.202301161003/tools/bin/../lib/gcc/arm-none-eabi/10.3.1/../../../../arm-none-eabi/lib/thumb/v6-m/nofp\libc_nano.a(lib_a-nano-vfprintf_i.o)
                              c:/st/stm32cubeide_1.12.1/stm32cubeide/plugins/com.st.stm32cube.ide.mcu.externaltools.gnu-tools-for-stm32.10.3-2021.10.win32_1.0.200.202301161003/tools/bin/../lib/gcc/arm-none-eabi/10.3.1/../../../../arm-none-eabi/lib/thumb/v6-m/nofp\libc_nano.a(lib_a-nano-svfprintf.o) (_printf_i)
[...]
Memory Configuration

Name             Origin             Length             Attributes
RAM              0x0000000020000000 0x0000000000004000 xrw
FLASH            0x0000000008000000 0x0000000000020000 xr
*default*        0x0000000000000000 0xffffffffffffffff

Linker script and memory map

LOAD c:/st/stm32cubeide_1.12.1/stm32cubeide/plugins/com.st.stm32cube.ide.mcu.externaltools.gnu-tools-for-stm32.10.3-2021.10.win32_1.0.200.202301161003/tools/bin/../lib/gcc/arm-none-eabi/10.3.1/thumb/v6-m/nofp/crti.o
LOAD c:/st/stm32cubeide_1.12.1/stm32cubeide/plugins/com.st.stm32cube.ide.mcu.externaltools.gnu-tools-for-stm32.10.3-2021.10.win32_1.0.200.202301161003/tools/bin/../lib/gcc/arm-none-eabi/10.3.1/thumb/v6-m/nofp/crtbegin.o
LOAD c:/st/stm32cubeide_1.12.1/stm32cubeide/plugins/com.st.stm32cube.ide.mcu.externaltools.gnu-tools-for-stm32.10.3-2021.10.win32_1.0.200.202301161003/tools/bin/../lib/gcc/arm-none-eabi/10.3.1/../../../../arm-none-eabi/lib/thumb/v6-m/nofp/crt0.o
LOAD ./Core/Src/main.o
LOAD ./Core/Src/ssd1306.o
LOAD ./Core/Src/ssd1306_fonts.o
LOAD ./Core/Src/ssd1306_tests.o
LOAD ./Core/Src/stm32f0xx_hal_msp.o
LOAD ./Core/Src/stm32f0xx_it.o
LOAD ./Core/Src/syscalls.o
LOAD ./Core/Src/sysmem.o
LOAD ./Core/Src/system_stm32f0xx.o
LOAD ./Core/Startup/startup_stm32f070rbtx.o
LOAD ./Drivers/STM32F0xx_HAL_Driver/Src/stm32f0xx_hal.o
LOAD ./Drivers/STM32F0xx_HAL_Driver/Src/stm32f0xx_hal_cortex.o
LOAD ./Drivers/STM32F0xx_HAL_Driver/Src/stm32f0xx_hal_dma.o
LOAD ./Drivers/STM32F0xx_HAL_Driver/Src/stm32f0xx_hal_exti.o
LOAD ./Drivers/STM32F0xx_HAL_Driver/Src/stm32f0xx_hal_flash.o
LOAD ./Drivers/STM32F0xx_HAL_Driver/Src/stm32f0xx_hal_flash_ex.o
LOAD ./Drivers/STM32F0xx_HAL_Driver/Src/stm32f0xx_hal_gpio.o
LOAD ./Drivers/STM32F0xx_HAL_Driver/Src/stm32f0xx_hal_i2c.o
LOAD ./Drivers/STM32F0xx_HAL_Driver/Src/stm32f0xx_hal_i2c_ex.o
LOAD ./Drivers/STM32F0xx_HAL_Driver/Src/stm32f0xx_hal_pwr.o
LOAD ./Drivers/STM32F0xx_HAL_Driver/Src/stm32f0xx_hal_pwr_ex.o
LOAD ./Drivers/STM32F0xx_HAL_Driver/Src/stm32f0xx_hal_rcc.o
LOAD ./Drivers/STM32F0xx_HAL_Driver/Src/stm32f0xx_hal_rcc_ex.o
LOAD ./Drivers/STM32F0xx_HAL_Driver/Src/stm32f0xx_hal_tim.o
LOAD ./Drivers/STM32F0xx_HAL_Driver/Src/stm32f0xx_hal_tim_ex.o
LOAD ./Drivers/STM32F0xx_HAL_Driver/Src/stm32f0xx_hal_uart.o
LOAD ./Drivers/STM32F0xx_HAL_Driver/Src/stm32f0xx_hal_uart_ex.o
START GROUP
LOAD c:/st/stm32cubeide_1.12.1/stm32cubeide/plugins/com.st.stm32cube.ide.mcu.externaltools.gnu-tools-for-stm32.10.3-2021.10.win32_1.0.200.202301161003/tools/bin/../lib/gcc/arm-none-eabi/10.3.1/../../../../arm-none-eabi/lib/thumb/v6-m/nofp\libc_nano.a
LOAD c:/st/stm32cubeide_1.12.1/stm32cubeide/plugins/com.st.stm32cube.ide.mcu.externaltools.gnu-tools-for-stm32.10.3-2021.10.win32_1.0.200.202301161003/tools/bin/../lib/gcc/arm-none-eabi/10.3.1/../../../../arm-none-eabi/lib/thumb/v6-m/nofp\libm.a
END GROUP
START GROUP
LOAD c:/st/stm32cubeide_1.12.1/stm32cubeide/plugins/com.st.stm32cube.ide.mcu.externaltools.gnu-tools-for-stm32.10.3-2021.10.win32_1.0.200.202301161003/tools/bin/../lib/gcc/arm-none-eabi/10.3.1/thumb/v6-m/nofp\libgcc.a
LOAD c:/st/stm32cubeide_1.12.1/stm32cubeide/plugins/com.st.stm32cube.ide.mcu.externaltools.gnu-tools-for-stm32.10.3-2021.10.win32_1.0.200.202301161003/tools/bin/../lib/gcc/arm-none-eabi/10.3.1/../../../../arm-none-eabi/lib/thumb/v6-m/nofp\libc_nano.a
END GROUP
START GROUP
LOAD c:/st/stm32cubeide_1.12.1/stm32cubeide/plugins/com.st.stm32cube.ide.mcu.externaltools.gnu-tools-for-stm32.10.3-2021.10.win32_1.0.200.202301161003/tools/bin/../lib/gcc/arm-none-eabi/10.3.1/thumb/v6-m/nofp\libgcc.a
LOAD c:/st/stm32cubeide_1.12.1/stm32cubeide/plugins/com.st.stm32cube.ide.mcu.externaltools.gnu-tools-for-stm32.10.3-2021.10.win32_1.0.200.202301161003/tools/bin/../lib/gcc/arm-none-eabi/10.3.1/../../../../arm-none-eabi/lib/thumb/v6-m/nofp\libc_nano.a
LOAD c:/st/stm32cubeide_1.12.1/stm32cubeide/plugins/com.st.stm32cube.ide.mcu.externaltools.gnu-tools-for-stm32.10.3-2021.10.win32_1.0.200.202301161003/tools/bin/../lib/gcc/arm-none-eabi/10.3.1/../../../../arm-none-eabi/lib/thumb/v6-m/nofp\libnosys.a
END GROUP
START GROUP
LOAD c:/st/stm32cubeide_1.12.1/stm32cubeide/plugins/com.st.stm32cube.ide.mcu.externaltools.gnu-tools-for-stm32.10.3-2021.10.win32_1.0.200.202301161003/tools/bin/../lib/gcc/arm-none-eabi/10.3.1/thumb/v6-m/nofp\libgcc.a
LOAD c:/st/stm32cubeide_1.12.1/stm32cubeide/plugins/com.st.stm32cube.ide.mcu.externaltools.gnu-tools-for-stm32.10.3-2021.10.win32_1.0.200.202301161003/tools/bin/../lib/gcc/arm-none-eabi/10.3.1/../../../../arm-none-eabi/lib/thumb/v6-m/nofp\libc_nano.a
LOAD c:/st/stm32cubeide_1.12.1/stm32cubeide/plugins/com.st.stm32cube.ide.mcu.externaltools.gnu-tools-for-stm32.10.3-2021.10.win32_1.0.200.202301161003/tools/bin/../lib/gcc/arm-none-eabi/10.3.1/../../../../arm-none-eabi/lib/thumb/v6-m/nofp\libnosys.a
END GROUP
LOAD c:/st/stm32cubeide_1.12.1/stm32cubeide/plugins/com.st.stm32cube.ide.mcu.externaltools.gnu-tools-for-stm32.10.3-2021.10.win32_1.0.200.202301161003/tools/bin/../lib/gcc/arm-none-eabi/10.3.1/thumb/v6-m/nofp/crtend.o
LOAD c:/st/stm32cubeide_1.12.1/stm32cubeide/plugins/com.st.stm32cube.ide.mcu.externaltools.gnu-tools-for-stm32.10.3-2021.10.win32_1.0.200.202301161003/tools/bin/../lib/gcc/arm-none-eabi/10.3.1/thumb/v6-m/nofp/crtn.o
                0x0000000020004000                _estack = (ORIGIN (RAM) + LENGTH (RAM))
                0x0000000000000200                _Min_Heap_Size = 0x200
                0x0000000000000400                _Min_Stack_Size = 0x400

.isr_vector     0x0000000008000000       0xc0
                0x0000000008000000                . = ALIGN (0x4)
 *(.isr_vector)
 .isr_vector    0x0000000008000000       0xc0 ./Core/Startup/startup_stm32f070rbtx.o
                0x0000000008000000                g_pfnVectors
                0x00000000080000c0                . = ALIGN (0x4)

.text           0x00000000080000c0     0x2ddc
                0x00000000080000c0                . = ALIGN (0x4)
 *(.text)
 .text          0x00000000080000c0       0x48 c:/st/stm32cubeide_1.12.1/stm32cubeide/plugins/com.st.stm32cube.ide.mcu.externaltools.gnu-tools-for-stm32.10.3-2021.10.win32_1.0.200.202301161003/tools/bin/../lib/gcc/arm-none-eabi/10.3.1/thumb/v6-m/nofp/crtbegin.o
 .text          0x0000000008000108      0x114 c:/st/stm32cubeide_1.12.1/stm32cubeide/plugins/com.st.stm32cube.ide.mcu.externaltools.gnu-tools-for-stm32.10.3-2021.10.win32_1.0.200.202301161003/tools/bin/../lib/gcc/arm-none-eabi/10.3.1/thumb/v6-m/nofp\libgcc.a(_udivsi3.o)
                0x0000000008000108                __aeabi_uidiv
                0x0000000008000108                __udivsi3
                0x0000000008000214                __aeabi_uidivmod
 .text          0x000000000800021c        0x4 c:/st/stm32cubeide_1.12.1/stm32cubeide/plugins/com.st.stm32cube.ide.mcu.externaltools.gnu-tools-for-stm32.10.3-2021.10.win32_1.0.200.202301161003/tools/bin/../lib/gcc/arm-none-eabi/10.3.1/thumb/v6-m/nofp\libgcc.a(_dvmd_tls.o)
                0x000000000800021c                __aeabi_idiv0
                0x000000000800021c                __aeabi_ldiv0
 *(.text*)
 .text.main     0x0000000008000220       0x22 ./Core/Src/main.o
                0x0000000008000220                main
 .text.SystemClock_Config
                0x0000000008000242       0xc4 ./Core/Src/main.o
                0x0000000008000242                SystemClock_Config
 *fill*         0x0000000008000306        0x2 
 .text.MX_I2C1_Init
                0x0000000008000308       0x80 ./Core/Src/main.o
 .text.MX_USART2_UART_Init
                0x0000000008000388       0x60 ./Core/Src/main.o
 .text.MX_GPIO_Init
                0x00000000080003e8       0xf0 ./Core/Src/main.o
 .text.Error_Handler
                0x00000000080004d8        0xa ./Core/Src/main.o
                0x00000000080004d8                Error_Handler
 .text.ssd1306_Reset
                0x00000000080004e2        0xa ./Core/Src/ssd1306.o
                0x00000000080004e2                ssd1306_Reset
 .text.ssd1306_WriteCommand
                0x00000000080004ec       0x34 ./Core/Src/ssd1306.o
                0x00000000080004ec                ssd1306_WriteCommand
 .text.ssd1306_WriteData
                0x0000000008000520       0x34 ./Core/Src/ssd1306.o
                0x0000000008000520                ssd1306_WriteData
 .text.ssd1306_Init
                0x0000000008000554       0xd8 ./Core/Src/ssd1306.o
                0x0000000008000554                ssd1306_Init
 .text.ssd1306_Fill
                0x000000000800062c       0x34 ./Core/Src/ssd1306.o
                0x000000000800062c                ssd1306_Fill
 .text.ssd1306_UpdateScreen
                0x0000000008000660       0x5c ./Core/Src/ssd1306.o
                0x0000000008000660                ssd1306_UpdateScreen
 .text.ssd1306_DrawPixel
                0x00000000080006bc       0xc4 ./Core/Src/ssd1306.o
                0x00000000080006bc                ssd1306_DrawPixel
 .text.ssd1306_WriteChar
                0x0000000008000780      0x154 ./Core/Src/ssd1306.o
                0x0000000008000780                ssd1306_WriteChar
 .text.ssd1306_WriteString
                0x00000000080008d4       0x56 ./Core/Src/ssd1306.o
                0x00000000080008d4                ssd1306_WriteString
 *fill*         0x000000000800092a        0x2 
 .text.ssd1306_SetCursor
                0x000000000800092c       0x34 ./Core/Src/ssd1306.o
                0x000000000800092c                ssd1306_SetCursor
 .text.ssd1306_SetContrast
                0x0000000008000960       0x30 ./Core/Src/ssd1306.o
                0x0000000008000960                ssd1306_SetContrast
 .text.ssd1306_SetDisplayOn
                0x0000000008000990       0x4c ./Core/Src/ssd1306.o
                0x0000000008000990                ssd1306_SetDisplayOn
 .text.printScreen
                0x00000000080009dc       0x5c ./Core/Src/ssd1306_tests.o
                0x00000000080009dc                printScreen
 .text.HAL_MspInit
                0x0000000008000a38       0x48 ./Core/Src/stm32f0xx_hal_msp.o
                0x0000000008000a38                HAL_MspInit
 .text.HAL_I2C_MspInit
                0x0000000008000a80       0x9c ./Core/Src/stm32f0xx_hal_msp.o
                0x0000000008000a80                HAL_I2C_MspInit
 .text.HAL_UART_MspInit
                0x0000000008000b1c       0x98 ./Core/Src/stm32f0xx_hal_msp.o
                0x0000000008000b1c                HAL_UART_MspInit
 .text.NMI_Handler
                0x0000000008000bb4        0x6 ./Core/Src/stm32f0xx_it.o
                0x0000000008000bb4                NMI_Handler
 .text.HardFault_Handler
                0x0000000008000bba        0x6 ./Core/Src/stm32f0xx_it.o
                0x0000000008000bba                HardFault_Handler
 .text.SVC_Handler
                0x0000000008000bc0        0xa ./Core/Src/stm32f0xx_it.o
                0x0000000008000bc0                SVC_Handler
 .text.PendSV_Handler
                0x0000000008000bca        0xa ./Core/Src/stm32f0xx_it.o
                0x0000000008000bca                PendSV_Handler
 .text.SysTick_Handler
                0x0000000008000bd4        0xe ./Core/Src/stm32f0xx_it.o
                0x0000000008000bd4                SysTick_Handler
 .text.SystemInit
                0x0000000008000be2        0xa ./Core/Src/system_stm32f0xx.o
                0x0000000008000be2                SystemInit
 .text.Reset_Handler
                0x0000000008000bec       0x50 ./Core/Startup/startup_stm32f070rbtx.o
                0x0000000008000bec                Reset_Handler
 .text.Default_Handler
                0x0000000008000c3c        0x2 ./Core/Startup/startup_stm32f070rbtx.o
                0x0000000008000c3c                TIM1_CC_IRQHandler
                0x0000000008000c3c                TIM6_IRQHandler
                0x0000000008000c3c                I2C1_IRQHandler
                0x0000000008000c3c                SPI1_IRQHandler
                0x0000000008000c3c                USART3_4_IRQHandler
                0x0000000008000c3c                EXTI2_3_IRQHandler
                0x0000000008000c3c                ADC1_IRQHandler
                0x0000000008000c3c                I2C2_IRQHandler
                0x0000000008000c3c                TIM17_IRQHandler
                0x0000000008000c3c                RTC_IRQHandler
                0x0000000008000c3c                TIM16_IRQHandler
                0x0000000008000c3c                TIM3_IRQHandler
                0x0000000008000c3c                EXTI4_15_IRQHandler
                0x0000000008000c3c                RCC_IRQHandler
                0x0000000008000c3c                DMA1_Channel1_IRQHandler
                0x0000000008000c3c                Default_Handler
                0x0000000008000c3c                TIM14_IRQHandler
                0x0000000008000c3c                DMA1_Channel4_5_IRQHandler
                0x0000000008000c3c                TIM7_IRQHandler
                0x0000000008000c3c                TIM15_IRQHandler
                0x0000000008000c3c                EXTI0_1_IRQHandler
                0x0000000008000c3c                USB_IRQHandler
                0x0000000008000c3c                SPI2_IRQHandler
                0x0000000008000c3c                WWDG_IRQHandler
                0x0000000008000c3c                DMA1_Channel2_3_IRQHandler
                0x0000000008000c3c                USART2_IRQHandler
                0x0000000008000c3c                FLASH_IRQHandler
                0x0000000008000c3c                USART1_IRQHandler
                0x0000000008000c3c                TIM1_BRK_UP_TRG_COM_IRQHandler
 *fill*         0x0000000008000c3e        0x2 
 .text.HAL_Init
                0x0000000008000c40       0x28 ./Drivers/STM32F0xx_HAL_Driver/Src/stm32f0xx_hal.o
                0x0000000008000c40                HAL_Init
 .text.HAL_InitTick
                0x0000000008000c68       0x68 ./Drivers/STM32F0xx_HAL_Driver/Src/stm32f0xx_hal.o
                0x0000000008000c68                HAL_InitTick
 .text.HAL_IncTick
                0x0000000008000cd0       0x24 ./Drivers/STM32F0xx_HAL_Driver/Src/stm32f0xx_hal.o
                0x0000000008000cd0                HAL_IncTick
 .text.HAL_GetTick
                0x0000000008000cf4       0x14 ./Drivers/STM32F0xx_HAL_Driver/Src/stm32f0xx_hal.o
                0x0000000008000cf4                HAL_GetTick
 .text.HAL_Delay
                0x0000000008000d08       0x48 ./Drivers/STM32F0xx_HAL_Driver/Src/stm32f0xx_hal.o
                0x0000000008000d08                HAL_Delay
 .text.__NVIC_SetPriority
                0x0000000008000d50       0xdc ./Drivers/STM32F0xx_HAL_Driver/Src/stm32f0xx_hal_cortex.o
 .text.SysTick_Config
                0x0000000008000e2c       0x48 ./Drivers/STM32F0xx_HAL_Driver/Src/stm32f0xx_hal_cortex.o
 .text.HAL_NVIC_SetPriority
                0x0000000008000e74       0x2a ./Drivers/STM32F0xx_HAL_Driver/Src/stm32f0xx_hal_cortex.o
                0x0000000008000e74                HAL_NVIC_SetPriority
 .text.HAL_SYSTICK_Config
                0x0000000008000e9e       0x1a ./Drivers/STM32F0xx_HAL_Driver/Src/stm32f0xx_hal_cortex.o
                0x0000000008000e9e                HAL_SYSTICK_Config
 .text.HAL_GPIO_Init
                0x0000000008000eb8      0x2e0 ./Drivers/STM32F0xx_HAL_Driver/Src/stm32f0xx_hal_gpio.o
                0x0000000008000eb8                HAL_GPIO_Init
 .text.HAL_GPIO_WritePin
                0x0000000008001198       0x3a ./Drivers/STM32F0xx_HAL_Driver/Src/stm32f0xx_hal_gpio.o
                0x0000000008001198                HAL_GPIO_WritePin
 *fill*         0x00000000080011d2        0x2 
 .text.HAL_I2C_Init
                0x00000000080011d4      0x14c ./Drivers/STM32F0xx_HAL_Driver/Src/stm32f0xx_hal_i2c.o
                0x00000000080011d4                HAL_I2C_Init
 .text.HAL_I2C_Mem_Write
                0x0000000008001320      0x25c ./Drivers/STM32F0xx_HAL_Driver/Src/stm32f0xx_hal_i2c.o
                0x0000000008001320                HAL_I2C_Mem_Write
 .text.I2C_RequestMemoryWrite
                0x000000000800157c       0xc8 ./Drivers/STM32F0xx_HAL_Driver/Src/stm32f0xx_hal_i2c.o
 .text.I2C_Flush_TXDR
                0x0000000008001644       0x44 ./Drivers/STM32F0xx_HAL_Driver/Src/stm32f0xx_hal_i2c.o
 .text.I2C_WaitOnFlagUntilTimeout
                0x0000000008001688       0xb0 ./Drivers/STM32F0xx_HAL_Driver/Src/stm32f0xx_hal_i2c.o
 .text.I2C_WaitOnTXISFlagUntilTimeout
                0x0000000008001738       0x8c ./Drivers/STM32F0xx_HAL_Driver/Src/stm32f0xx_hal_i2c.o
 .text.I2C_WaitOnSTOPFlagUntilTimeout
                0x00000000080017c4       0x86 ./Drivers/STM32F0xx_HAL_Driver/Src/stm32f0xx_hal_i2c.o
 *fill*         0x000000000800184a        0x2 
 .text.I2C_IsErrorOccurred
                0x000000000800184c      0x200 ./Drivers/STM32F0xx_HAL_Driver/Src/stm32f0xx_hal_i2c.o
 .text.I2C_TransferConfig
                0x0000000008001a4c       0x74 ./Drivers/STM32F0xx_HAL_Driver/Src/stm32f0xx_hal_i2c.o
 .text.HAL_I2CEx_ConfigAnalogFilter
                0x0000000008001ac0       0x98 ./Drivers/STM32F0xx_HAL_Driver/Src/stm32f0xx_hal_i2c_ex.o
                0x0000000008001ac0                HAL_I2CEx_ConfigAnalogFilter
 .text.HAL_I2CEx_ConfigDigitalFilter
                0x0000000008001b58       0x98 ./Drivers/STM32F0xx_HAL_Driver/Src/stm32f0xx_hal_i2c_ex.o
                0x0000000008001b58                HAL_I2CEx_ConfigDigitalFilter
 .text.HAL_RCC_OscConfig
                0x0000000008001bf0      0x63c ./Drivers/STM32F0xx_HAL_Driver/Src/stm32f0xx_hal_rcc.o
                0x0000000008001bf0                HAL_RCC_OscConfig
 .text.HAL_RCC_ClockConfig
                0x000000000800222c      0x19c ./Drivers/STM32F0xx_HAL_Driver/Src/stm32f0xx_hal_rcc.o
                0x000000000800222c                HAL_RCC_ClockConfig
 .text.HAL_RCC_GetSysClockFreq
                0x00000000080023c8       0xb0 ./Drivers/STM32F0xx_HAL_Driver/Src/stm32f0xx_hal_rcc.o
                0x00000000080023c8                HAL_RCC_GetSysClockFreq
 .text.HAL_RCC_GetHCLKFreq
                0x0000000008002478       0x14 ./Drivers/STM32F0xx_HAL_Driver/Src/stm32f0xx_hal_rcc.o
                0x0000000008002478                HAL_RCC_GetHCLKFreq
 .text.HAL_RCC_GetPCLK1Freq
                0x000000000800248c       0x2c ./Drivers/STM32F0xx_HAL_Driver/Src/stm32f0xx_hal_rcc.o
                0x000000000800248c                HAL_RCC_GetPCLK1Freq
 .text.HAL_RCCEx_PeriphCLKConfig
                0x00000000080024b8      0x1bc ./Drivers/STM32F0xx_HAL_Driver/Src/stm32f0xx_hal_rcc_ex.o
                0x00000000080024b8                HAL_RCCEx_PeriphCLKConfig
 .text.HAL_UART_Init
                0x0000000008002674       0xa8 ./Drivers/STM32F0xx_HAL_Driver/Src/stm32f0xx_hal_uart.o
                0x0000000008002674                HAL_UART_Init
 .text.UART_SetConfig
                0x000000000800271c      0x2b0 ./Drivers/STM32F0xx_HAL_Driver/Src/stm32f0xx_hal_uart.o
                0x000000000800271c                UART_SetConfig
 .text.UART_AdvFeatureConfig
                0x00000000080029cc      0x168 ./Drivers/STM32F0xx_HAL_Driver/Src/stm32f0xx_hal_uart.o
                0x00000000080029cc                UART_AdvFeatureConfig
 .text.UART_CheckIdleState
                0x0000000008002b34      0x150 ./Drivers/STM32F0xx_HAL_Driver/Src/stm32f0xx_hal_uart.o
                0x0000000008002b34                UART_CheckIdleState
 .text.UART_WaitOnFlagUntilTimeout
                0x0000000008002c84       0xde ./Drivers/STM32F0xx_HAL_Driver/Src/stm32f0xx_hal_uart.o
                0x0000000008002c84                UART_WaitOnFlagUntilTimeout
 *fill*         0x0000000008002d62        0x2 
 .text.UART_EndRxTransfer
                0x0000000008002d64       0xc8 ./Drivers/STM32F0xx_HAL_Driver/Src/stm32f0xx_hal_uart.o
 .text.__libc_init_array
                0x0000000008002e2c       0x48 c:/st/stm32cubeide_1.12.1/stm32cubeide/plugins/com.st.stm32cube.ide.mcu.externaltools.gnu-tools-for-stm32.10.3-2021.10.win32_1.0.200.202301161003/tools/bin/../lib/gcc/arm-none-eabi/10.3.1/../../../../arm-none-eabi/lib/thumb/v6-m/nofp\libc_nano.a(lib_a-init.o)
                0x0000000008002e2c                __libc_init_array
 .text.memset   0x0000000008002e74       0x10 c:/st/stm32cubeide_1.12.1/stm32cubeide/plugins/com.st.stm32cube.ide.mcu.externaltools.gnu-tools-for-stm32.10.3-2021.10.win32_1.0.200.202301161003/tools/bin/../lib/gcc/arm-none-eabi/10.3.1/../../../../arm-none-eabi/lib/thumb/v6-m/nofp\libc_nano.a(lib_a-memset.o)
                0x0000000008002e74                memset
 *(.glue_7)
 .glue_7        0x0000000008002e84        0x0 linker stubs
 *(.glue_7t)
 .glue_7t       0x0000000008002e84        0x0 linker stubs
 *(.eh_frame)
 .eh_frame      0x0000000008002e84        0x0 c:/st/stm32cubeide_1.12.1/stm32cubeide/plugins/com.st.stm32cube.ide.mcu.externaltools.gnu-tools-for-stm32.10.3-2021.10.win32_1.0.200.202301161003/tools/bin/../lib/gcc/arm-none-eabi/10.3.1/thumb/v6-m/nofp/crtbegin.o
 *(.init)
 .init          0x0000000008002e84        0x4 c:/st/stm32cubeide_1.12.1/stm32cubeide/plugins/com.st.stm32cube.ide.mcu.externaltools.gnu-tools-for-stm32.10.3-2021.10.win32_1.0.200.202301161003/tools/bin/../lib/gcc/arm-none-eabi/10.3.1/thumb/v6-m/nofp/crti.o
                0x0000000008002e84                _init
 .init          0x0000000008002e88        0x8 c:/st/stm32cubeide_1.12.1/stm32cubeide/plugins/com.st.stm32cube.ide.mcu.externaltools.gnu-tools-for-stm32.10.3-2021.10.win32_1.0.200.202301161003/tools/bin/../lib/gcc/arm-none-eabi/10.3.1/thumb/v6-m/nofp/crtn.o
 *(.fini)
 .fini          0x0000000008002e90        0x4 c:/st/stm32cubeide_1.12.1/stm32cubeide/plugins/com.st.stm32cube.ide.mcu.externaltools.gnu-tools-for-stm32.10.3-2021.10.win32_1.0.200.202301161003/tools/bin/../lib/gcc/arm-none-eabi/10.3.1/thumb/v6-m/nofp/crti.o
                0x0000000008002e90                _fini
 .fini          0x0000000008002e94        0x8 c:/st/stm32cubeide_1.12.1/stm32cubeide/plugins/com.st.stm32cube.ide.mcu.externaltools.gnu-tools-for-stm32.10.3-2021.10.win32_1.0.200.202301161003/tools/bin/../lib/gcc/arm-none-eabi/10.3.1/thumb/v6-m/nofp/crtn.o
                0x0000000008002e9c                . = ALIGN (0x4)
                0x0000000008002e9c                _etext = .

.vfp11_veneer   0x0000000008002e9c        0x0
 .vfp11_veneer  0x0000000008002e9c        0x0 linker stubs

.v4_bx          0x0000000008002e9c        0x0
 .v4_bx         0x0000000008002e9c        0x0 linker stubs

.iplt           0x0000000008002e9c        0x0
 .iplt          0x0000000008002e9c        0x0 c:/st/stm32cubeide_1.12.1/stm32cubeide/plugins/com.st.stm32cube.ide.mcu.externaltools.gnu-tools-for-stm32.10.3-2021.10.win32_1.0.200.202301161003/tools/bin/../lib/gcc/arm-none-eabi/10.3.1/thumb/v6-m/nofp/crtbegin.o

.rodata         0x0000000008002e9c     0x1a08
                0x0000000008002e9c                . = ALIGN (0x4)
 *(.rodata)
 .rodata        0x0000000008002e9c       0xd8 ./Core/Src/ssd1306_tests.o
 *(.rodata*)
 .rodata.Font11x18
                0x0000000008002f74      0xd5c ./Core/Src/ssd1306_fonts.o
 .rodata.Font16x15
                0x0000000008003cd0      0xb22 ./Core/Src/ssd1306_fonts.o
 *fill*         0x00000000080047f2        0x2 
 .rodata.char_width
                0x00000000080047f4       0x5f ./Core/Src/ssd1306_fonts.o
 *fill*         0x0000000008004853        0x1 
 .rodata.Font_11x18
                0x0000000008004854        0xc ./Core/Src/ssd1306_fonts.o
                0x0000000008004854                Font_11x18
 .rodata.Font_16x15
                0x0000000008004860        0xc ./Core/Src/ssd1306_fonts.o
                0x0000000008004860                Font_16x15
 .rodata.AHBPrescTable
                0x000000000800486c       0x10 ./Core/Src/system_stm32f0xx.o
                0x000000000800486c                AHBPrescTable
 .rodata.APBPrescTable
                0x000000000800487c        0x8 ./Core/Src/system_stm32f0xx.o
                0x000000000800487c                APBPrescTable
 .rodata.aPLLMULFactorTable.1
                0x0000000008004884       0x10 ./Drivers/STM32F0xx_HAL_Driver/Src/stm32f0xx_hal_rcc.o
 .rodata.aPredivFactorTable.0
                0x0000000008004894       0x10 ./Drivers/STM32F0xx_HAL_Driver/Src/stm32f0xx_hal_rcc.o
                0x00000000080048a4                . = ALIGN (0x4)

.rel.dyn        0x00000000080048a4        0x0
 .rel.iplt      0x00000000080048a4        0x0 c:/st/stm32cubeide_1.12.1/stm32cubeide/plugins/com.st.stm32cube.ide.mcu.externaltools.gnu-tools-for-stm32.10.3-2021.10.win32_1.0.200.202301161003/tools/bin/../lib/gcc/arm-none-eabi/10.3.1/thumb/v6-m/nofp/crtbegin.o

.ARM.extab      0x00000000080048a4        0x0
                0x00000000080048a4                . = ALIGN (0x4)
 *(.ARM.extab* .gnu.linkonce.armextab.*)
                0x00000000080048a4                . = ALIGN (0x4)

.ARM            0x00000000080048a4        0x0
                0x00000000080048a4                . = ALIGN (0x4)
                0x00000000080048a4                __exidx_start = .
 *(.ARM.exidx*)
                0x00000000080048a4                __exidx_end = .
                0x00000000080048a4                . = ALIGN (0x4)

.preinit_array  0x00000000080048a4        0x0
                0x00000000080048a4                . = ALIGN (0x4)
                0x00000000080048a4                PROVIDE (__preinit_array_start = .)
 *(.preinit_array*)
                0x00000000080048a4                PROVIDE (__preinit_array_end = .)
                0x00000000080048a4                . = ALIGN (0x4)

.init_array     0x00000000080048a4        0x4
                0x00000000080048a4                . = ALIGN (0x4)
                0x00000000080048a4                PROVIDE (__init_array_start = .)
 *(SORT_BY_NAME(.init_array.*))
 *(.init_array*)
 .init_array    0x00000000080048a4        0x4 c:/st/stm32cubeide_1.12.1/stm32cubeide/plugins/com.st.stm32cube.ide.mcu.externaltools.gnu-tools-for-stm32.10.3-2021.10.win32_1.0.200.202301161003/tools/bin/../lib/gcc/arm-none-eabi/10.3.1/thumb/v6-m/nofp/crtbegin.o
                0x00000000080048a8                PROVIDE (__init_array_end = .)
                0x00000000080048a8                . = ALIGN (0x4)

.fini_array     0x00000000080048a8        0x4
                0x00000000080048a8                . = ALIGN (0x4)
                [!provide]                        PROVIDE (__fini_array_start = .)
 *(SORT_BY_NAME(.fini_array.*))
 *(.fini_array*)
 .fini_array    0x00000000080048a8        0x4 c:/st/stm32cubeide_1.12.1/stm32cubeide/plugins/com.st.stm32cube.ide.mcu.externaltools.gnu-tools-for-stm32.10.3-2021.10.win32_1.0.200.202301161003/tools/bin/../lib/gcc/arm-none-eabi/10.3.1/thumb/v6-m/nofp/crtbegin.o
                [!provide]                        PROVIDE (__fini_array_end = .)
                0x00000000080048ac                . = ALIGN (0x4)
                0x00000000080048ac                _sidata = LOADADDR (.data)

.data           0x0000000020000000        0xc load address 0x00000000080048ac
                0x0000000020000000                . = ALIGN (0x4)
                0x0000000020000000                _sdata = .
 *(.data)
 *(.data*)
 .data.SystemCoreClock
                0x0000000020000000        0x4 ./Core/Src/system_stm32f0xx.o
                0x0000000020000000                SystemCoreClock
 .data.uwTickPrio
                0x0000000020000004        0x4 ./Drivers/STM32F0xx_HAL_Driver/Src/stm32f0xx_hal.o
                0x0000000020000004                uwTickPrio
 .data.uwTickFreq
                0x0000000020000008        0x1 ./Drivers/STM32F0xx_HAL_Driver/Src/stm32f0xx_hal.o
                0x0000000020000008                uwTickFreq
 *(.RamFunc)
 *(.RamFunc*)
                0x000000002000000c                . = ALIGN (0x4)
 *fill*         0x0000000020000009        0x3 
                0x000000002000000c                _edata = .

.igot.plt       0x000000002000000c        0x0 load address 0x00000000080048b8
 .igot.plt      0x000000002000000c        0x0 c:/st/stm32cubeide_1.12.1/stm32cubeide/plugins/com.st.stm32cube.ide.mcu.externaltools.gnu-tools-for-stm32.10.3-2021.10.win32_1.0.200.202301161003/tools/bin/../lib/gcc/arm-none-eabi/10.3.1/thumb/v6-m/nofp/crtbegin.o
                0x000000002000000c                . = ALIGN (0x4)

.bss            0x000000002000000c      0x504 load address 0x00000000080048b8
                0x000000002000000c                _sbss = .
                0x000000002000000c                __bss_start__ = _sbss
 *(.bss)
 .bss           0x000000002000000c       0x1c c:/st/stm32cubeide_1.12.1/stm32cubeide/plugins/com.st.stm32cube.ide.mcu.externaltools.gnu-tools-for-stm32.10.3-2021.10.win32_1.0.200.202301161003/tools/bin/../lib/gcc/arm-none-eabi/10.3.1/thumb/v6-m/nofp/crtbegin.o
 *(.bss*)
 .bss.hi2c1     0x0000000020000028       0x54 ./Core/Src/main.o
                0x0000000020000028                hi2c1
 .bss.huart2    0x000000002000007c       0x88 ./Core/Src/main.o
                0x000000002000007c                huart2
 .bss.SSD1306_Buffer
                0x0000000020000104      0x400 ./Core/Src/ssd1306.o
 .bss.SSD1306   0x0000000020000504        0x6 ./Core/Src/ssd1306.o
 *fill*         0x000000002000050a        0x2 
 .bss.uwTick    0x000000002000050c        0x4 ./Drivers/STM32F0xx_HAL_Driver/Src/stm32f0xx_hal.o
                0x000000002000050c                uwTick
 *(COMMON)
                0x0000000020000510                . = ALIGN (0x4)
                0x0000000020000510                _ebss = .
                0x0000000020000510                __bss_end__ = _ebss

._user_heap_stack
                0x0000000020000510      0x600 load address 0x00000000080048b8
                0x0000000020000510                . = ALIGN (0x8)
                [!provide]                        PROVIDE (end = .)
                0x0000000020000510                PROVIDE (_end = .)
                0x0000000020000710                . = (. + _Min_Heap_Size)
 *fill*         0x0000000020000510      0x200 
                0x0000000020000b10                . = (. + _Min_Stack_Size)
 *fill*         0x0000000020000710      0x400 
                0x0000000020000b10                . = ALIGN (0x8)

/DISCARD/
 libc.a(*)
 libm.a(*)
 libgcc.a(*)

.ARM.attributes
                0x0000000000000000       0x28
 *(.ARM.attributes)
 .ARM.attributes
                0x0000000000000000       0x1e c:/st/stm32cubeide_1.12.1/stm32cubeide/plugins/com.st.stm32cube.ide.mcu.externaltools.gnu-tools-for-stm32.10.3-2021.10.win32_1.0.200.202301161003/tools/bin/../lib/gcc/arm-none-eabi/10.3.1/thumb/v6-m/nofp/crti.o
 .ARM.attributes
                0x000000000000001e       0x2c c:/st/stm32cubeide_1.12.1/stm32cubeide/plugins/com.st.stm32cube.ide.mcu.externaltools.gnu-tools-for-stm32.10.3-2021.10.win32_1.0.200.202301161003/tools/bin/../lib/gcc/arm-none-eabi/10.3.1/thumb/v6-m/nofp/crtbegin.o
 .ARM.attributes
                0x000000000000004a       0x2c ./Core/Src/main.o
 .ARM.attributes
                0x0000000000000076       0x2c ./Core/Src/ssd1306.o
 .ARM.attributes
                0x00000000000000a2       0x2c ./Core/Src/ssd1306_fonts.o
 .ARM.attributes
                0x00000000000000ce       0x2c ./Core/Src/ssd1306_tests.o
 .ARM.attributes
                0x00000000000000fa       0x2c ./Core/Src/stm32f0xx_hal_msp.o
 .ARM.attributes
                0x0000000000000126       0x2c ./Core/Src/stm32f0xx_it.o
 .ARM.attributes
                0x0000000000000152       0x2c ./Core/Src/system_stm32f0xx.o
 .ARM.attributes
                0x000000000000017e       0x21 ./Core/Startup/startup_stm32f070rbtx.o
 .ARM.attributes
                0x000000000000019f       0x2c ./Drivers/STM32F0xx_HAL_Driver/Src/stm32f0xx_hal.o
 .ARM.attributes
                0x00000000000001cb       0x2c ./Drivers/STM32F0xx_HAL_Driver/Src/stm32f0xx_hal_cortex.o
 .ARM.attributes
                0x00000000000001f7       0x2c ./Drivers/STM32F0xx_HAL_Driver/Src/stm32f0xx_hal_gpio.o
 .ARM.attributes
                0x0000000000000223       0x2c ./Drivers/STM32F0xx_HAL_Driver/Src/stm32f0xx_hal_i2c.o
 .ARM.attributes
                0x000000000000024f       0x2c ./Drivers/STM32F0xx_HAL_Driver/Src/stm32f0xx_hal_i2c_ex.o
 .ARM.attributes
                0x000000000000027b       0x2c ./Drivers/STM32F0xx_HAL_Driver/Src/stm32f0xx_hal_rcc.o
 .ARM.attributes
                0x00000000000002a7       0x2c ./Drivers/STM32F0xx_HAL_Driver/Src/stm32f0xx_hal_rcc_ex.o
 .ARM.attributes
                0x00000000000002d3       0x2c ./Drivers/STM32F0xx_HAL_Driver/Src/stm32f0xx_hal_uart.o
 .ARM.attributes
                0x00000000000002ff       0x2c c:/st/stm32cubeide_1.12.1/stm32cubeide/plugins/com.st.stm32cube.ide.mcu.externaltools.gnu-tools-for-stm32.10.3-2021.10.win32_1.0.200.202301161003/tools/bin/../lib/gcc/arm-none-eabi/10.3.1/../../../../arm-none-eabi/lib/thumb/v6-m/nofp\libc_nano.a(lib_a-init.o)
 .ARM.attributes
                0x000000000000032b       0x2c c:/st/stm32cubeide_1.12.1/stm32cubeide/plugins/com.st.stm32cube.ide.mcu.externaltools.gnu-tools-for-stm32.10.3-2021.10.win32_1.0.200.202301161003/tools/bin/../lib/gcc/arm-none-eabi/10.3.1/../../../../arm-none-eabi/lib/thumb/v6-m/nofp\libc_nano.a(lib_a-memset.o)
 .ARM.attributes
                0x0000000000000357       0x1e c:/st/stm32cubeide_1.12.1/stm32cubeide/plugins/com.st.stm32cube.ide.mcu.externaltools.gnu-tools-for-stm32.10.3-2021.10.win32_1.0.200.202301161003/tools/bin/../lib/gcc/arm-none-eabi/10.3.1/thumb/v6-m/nofp\libgcc.a(_udivsi3.o)
 .ARM.attributes
                0x0000000000000375       0x1e c:/st/stm32cubeide_1.12.1/stm32cubeide/plugins/com.st.stm32cube.ide.mcu.externaltools.gnu-tools-for-stm32.10.3-2021.10.win32_1.0.200.202301161003/tools/bin/../lib/gcc/arm-none-eabi/10.3.1/thumb/v6-m/nofp\libgcc.a(_dvmd_tls.o)
 .ARM.attributes
                0x0000000000000393       0x1e c:/st/stm32cubeide_1.12.1/stm32cubeide/plugins/com.st.stm32cube.ide.mcu.externaltools.gnu-tools-for-stm32.10.3-2021.10.win32_1.0.200.202301161003/tools/bin/../lib/gcc/arm-none-eabi/10.3.1/thumb/v6-m/nofp/crtn.o
OUTPUT(oled1306_i2c.elf elf32-littlearm)
LOAD linker stubs
LOAD c:/st/stm32cubeide_1.12.1/stm32cubeide/plugins/com.st.stm32cube.ide.mcu.externaltools.gnu-tools-for-stm32.10.3-2021.10.win32_1.0.200.202301161003/tools/bin/../lib/gcc/arm-none-eabi/10.3.1/../../../../arm-none-eabi/lib/thumb/v6-m/nofp\libc.a
LOAD c:/st/stm32cubeide_1.12.1/stm32cubeide/plugins/com.st.stm32cube.ide.mcu.externaltools.gnu-tools-for-stm32.10.3-2021.10.win32_1.0.200.202301161003/tools/bin/../lib/gcc/arm-none-eabi/10.3.1/../../../../arm-none-eabi/lib/thumb/v6-m/nofp\libm.a
LOAD c:/st/stm32cubeide_1.12.1/stm32cubeide/plugins/com.st.stm32cube.ide.mcu.externaltools.gnu-tools-for-stm32.10.3-2021.10.win32_1.0.200.202301161003/tools/bin/../lib/gcc/arm-none-eabi/10.3.1/thumb/v6-m/nofp\libgcc.a

.debug_info     0x0000000000000000     0xc5a1
 .debug_info    0x0000000000000000      0xfbd ./Core/Src/main.o
 .debug_info    0x0000000000000fbd     0x1360 ./Core/Src/ssd1306.o
 .debug_info    0x000000000000231d      0x2cb ./Core/Src/ssd1306_fonts.o
 .debug_info    0x00000000000025e8      0x72c ./Core/Src/ssd1306_tests.o
 .debug_info    0x0000000000002d14      0xcfd ./Core/Src/stm32f0xx_hal_msp.o
 .debug_info    0x0000000000003a11       0xda ./Core/Src/stm32f0xx_it.o
 .debug_info    0x0000000000003aeb      0x269 ./Core/Src/system_stm32f0xx.o
 .debug_info    0x0000000000003d54       0x22 ./Core/Startup/startup_stm32f070rbtx.o
 .debug_info    0x0000000000003d76      0x6cd ./Drivers/STM32F0xx_HAL_Driver/Src/stm32f0xx_hal.o
 .debug_info    0x0000000000004443      0x70b ./Drivers/STM32F0xx_HAL_Driver/Src/stm32f0xx_hal_cortex.o
 .debug_info    0x0000000000004b4e      0x614 ./Drivers/STM32F0xx_HAL_Driver/Src/stm32f0xx_hal_gpio.o
 .debug_info    0x0000000000005162     0x22ea ./Drivers/STM32F0xx_HAL_Driver/Src/stm32f0xx_hal_i2c.o
 .debug_info    0x000000000000744c      0x854 ./Drivers/STM32F0xx_HAL_Driver/Src/stm32f0xx_hal_i2c_ex.o
 .debug_info    0x0000000000007ca0      0x88c ./Drivers/STM32F0xx_HAL_Driver/Src/stm32f0xx_hal_rcc.o
 .debug_info    0x000000000000852c      0x3b9 ./Drivers/STM32F0xx_HAL_Driver/Src/stm32f0xx_hal_rcc_ex.o
 .debug_info    0x00000000000088e5     0x3cbc ./Drivers/STM32F0xx_HAL_Driver/Src/stm32f0xx_hal_uart.o

.debug_abbrev   0x0000000000000000     0x1db0
 .debug_abbrev  0x0000000000000000      0x2c1 ./Core/Src/main.o
 .debug_abbrev  0x00000000000002c1      0x350 ./Core/Src/ssd1306.o
 .debug_abbrev  0x0000000000000611       0xc7 ./Core/Src/ssd1306_fonts.o
 .debug_abbrev  0x00000000000006d8      0x25b ./Core/Src/ssd1306_tests.o
 .debug_abbrev  0x0000000000000933      0x1a6 ./Core/Src/stm32f0xx_hal_msp.o
 .debug_abbrev  0x0000000000000ad9       0x74 ./Core/Src/stm32f0xx_it.o
 .debug_abbrev  0x0000000000000b4d      0x116 ./Core/Src/system_stm32f0xx.o
 .debug_abbrev  0x0000000000000c63       0x12 ./Core/Startup/startup_stm32f070rbtx.o
 .debug_abbrev  0x0000000000000c75      0x23f ./Drivers/STM32F0xx_HAL_Driver/Src/stm32f0xx_hal.o
 .debug_abbrev  0x0000000000000eb4      0x283 ./Drivers/STM32F0xx_HAL_Driver/Src/stm32f0xx_hal_cortex.o
 .debug_abbrev  0x0000000000001137      0x1bb ./Drivers/STM32F0xx_HAL_Driver/Src/stm32f0xx_hal_gpio.o
 .debug_abbrev  0x00000000000012f2      0x25b ./Drivers/STM32F0xx_HAL_Driver/Src/stm32f0xx_hal_i2c.o
 .debug_abbrev  0x000000000000154d      0x1c1 ./Drivers/STM32F0xx_HAL_Driver/Src/stm32f0xx_hal_i2c_ex.o
 .debug_abbrev  0x000000000000170e      0x283 ./Drivers/STM32F0xx_HAL_Driver/Src/stm32f0xx_hal_rcc.o
 .debug_abbrev  0x0000000000001991      0x169 ./Drivers/STM32F0xx_HAL_Driver/Src/stm32f0xx_hal_rcc_ex.o
 .debug_abbrev  0x0000000000001afa      0x2b6 ./Drivers/STM32F0xx_HAL_Driver/Src/stm32f0xx_hal_uart.o

.debug_aranges  0x0000000000000000      0xa30
 .debug_aranges
                0x0000000000000000       0x48 ./Core/Src/main.o
 .debug_aranges
                0x0000000000000048       0xe8 ./Core/Src/ssd1306.o
 .debug_aranges
                0x0000000000000130       0x18 ./Core/Src/ssd1306_fonts.o
 .debug_aranges
                0x0000000000000148       0x90 ./Core/Src/ssd1306_tests.o
 .debug_aranges
                0x00000000000001d8       0x40 ./Core/Src/stm32f0xx_hal_msp.o
 .debug_aranges
                0x0000000000000218       0x40 ./Core/Src/stm32f0xx_it.o
 .debug_aranges
                0x0000000000000258       0x28 ./Core/Src/system_stm32f0xx.o
 .debug_aranges
                0x0000000000000280       0x28 ./Core/Startup/startup_stm32f070rbtx.o
 .debug_aranges
                0x00000000000002a8       0xd0 ./Drivers/STM32F0xx_HAL_Driver/Src/stm32f0xx_hal.o
 .debug_aranges
                0x0000000000000378       0xc0 ./Drivers/STM32F0xx_HAL_Driver/Src/stm32f0xx_hal_cortex.o
 .debug_aranges
                0x0000000000000438       0x58 ./Drivers/STM32F0xx_HAL_Driver/Src/stm32f0xx_hal_gpio.o
 .debug_aranges
                0x0000000000000490      0x2a0 ./Drivers/STM32F0xx_HAL_Driver/Src/stm32f0xx_hal_i2c.o
 .debug_aranges
                0x0000000000000730       0x38 ./Drivers/STM32F0xx_HAL_Driver/Src/stm32f0xx_hal_i2c_ex.o
 .debug_aranges
                0x0000000000000768       0x80 ./Drivers/STM32F0xx_HAL_Driver/Src/stm32f0xx_hal_rcc.o
 .debug_aranges
                0x00000000000007e8       0x30 ./Drivers/STM32F0xx_HAL_Driver/Src/stm32f0xx_hal_rcc_ex.o
 .debug_aranges
                0x0000000000000818      0x218 ./Drivers/STM32F0xx_HAL_Driver/Src/stm32f0xx_hal_uart.o

.debug_ranges   0x0000000000000000      0x960
 .debug_ranges  0x0000000000000000       0x38 ./Core/Src/main.o
 .debug_ranges  0x0000000000000038       0xd8 ./Core/Src/ssd1306.o
 .debug_ranges  0x0000000000000110       0x80 ./Core/Src/ssd1306_tests.o
 .debug_ranges  0x0000000000000190       0x30 ./Core/Src/stm32f0xx_hal_msp.o
 .debug_ranges  0x00000000000001c0       0x30 ./Core/Src/stm32f0xx_it.o
 .debug_ranges  0x00000000000001f0       0x18 ./Core/Src/system_stm32f0xx.o
 .debug_ranges  0x0000000000000208       0x20 ./Core/Startup/startup_stm32f070rbtx.o
 .debug_ranges  0x0000000000000228       0xc0 ./Drivers/STM32F0xx_HAL_Driver/Src/stm32f0xx_hal.o
 .debug_ranges  0x00000000000002e8       0xb0 ./Drivers/STM32F0xx_HAL_Driver/Src/stm32f0xx_hal_cortex.o
 .debug_ranges  0x0000000000000398       0x48 ./Drivers/STM32F0xx_HAL_Driver/Src/stm32f0xx_hal_gpio.o
 .debug_ranges  0x00000000000003e0      0x290 ./Drivers/STM32F0xx_HAL_Driver/Src/stm32f0xx_hal_i2c.o
 .debug_ranges  0x0000000000000670       0x28 ./Drivers/STM32F0xx_HAL_Driver/Src/stm32f0xx_hal_i2c_ex.o
 .debug_ranges  0x0000000000000698       0x70 ./Drivers/STM32F0xx_HAL_Driver/Src/stm32f0xx_hal_rcc.o
 .debug_ranges  0x0000000000000708       0x20 ./Drivers/STM32F0xx_HAL_Driver/Src/stm32f0xx_hal_rcc_ex.o
 .debug_ranges  0x0000000000000728      0x238 ./Drivers/STM32F0xx_HAL_Driver/Src/stm32f0xx_hal_uart.o

.debug_macro    0x0000000000000000    0x1113a
 .debug_macro   0x0000000000000000      0x372 ./Core/Src/main.o
 .debug_macro   0x0000000000000372      0xa4e ./Core/Src/main.o
 .debug_macro   0x0000000000000dc0      0x12d ./Core/Src/main.o
 .debug_macro   0x0000000000000eed       0x2e ./Core/Src/main.o
 .debug_macro   0x0000000000000f1b       0x22 ./Core/Src/main.o
 .debug_macro   0x0000000000000f3d       0x22 ./Core/Src/main.o
 .debug_macro   0x0000000000000f5f       0x8e ./Core/Src/main.o
 .debug_macro   0x0000000000000fed       0x51 ./Core/Src/main.o
 .debug_macro   0x000000000000103e      0x103 ./Core/Src/main.o
 .debug_macro   0x0000000000001141       0x6a ./Core/Src/main.o
 .debug_macro   0x00000000000011ab      0x1df ./Core/Src/main.o
 .debug_macro   0x000000000000138a       0x1c ./Core/Src/main.o
 .debug_macro   0x00000000000013a6       0x22 ./Core/Src/main.o
 .debug_macro   0x00000000000013c8       0xaf ./Core/Src/main.o
 .debug_macro   0x0000000000001477      0x391 ./Core/Src/main.o
 .debug_macro   0x0000000000001808     0x765c ./Core/Src/main.o
 .debug_macro   0x0000000000008e64       0x66 ./Core/Src/main.o
 .debug_macro   0x0000000000008eca     0x34da ./Core/Src/main.o
 .debug_macro   0x000000000000c3a4      0x174 ./Core/Src/main.o
 .debug_macro   0x000000000000c518       0x55 ./Core/Src/main.o
 .debug_macro   0x000000000000c56d      0x924 ./Core/Src/main.o
 .debug_macro   0x000000000000ce91      0x289 ./Core/Src/main.o
 .debug_macro   0x000000000000d11a      0x1ae ./Core/Src/main.o
 .debug_macro   0x000000000000d2c8      0x130 ./Core/Src/main.o
 .debug_macro   0x000000000000d3f8      0x1a0 ./Core/Src/main.o
 .debug_macro   0x000000000000d598      0x1f4 ./Core/Src/main.o
 .debug_macro   0x000000000000d78c       0x34 ./Core/Src/main.o
 .debug_macro   0x000000000000d7c0       0x43 ./Core/Src/main.o
 .debug_macro   0x000000000000d803       0x28 ./Core/Src/main.o
 .debug_macro   0x000000000000d82b       0xb0 ./Core/Src/main.o
 .debug_macro   0x000000000000d8db      0x217 ./Core/Src/main.o
 .debug_macro   0x000000000000daf2      0x22c ./Core/Src/main.o
 .debug_macro   0x000000000000dd1e       0x61 ./Core/Src/main.o
 .debug_macro   0x000000000000dd7f       0xa5 ./Core/Src/main.o
 .debug_macro   0x000000000000de24       0x4c ./Core/Src/main.o
 .debug_macro   0x000000000000de70       0x49 ./Core/Src/main.o
 .debug_macro   0x000000000000deb9      0x56d ./Core/Src/main.o
 .debug_macro   0x000000000000e426       0x44 ./Core/Src/main.o
 .debug_macro   0x000000000000e46a      0x11b ./Core/Src/main.o
 .debug_macro   0x000000000000e585       0x7c ./Core/Src/main.o
 .debug_macro   0x000000000000e601       0x52 ./Core/Src/main.o
 .debug_macro   0x000000000000e653       0x18 ./Core/Src/main.o
 .debug_macro   0x000000000000e66b       0x3c ./Core/Src/main.o
 .debug_macro   0x000000000000e6a7       0x34 ./Core/Src/main.o
 .debug_macro   0x000000000000e6db       0x46 ./Core/Src/main.o
 .debug_macro   0x000000000000e721       0x4c ./Core/Src/main.o
 .debug_macro   0x000000000000e76d       0x16 ./Core/Src/main.o
 .debug_macro   0x000000000000e783       0x43 ./Core/Src/main.o
 .debug_macro   0x000000000000e7c6       0x34 ./Core/Src/main.o
 .debug_macro   0x000000000000e7fa       0x10 ./Core/Src/main.o
 .debug_macro   0x000000000000e80a       0x58 ./Core/Src/main.o
 .debug_macro   0x000000000000e862       0x71 ./Core/Src/main.o
 .debug_macro   0x000000000000e8d3       0x1c ./Core/Src/main.o
 .debug_macro   0x000000000000e8ef      0x12a ./Core/Src/main.o
 .debug_macro   0x000000000000ea19      0x341 ./Core/Src/main.o
 .debug_macro   0x000000000000ed5a       0x10 ./Core/Src/main.o
 .debug_macro   0x000000000000ed6a       0x35 ./Core/Src/main.o
 .debug_macro   0x000000000000ed9f       0x20 ./Core/Src/main.o
 .debug_macro   0x000000000000edbf       0x1c ./Core/Src/main.o
 .debug_macro   0x000000000000eddb       0x10 ./Core/Src/main.o
 .debug_macro   0x000000000000edeb       0x10 ./Core/Src/main.o
 .debug_macro   0x000000000000edfb       0x1c ./Core/Src/main.o
 .debug_macro   0x000000000000ee17       0x52 ./Core/Src/main.o
 .debug_macro   0x000000000000ee69       0x22 ./Core/Src/main.o
 .debug_macro   0x000000000000ee8b       0x10 ./Core/Src/main.o
 .debug_macro   0x000000000000ee9b       0x52 ./Core/Src/main.o
 .debug_macro   0x000000000000eeed       0xd5 ./Core/Src/main.o
 .debug_macro   0x000000000000efc2       0x1c ./Core/Src/main.o
 .debug_macro   0x000000000000efde       0x3d ./Core/Src/main.o
 .debug_macro   0x000000000000f01b       0x16 ./Core/Src/main.o
 .debug_macro   0x000000000000f031      0x145 ./Core/Src/main.o
 .debug_macro   0x000000000000f176      0x2d9 ./Core/Src/ssd1306.o
 .debug_macro   0x000000000000f44f       0x28 ./Core/Src/ssd1306.o
 .debug_macro   0x000000000000f477      0x19b ./Core/Src/ssd1306.o
 .debug_macro   0x000000000000f612       0x16 ./Core/Src/ssd1306.o
 .debug_macro   0x000000000000f628       0x16 ./Core/Src/ssd1306.o
 .debug_macro   0x000000000000f63e       0x29 ./Core/Src/ssd1306.o
 .debug_macro   0x000000000000f667       0x16 ./Core/Src/ssd1306.o
 .debug_macro   0x000000000000f67d      0x204 ./Core/Src/ssd1306_fonts.o
 .debug_macro   0x000000000000f881      0x36b ./Core/Src/ssd1306_tests.o
 .debug_macro   0x000000000000fbec       0x4c ./Core/Src/ssd1306_tests.o
 .debug_macro   0x000000000000fc38       0x94 ./Core/Src/ssd1306_tests.o
 .debug_macro   0x000000000000fccc       0x57 ./Core/Src/ssd1306_tests.o
 .debug_macro   0x000000000000fd23       0x4f ./Core/Src/ssd1306_tests.o
 .debug_macro   0x000000000000fd72      0x1bd ./Core/Src/stm32f0xx_hal_msp.o
 .debug_macro   0x000000000000ff2f      0x1c7 ./Core/Src/stm32f0xx_it.o
 .debug_macro   0x00000000000100f6      0x1ae ./Core/Src/system_stm32f0xx.o
 .debug_macro   0x00000000000102a4      0x1d2 ./Drivers/STM32F0xx_HAL_Driver/Src/stm32f0xx_hal.o
 .debug_macro   0x0000000000010476      0x1ae ./Drivers/STM32F0xx_HAL_Driver/Src/stm32f0xx_hal_cortex.o
 .debug_macro   0x0000000000010624      0x1b5 ./Drivers/STM32F0xx_HAL_Driver/Src/stm32f0xx_hal_gpio.o
 .debug_macro   0x00000000000107d9      0x27a ./Drivers/STM32F0xx_HAL_Driver/Src/stm32f0xx_hal_i2c.o
 .debug_macro   0x0000000000010a53      0x1ae ./Drivers/STM32F0xx_HAL_Driver/Src/stm32f0xx_hal_i2c_ex.o
 .debug_macro   0x0000000000010c01      0x1c0 ./Drivers/STM32F0xx_HAL_Driver/Src/stm32f0xx_hal_rcc.o
 .debug_macro   0x0000000000010dc1      0x1ae ./Drivers/STM32F0xx_HAL_Driver/Src/stm32f0xx_hal_rcc_ex.o
 .debug_macro   0x0000000000010f6f      0x1cb ./Drivers/STM32F0xx_HAL_Driver/Src/stm32f0xx_hal_uart.o

.debug_line     0x0000000000000000     0xe484
 .debug_line    0x0000000000000000      0xa3b ./Core/Src/main.o
 .debug_line    0x0000000000000a3b     0x10e0 ./Core/Src/ssd1306.o
 .debug_line    0x0000000000001b1b      0x7a3 ./Core/Src/ssd1306_fonts.o
 .debug_line    0x00000000000022be      0xbb3 ./Core/Src/ssd1306_tests.o
 .debug_line    0x0000000000002e71      0x749 ./Core/Src/stm32f0xx_hal_msp.o
 .debug_line    0x00000000000035ba      0x713 ./Core/Src/stm32f0xx_it.o
 .debug_line    0x0000000000003ccd      0x723 ./Core/Src/system_stm32f0xx.o
 .debug_line    0x00000000000043f0       0x89 ./Core/Startup/startup_stm32f070rbtx.o
 .debug_line    0x0000000000004479      0x929 ./Drivers/STM32F0xx_HAL_Driver/Src/stm32f0xx_hal.o
 .debug_line    0x0000000000004da2      0x9d5 ./Drivers/STM32F0xx_HAL_Driver/Src/stm32f0xx_hal_cortex.o
 .debug_line    0x0000000000005777      0xaa4 ./Drivers/STM32F0xx_HAL_Driver/Src/stm32f0xx_hal_gpio.o
 .debug_line    0x000000000000621b     0x3930 ./Drivers/STM32F0xx_HAL_Driver/Src/stm32f0xx_hal_i2c.o
 .debug_line    0x0000000000009b4b      0x7ea ./Drivers/STM32F0xx_HAL_Driver/Src/stm32f0xx_hal_i2c_ex.o
 .debug_line    0x000000000000a335      0xd16 ./Drivers/STM32F0xx_HAL_Driver/Src/stm32f0xx_hal_rcc.o
 .debug_line    0x000000000000b04b      0x8f2 ./Drivers/STM32F0xx_HAL_Driver/Src/stm32f0xx_hal_rcc_ex.o
 .debug_line    0x000000000000b93d     0x2b47 ./Drivers/STM32F0xx_HAL_Driver/Src/stm32f0xx_hal_uart.o

.debug_str      0x0000000000000000    0x62c26
 .debug_str     0x0000000000000000    0x5f979 ./Core/Src/main.o
                                      0x5fd09 (size before relaxing)
 .debug_str     0x000000000005f979      0xd27 ./Core/Src/ssd1306.o
                                      0x5f2df (size before relaxing)
 .debug_str     0x00000000000606a0       0xa9 ./Core/Src/ssd1306_fonts.o
                                      0x5b645 (size before relaxing)
 .debug_str     0x0000000000060749      0x191 ./Core/Src/ssd1306_tests.o
                                      0x5f425 (size before relaxing)
 .debug_str     0x00000000000608da       0x8d ./Core/Src/stm32f0xx_hal_msp.o
                                      0x5ba63 (size before relaxing)
 .debug_str     0x0000000000060967       0x82 ./Core/Src/stm32f0xx_it.o
                                      0x5b289 (size before relaxing)
 .debug_str     0x00000000000609e9       0x8b ./Core/Src/system_stm32f0xx.o
                                      0x5b120 (size before relaxing)
 .debug_str     0x0000000000060a74       0x36 ./Core/Startup/startup_stm32f070rbtx.o
                                         0x75 (size before relaxing)
 .debug_str     0x0000000000060aaa      0x4be ./Drivers/STM32F0xx_HAL_Driver/Src/stm32f0xx_hal.o
                                      0x5b6d5 (size before relaxing)
 .debug_str     0x0000000000060f68      0x1b4 ./Drivers/STM32F0xx_HAL_Driver/Src/stm32f0xx_hal_cortex.o
                                      0x5b4c6 (size before relaxing)
 .debug_str     0x000000000006111c      0x113 ./Drivers/STM32F0xx_HAL_Driver/Src/stm32f0xx_hal_gpio.o
                                      0x5b2c1 (size before relaxing)
 .debug_str     0x000000000006122f      0xe6f ./Drivers/STM32F0xx_HAL_Driver/Src/stm32f0xx_hal_i2c.o
                                      0x5c47e (size before relaxing)
 .debug_str     0x000000000006209e       0x89 ./Drivers/STM32F0xx_HAL_Driver/Src/stm32f0xx_hal_i2c_ex.o
                                      0x5b64f (size before relaxing)
 .debug_str     0x0000000000062127      0x20f ./Drivers/STM32F0xx_HAL_Driver/Src/stm32f0xx_hal_rcc.o
                                      0x5b55c (size before relaxing)
 .debug_str     0x0000000000062336       0x97 ./Drivers/STM32F0xx_HAL_Driver/Src/stm32f0xx_hal_rcc_ex.o
                                      0x5b29a (size before relaxing)
 .debug_str     0x00000000000623cd      0x859 ./Drivers/STM32F0xx_HAL_Driver/Src/stm32f0xx_hal_uart.o
                                      0x5be39 (size before relaxing)

.comment        0x0000000000000000       0x50
 .comment       0x0000000000000000       0x50 ./Core/Src/main.o
                                         0x51 (size before relaxing)
 .comment       0x0000000000000050       0x51 ./Core/Src/ssd1306.o
 .comment       0x0000000000000050       0x51 ./Core/Src/ssd1306_fonts.o
 .comment       0x0000000000000050       0x51 ./Core/Src/ssd1306_tests.o
 .comment       0x0000000000000050       0x51 ./Core/Src/stm32f0xx_hal_msp.o
 .comment       0x0000000000000050       0x51 ./Core/Src/stm32f0xx_it.o
 .comment       0x0000000000000050       0x51 ./Core/Src/system_stm32f0xx.o
 .comment       0x0000000000000050       0x51 ./Drivers/STM32F0xx_HAL_Driver/Src/stm32f0xx_hal.o
 .comment       0x0000000000000050       0x51 ./Drivers/STM32F0xx_HAL_Driver/Src/stm32f0xx_hal_cortex.o
 .comment       0x0000000000000050       0x51 ./Drivers/STM32F0xx_HAL_Driver/Src/stm32f0xx_hal_gpio.o
 .comment       0x0000000000000050       0x51 ./Drivers/STM32F0xx_HAL_Driver/Src/stm32f0xx_hal_i2c.o
 .comment       0x0000000000000050       0x51 ./Drivers/STM32F0xx_HAL_Driver/Src/stm32f0xx_hal_i2c_ex.o
 .comment       0x0000000000000050       0x51 ./Drivers/STM32F0xx_HAL_Driver/Src/stm32f0xx_hal_rcc.o
 .comment       0x0000000000000050       0x51 ./Drivers/STM32F0xx_HAL_Driver/Src/stm32f0xx_hal_rcc_ex.o
 .comment       0x0000000000000050       0x51 ./Drivers/STM32F0xx_HAL_Driver/Src/stm32f0xx_hal_uart.o

.debug_frame    0x0000000000000000     0x2384
 .debug_frame   0x0000000000000000       0xc0 ./Core/Src/main.o
 .debug_frame   0x00000000000000c0      0x36c ./Core/Src/ssd1306.o
 .debug_frame   0x000000000000042c      0x1f0 ./Core/Src/ssd1306_tests.o
 .debug_frame   0x000000000000061c       0xb0 ./Core/Src/stm32f0xx_hal_msp.o
 .debug_frame   0x00000000000006cc       0x9c ./Core/Src/stm32f0xx_it.o
 .debug_frame   0x0000000000000768       0x4c ./Core/Src/system_stm32f0xx.o
 .debug_frame   0x00000000000007b4      0x2a4 ./Drivers/STM32F0xx_HAL_Driver/Src/stm32f0xx_hal.o
 .debug_frame   0x0000000000000a58      0x2a0 ./Drivers/STM32F0xx_HAL_Driver/Src/stm32f0xx_hal_cortex.o
 .debug_frame   0x0000000000000cf8      0x110 ./Drivers/STM32F0xx_HAL_Driver/Src/stm32f0xx_hal_gpio.o
 .debug_frame   0x0000000000000e08      0xa68 ./Drivers/STM32F0xx_HAL_Driver/Src/stm32f0xx_hal_i2c.o
 .debug_frame   0x0000000000001870       0x90 ./Drivers/STM32F0xx_HAL_Driver/Src/stm32f0xx_hal_i2c_ex.o
 .debug_frame   0x0000000000001900      0x198 ./Drivers/STM32F0xx_HAL_Driver/Src/stm32f0xx_hal_rcc.o
 .debug_frame   0x0000000000001a98       0x70 ./Drivers/STM32F0xx_HAL_Driver/Src/stm32f0xx_hal_rcc_ex.o
 .debug_frame   0x0000000000001b08      0x810 ./Drivers/STM32F0xx_HAL_Driver/Src/stm32f0xx_hal_uart.o
 .debug_frame   0x0000000000002318       0x2c c:/st/stm32cubeide_1.12.1/stm32cubeide/plugins/com.st.stm32cube.ide.mcu.externaltools.gnu-tools-for-stm32.10.3-2021.10.win32_1.0.200.202301161003/tools/bin/../lib/gcc/arm-none-eabi/10.3.1/../../../../arm-none-eabi/lib/thumb/v6-m/nofp\libc_nano.a(lib_a-init.o)
 .debug_frame   0x0000000000002344       0x20 c:/st/stm32cubeide_1.12.1/stm32cubeide/plugins/com.st.stm32cube.ide.mcu.externaltools.gnu-tools-for-stm32.10.3-2021.10.win32_1.0.200.202301161003/tools/bin/../lib/gcc/arm-none-eabi/10.3.1/../../../../arm-none-eabi/lib/thumb/v6-m/nofp\libc_nano.a(lib_a-memset.o)
 .debug_frame   0x0000000000002364       0x20 c:/st/stm32cubeide_1.12.1/stm32cubeide/plugins/com.st.stm32cube.ide.mcu.externaltools.gnu-tools-for-stm32.10.3-2021.10.win32_1.0.200.202301161003/tools/bin/../lib/gcc/arm-none-eabi/10.3.1/thumb/v6-m/nofp\libgcc.a(_udivsi3.o)
